01-09 01:25:39.815  3676  9961 D EVENT_THREAD: void CEventThread::trig(void*, uint32_t): out
01-09 01:25:39.815  3676  9961 E StreamManager/ParameterHandler: save: error No such file or directory
01-09 01:25:39.815  3676  3961 D EVENT_THREAD: void CEventThread::run() Do poll with timeout: -1
01-09 01:25:39.817  3684  3684 E tm_logprobe: Unable to create record: No data available
01-09 01:25:39.914  3938  4271 D PowerManagerService-JNI: Excessive delay in setInteractive(true) while turning screen on: 100ms
01-09 01:25:39.914  2695  2695 D SurfaceFlinger: Set power mode=2, type=0 flinger=0xf685c000
01-09 01:25:39.914  2695  2695 I hwc     : HWC_POWER_MODE_NORMAL
01-09 01:25:39.915  2695  2772 D hwc     : Crtc 6 EVENT_RESUME
01-09 01:25:39.916  3938  3979 I DisplayManagerService: Display device changed: DisplayDeviceInfo{"Built-in Screen": uniqueId="local:0", 1280 x 800, 60.000004 fps, supportedRefreshRates [60.000004, 60.000004], density 160, 160.0 x 160.0 dpi, appVsyncOff 7500000, presDeadline 12666666, touch INTERNAL, rotation 0, type BUILT_IN, state ON, FLAG_DEFAULT_DISPLAY, FLAG_ROTATES_WITH_CONTENT, FLAG_SECURE, FLAG_SUPPORTS_PROTECTED_BUFFERS}
01-09 01:25:39.919  3938  3938 V ActivityManager: Display changed displayId=0
01-09 01:25:39.919  3938  3981 I DisplayPowerController: Unblocked screen on after 160 ms
01-09 01:25:39.922  3938  3981 D         : Surface destroy: ANDROID_NATIVE_WINDOW_MAGIC
01-09 01:25:39.948  3938  5171 D WifiService: acquireWifiLockLocked: WifiLock{NlpWifiLock type=2 binder=android.os.BinderProxy@38496a91}
01-09 01:25:40.294  2695  2772 I hwc     : Drm atomic API is available and enabled
01-09 01:25:40.311  2695  2772 E hwc     : Failed to set screen crtc_id 6, enable 1  ret -1/Invalid argument
01-09 01:25:40.313  3684  3684 E tm_logprobe: Unable to create record: No data available
01-09 01:25:40.328  3938  4271 D SurfaceControl: Excessive delay in setPowerMode(): 413ms
01-09 01:25:41.426  3938  4248 E native  : do suspend false
01-09 01:25:41.427  3684  3684 E tm_logprobe: Unable to create record: No data available
01-09 01:25:42.811  3938  5167 D WifiService: releaseWifiLockLocked: WifiLock{NlpWifiLock type=2 binder=android.os.BinderProxy@38496a91}
01-09 01:25:43.585  3938  4412 W ActivityManager: getRunningAppProcesses: caller 10084 does not hold REAL_GET_TASKS; limiting output
01-09 01:25:43.936  3938  3938 I ValidateNoPeople: skipping global notification
01-09 01:25:43.939  3938  3938 I ValidateNoPeople: skipping global notification
01-09 01:25:44.038  4833  4833 D MtpService: updating state; isCurrentUser=true, mMtpLocked=false
01-09 01:25:44.040  4833  4833 D MtpService: addStorageLocked 65537 /storage/emulated/0
01-09 01:25:44.044  4833  4833 D MtpService: updating state; isCurrentUser=true, mMtpLocked=false
01-09 01:25:44.052  4833  4833 D MtpService: starting MTP server in MTP mode
01-09 01:25:44.055  4833  4833 D MtpService: addStorageLocked 65537 /storage/emulated/0
01-09 01:25:45.324  3684  3684 E tm_logprobe: Unable to create record: No data available
01-09 01:25:45.325  3938  3938 I EntropyMixer: Writing entropy...
01-09 01:25:45.329  4923  4923 E NetworkScheduler.SchedulerReceiver: Invalid parameter app
01-09 01:25:45.329  4923  4923 E NetworkScheduler.SchedulerReceiver: Invalid package name : Perhaps you didn't include a PendingIntent in the extras?
01-09 01:25:45.330  3684  3684 E tm_logprobe: Unable to create record: No data available
01-09 01:25:45.331  3684  3684 E tm_logprobe: Unable to create record: No data available
01-09 01:25:45.333  4979  4979 I iu.Environment: update battery state; isPlugged? true*
01-09 01:25:45.336  4979  9180 I iu.UploadsManager: num queued entries: 0
01-09 01:25:45.338  4979  9180 I iu.UploadsManager: num updated entries: 0
01-09 01:25:45.340  4979  9180 I iu.SyncManager: NEXT; no task
01-09 01:25:45.346  5097  5097 I GCoreUlr: Starting service, intent=Intent { act=com.google.android.location.reporting.ACTION_UPDATE_WORLD cmp=com.google.android.gms/com.google.android.location.reporting.service.DispatchingService (has extras) }, extras=Bundle[{receiverAction=android.intent.action.ACTION_POWER_CONNECTED}]
01-09 01:25:45.358  4979 16232 I iu.FingerprintManager: Start processing all media
01-09 01:25:45.360  4979 16232 I iu.FingerprintManager: Start processing media store URI: content://media/external/images/media
01-09 01:25:45.390  5097  5097 I GCoreUlr: DispatchingService.onCreate()
01-09 01:25:45.394  4979 16232 I iu.FingerprintManager: Start processing media store URI: content://media/external/video/media
01-09 01:25:45.416  4979 16232 I iu.FingerprintManager: Start processing media store URI: content://media/phoneStorage/images/media
01-09 01:25:45.426  4979 16232 I iu.FingerprintManager: Start processing media store URI: content://media/phoneStorage/video/media
01-09 01:25:45.429  4979 16232 I iu.FingerprintManager: Finished generating fingerprints; 0.070 seconds
01-09 01:25:45.429  4979 16232 I iu.FingerprintManager:   numSeen=0 numGenerated=0 numDeleted=0 numFailed=0
01-09 01:25:45.509  3938  5167 I art     : Explicit concurrent mark sweep GC freed 74938(4MB) AllocSpace objects, 7(167KB) LOS objects, 33% free, 10MB/16MB, paused 1.159ms total 80.953ms
01-09 01:25:45.533  5097 16234 I GCoreUlr: WorldUpdater received intent Intent { act=com.google.android.location.reporting.ACTION_UPDATE_WORLD cmp=com.google.android.gms/com.google.android.location.reporting.service.DispatchingService (has extras) } with receiverAction android.intent.action.ACTION_POWER_CONNECTED
01-09 01:25:45.563  5097 16234 I GCoreUlr: WorldUpdater:android.intent.action.ACTION_POWER_CONNECTED: Ensuring that reporting is stopped because of reasons: (no Google accounts)
01-09 01:25:45.568  5097 16234 I GCoreUlr: Unbound from all location providers
01-09 01:25:45.586  5097  5097 I GCoreUlr: DispatchingService.onDestroy()
01-09 01:25:45.590  5097  5097 I GCoreUlr: Unbound from all location providers
01-09 01:25:50.024  3684  3684 E tm_logprobe: Unable to create record: No data available
01-09 01:25:50.043  4979  4979 I iu.Environment: update battery state; isPlugged? false*
01-09 01:25:50.045  4979  9180 I iu.UploadsManager: num queued entries: 0
01-09 01:25:50.045  4979  9180 I iu.UploadsManager: num updated entries: 0
01-09 01:25:50.047  4979  9180 I iu.SyncManager: NEXT; no task
01-09 01:25:50.048  5097  5097 I GCoreUlr: Starting service, intent=Intent { act=com.google.android.location.reporting.ACTION_UPDATE_WORLD cmp=com.google.android.gms/com.google.android.location.reporting.service.DispatchingService (has extras) }, extras=Bundle[{receiverAction=android.intent.action.ACTION_POWER_DISCONNECTED}]
01-09 01:25:50.062  5097  5097 I GCoreUlr: DispatchingService.onCreate()
01-09 01:25:50.101  5097 16292 I GCoreUlr: WorldUpdater received intent Intent { act=com.google.android.location.reporting.ACTION_UPDATE_WORLD cmp=com.google.android.gms/com.google.android.location.reporting.service.DispatchingService (has extras) } with receiverAction android.intent.action.ACTION_POWER_DISCONNECTED
01-09 01:25:50.132  5097 16292 I GCoreUlr: WorldUpdater:android.intent.action.ACTION_POWER_DISCONNECTED: Ensuring that reporting is stopped because of reasons: (no Google accounts)
01-09 01:25:50.136  5097 16292 I GCoreUlr: Unbound from all location providers
01-09 01:25:50.158  5097  5097 I GCoreUlr: DispatchingService.onDestroy()
01-09 01:25:50.162  5097  5097 I GCoreUlr: Unbound from all location providers
01-09 01:25:50.929  3938  4074 I PowerManagerService: Going to sleep due to power button (uid 1000)...
01-09 01:25:50.930  3938  3981 I PowerManagerService: Sleeping (uid 1000)...
01-09 01:25:50.930  3938  3938 I Sensors : Sensor 0 (KXCJK-1008 Accelerometer) sampling rate set to 12.5
01-09 01:25:50.930  3684  3684 E tm_logprobe: Unable to create record: No data available
01-09 01:25:50.931  3684  3684 E tm_logprobe: Unable to create record: No data available
01-09 01:25:50.934  3938  3981 D         : Pixel Format : GGL_PIXEL_FORMAT_RGBA_8888
01-09 01:25:50.935  3938  3981 D         : Updating FBO content dimensions 1280x800
01-09 01:25:50.956  3938  3938 I Sensors : Disabling sensor 0 (iio device 1: KXCJK-1008 Accelerometer)
01-09 01:25:50.958  3938  4248 E WifiStateMachine: cancelDelayedScan -> 1091
01-09 01:25:50.961  3684  3684 E tm_logprobe: Unable to create record: No data available
01-09 01:25:50.961  3938  4248 E native  : do suspend true
01-09 01:25:50.963  3684  3684 E tm_logprobe: Unable to create record: No data available
01-09 01:25:50.966  3676  4547 D AudioIntelHal/AudioPlatformState: setParameters: key value pair screen_state=off
01-09 01:25:50.966  3676  4547 D EVENT_THREAD: void CEventThread::trig(void*, uint32_t): in
01-09 01:25:50.966  3676  4547 D EVENT_THREAD: void CEventThread::trig(void*, uint32_t): out
01-09 01:25:50.966  3676  4547 E StreamManager/ParameterHandler: save: error No such file or directory
01-09 01:25:50.967  3676  3961 D EVENT_THREAD: void CEventThread::run() Do poll with timeout: -1
01-09 01:25:50.968  3684  3684 E tm_logprobe: Unable to create record: No data available
01-09 01:25:50.970  4452  4452 D PhoneStatusBar: disable: < expand ICONS alerts SYSTEM_INFO back HOME RECENT clock SEARCH >
01-09 01:25:51.013  3938  3981 D         : Updating FBO content dimensions 1280x800
01-09 01:25:51.432  3938  4248 E WifiStateMachine: WifiStateMachine Disconnected CMD_START_SCAN source -2 1090, 1091 -> obsolete
01-09 01:25:51.433  3684  3684 E tm_logprobe: Unable to create record: No data available
01-09 01:25:51.461  3938  3979 I DisplayManagerService: Display device changed: DisplayDeviceInfo{"Built-in Screen": uniqueId="local:0", 1280 x 800, 60.000004 fps, supportedRefreshRates [60.000004, 60.000004], density 160, 160.0 x 160.0 dpi, appVsyncOff 7500000, presDeadline 12666666, touch INTERNAL, rotation 0, type BUILT_IN, state OFF, FLAG_DEFAULT_DISPLAY, FLAG_ROTATES_WITH_CONTENT, FLAG_SECURE, FLAG_SUPPORTS_PROTECTED_BUFFERS}
01-09 01:25:51.462  2695  2695 D SurfaceFlinger: Set power mode=0, type=0 flinger=0xf685c000
01-09 01:25:51.462  2695  2695 I hwc     : HWC_POWER_MODE_OFF
01-09 01:25:51.463  3938  3938 V ActivityManager: Display changed displayId=0
01-09 01:25:51.476  2695  2772 D hwc     : Crtc 6 EVENT_SUSPEND
01-09 01:25:51.493  2695  2772 E hwc     : Failed to set screen crtc_id 6, enable 0  ret -1/Invalid argument
01-09 01:25:51.494  3684  3684 E tm_logprobe: Unable to create record: No data available
01-09 01:25:51.968  3938  4271 D SurfaceControl: Excessive delay in setPowerMode(): 506ms
01-09 01:25:51.990  3938  4271 D PowerManagerService-JNI: Excessive delay in setInteractive(false) while turning screen off: 21ms
01-09 01:26:00.750  3680  3704 D COREU   : CoreUPavpResumeS3 - Received S3 or S0 event, Notifying HWC to blank all displays
01-09 01:26:00.750  3680  3704 I COREU   : HwcNotifyPavpAllSessionsTerminated - Informing HWC all sessions are terminated
01-09 01:26:00.750  3680  3704 I COREU   : HwcNotifyPavpAllSessionsTerminated - Completed
01-09 01:26:00.764  3680  3704 D COREU   : CoreUPavpResumeS3 - Received S3 or S0 event, Notifying HWC to blank all displays
01-09 01:26:00.764  3680  3704 I COREU   : HwcNotifyPavpAllSessionsTerminated - Informing HWC all sessions are terminated
01-09 01:26:00.765  3680  3704 I COREU   : HwcNotifyPavpAllSessionsTerminated - Completed
01-09 01:26:17.688  3938  4074 I PowerManagerService: Waking up from sleep (uid 1000)...
01-09 01:26:17.688  3680  3704 D COREU   : CoreUPavpResumeS3 - Received S3 or S0 event, Notifying HWC to blank all displays
01-09 01:26:17.688  3680  3704 I COREU   : HwcNotifyPavpAllSessionsTerminated - Informing HWC all sessions are terminated
01-09 01:26:17.688  3680  3704 I COREU   : HwcNotifyPavpAllSessionsTerminated - Completed
01-09 01:26:17.690  3938  3938 V KeyguardServiceDelegate: onScreenTurnedOn(showListener = com.android.internal.policy.impl.PhoneWindowManager$2@1ea83dc3)
01-09 01:26:17.692  3938  3981 I DisplayPowerController: Blocking screen on until initial contents have been drawn.
01-09 01:26:17.694  3684  3684 E tm_logprobe: Unable to create record: No data available
01-09 01:26:17.694  3684  3684 E tm_logprobe: Unable to create record: No data available
01-09 01:26:17.696  3938  3981 I Sensors : Sensor 0 (KXCJK-1008 Accelerometer) sampling rate set to 25
01-09 01:26:17.701  3938  3981 I Sensors : Enabling sensor 0 (iio device 1: KXCJK-1008 Accelerometer)
01-09 01:26:17.701  3938  3981 I Sensors : Setting S0 (KXCJK-1008 Accelerometer) trigger to i2c-KXCJ1008:00-dev1
01-09 01:26:17.702  3680  3704 D COREU   : CoreUPavpResumeS3 - Received S3 or S0 event, Notifying HWC to blank all displays
01-09 01:26:17.702  3680  3704 I COREU   : HwcNotifyPavpAllSessionsTerminated - Informing HWC all sessions are terminated
01-09 01:26:17.702  3680  3704 I COREU   : HwcNotifyPavpAllSessionsTerminated - Completed
01-09 01:26:17.710  3938  4416 V KeyguardServiceDelegate: **** SHOWN CALLED ****
01-09 01:26:17.713  3938  4248 E WifiStateMachine: cancelDelayedScan -> 1092
01-09 01:26:17.715  3684  3684 E tm_logprobe: Unable to create record: No data available
01-09 01:26:17.750  3938  3981 I Sensors : Activation of sensor KXCJK-1008 Accelerometer took 1 ms
01-09 01:26:17.752  3676  3966 D AudioIntelHal/AudioPlatformState: setParameters: key value pair screen_state=on
01-09 01:26:17.752  3676  3966 D EVENT_THREAD: void CEventThread::trig(void*, uint32_t): in
01-09 01:26:17.752  3676  3966 D EVENT_THREAD: void CEventThread::trig(void*, uint32_t): out
01-09 01:26:17.752  3676  3966 E StreamManager/ParameterHandler: save: error No such file or directory
01-09 01:26:17.752  3676  3961 D EVENT_THREAD: void CEventThread::run() Do poll with timeout: -1
01-09 01:26:17.754  3684  3684 E tm_logprobe: Unable to create record: No data available
01-09 01:26:17.856  3938  4271 D PowerManagerService-JNI: Excessive delay in setInteractive(true) while turning screen on: 104ms
01-09 01:26:17.856  2695  2695 D SurfaceFlinger: Set power mode=2, type=0 flinger=0xf685c000
01-09 01:26:17.856  2695  2695 I hwc     : HWC_POWER_MODE_NORMAL
01-09 01:26:17.856  2695  2772 D hwc     : Crtc 6 EVENT_RESUME
01-09 01:26:17.857  3938  3979 I DisplayManagerService: Display device changed: DisplayDeviceInfo{"Built-in Screen": uniqueId="local:0", 1280 x 800, 60.000004 fps, supportedRefreshRates [60.000004, 60.000004], density 160, 160.0 x 160.0 dpi, appVsyncOff 7500000, presDeadline 12666666, touch INTERNAL, rotation 0, type BUILT_IN, state ON, FLAG_DEFAULT_DISPLAY, FLAG_ROTATES_WITH_CONTENT, FLAG_SECURE, FLAG_SUPPORTS_PROTECTED_BUFFERS}
01-09 01:26:17.860  3938  3938 V ActivityManager: Display changed displayId=0
01-09 01:26:17.862  3938  3981 I DisplayPowerController: Unblocked screen on after 170 ms
01-09 01:26:17.864  3938  3981 D         : Surface destroy: ANDROID_NATIVE_WINDOW_MAGIC
01-09 01:26:17.910  3938  4413 D WifiService: acquireWifiLockLocked: WifiLock{NlpWifiLock type=2 binder=android.os.BinderProxy@21fa6648}
01-09 01:26:18.235  2695  2772 I hwc     : Drm atomic API is available and enabled
01-09 01:26:18.243  2695  2772 E hwc     : Failed to set screen crtc_id 6, enable 1  ret -1/Invalid argument
01-09 01:26:18.245  3684  3684 E tm_logprobe: Unable to create record: No data available
01-09 01:26:18.260  3938  4271 D SurfaceControl: Excessive delay in setPowerMode(): 404ms
01-09 01:26:19.351  3938  4248 E native  : do suspend false
01-09 01:26:19.352  3684  3684 E tm_logprobe: Unable to create record: No data available
01-09 01:26:20.740  3938  4951 D WifiService: releaseWifiLockLocked: WifiLock{NlpWifiLock type=2 binder=android.os.BinderProxy@21fa6648}
01-09 01:26:21.406  3938  3938 I ValidateNoPeople: skipping global notification
01-09 01:26:21.408  3938  3938 I ValidateNoPeople: skipping global notification
01-09 01:26:21.509  4833  4833 D MtpService: updating state; isCurrentUser=true, mMtpLocked=false
01-09 01:26:21.511  4833  4833 D MtpService: addStorageLocked 65537 /storage/emulated/0
01-09 01:26:21.517  4833  4833 D MtpService: updating state; isCurrentUser=true, mMtpLocked=false
01-09 01:26:21.520  4833  4833 D MtpService: starting MTP server in MTP mode
01-09 01:26:21.523  4833  4833 D MtpService: addStorageLocked 65537 /storage/emulated/0
01-09 01:26:22.651  3684  3684 E tm_logprobe: Unable to create record: No data available
01-09 01:26:22.653  3938  3938 I EntropyMixer: Writing entropy...
01-09 01:26:22.658  4923  4923 E NetworkScheduler.SchedulerReceiver: Invalid parameter app
01-09 01:26:22.658  4923  4923 E NetworkScheduler.SchedulerReceiver: Invalid package name : Perhaps you didn't include a PendingIntent in the extras?
01-09 01:26:22.660  4979  4979 I iu.Environment: update battery state; isPlugged? true*
01-09 01:26:22.660  3684  3684 E tm_logprobe: Unable to create record: No data available
01-09 01:26:22.660  3684  3684 E tm_logprobe: Unable to create record: No data available
01-09 01:26:22.662  4979  9180 I iu.UploadsManager: num queued entries: 0
01-09 01:26:22.663  4979  9180 I iu.UploadsManager: num updated entries: 0
01-09 01:26:22.664  4979  9180 I iu.SyncManager: NEXT; no task
01-09 01:26:22.668  5097  5097 I GCoreUlr: Starting service, intent=Intent { act=com.google.android.location.reporting.ACTION_UPDATE_WORLD cmp=com.google.android.gms/com.google.android.location.reporting.service.DispatchingService (has extras) }, extras=Bundle[{receiverAction=android.intent.action.ACTION_POWER_CONNECTED}]
01-09 01:26:22.673  4979 16349 I iu.FingerprintManager: Start processing all media
01-09 01:26:22.674  4979 16349 I iu.FingerprintManager: Start processing media store URI: content://media/external/images/media
01-09 01:26:22.721  5097  5097 I GCoreUlr: DispatchingService.onCreate()
01-09 01:26:22.725  4979 16349 I iu.FingerprintManager: Start processing media store URI: content://media/external/video/media
01-09 01:26:22.754  4979 16349 I iu.FingerprintManager: Start processing media store URI: content://media/phoneStorage/images/media
01-09 01:26:22.757  4979 16349 I iu.FingerprintManager: Start processing media store URI: content://media/phoneStorage/video/media
01-09 01:26:22.759  4979 16349 I iu.FingerprintManager: Finished generating fingerprints; 0.085 seconds
01-09 01:26:22.759  4979 16349 I iu.FingerprintManager:   numSeen=0 numGenerated=0 numDeleted=0 numFailed=0
01-09 01:26:22.803  5097 16358 I GCoreUlr: WorldUpdater received intent Intent { act=com.google.android.location.reporting.ACTION_UPDATE_WORLD cmp=com.google.android.gms/com.google.android.location.reporting.service.DispatchingService (has extras) } with receiverAction android.intent.action.ACTION_POWER_CONNECTED
01-09 01:26:22.842  5097 16358 I GCoreUlr: WorldUpdater:android.intent.action.ACTION_POWER_CONNECTED: Ensuring that reporting is stopped because of reasons: (no Google accounts)
01-09 01:26:22.846  5097 16358 I GCoreUlr: Unbound from all location providers
01-09 01:26:22.860  5097  5097 I GCoreUlr: DispatchingService.onDestroy()
01-09 01:26:22.866  5097  5097 I GCoreUlr: Unbound from all location providers
01-09 01:26:27.764  3684  3684 E tm_logprobe: Unable to create record: No data available
01-09 01:26:27.770  4979  4979 I iu.Environment: update battery state; isPlugged? false*
01-09 01:26:27.775  4979  9180 I iu.UploadsManager: num queued entries: 0
01-09 01:26:27.777  4979  9180 I iu.UploadsManager: num updated entries: 0
01-09 01:26:27.777  5097  5097 I GCoreUlr: Starting service, intent=Intent { act=com.google.android.location.reporting.ACTION_UPDATE_WORLD cmp=com.google.android.gms/com.google.android.location.reporting.service.DispatchingService (has extras) }, extras=Bundle[{receiverAction=android.intent.action.ACTION_POWER_DISCONNECTED}]
01-09 01:26:27.779  4979  9180 I iu.SyncManager: NEXT; no task
01-09 01:26:27.791  5097  5097 I GCoreUlr: DispatchingService.onCreate()
01-09 01:26:27.829  5097 16417 I GCoreUlr: WorldUpdater received intent Intent { act=com.google.android.location.reporting.ACTION_UPDATE_WORLD cmp=com.google.android.gms/com.google.android.location.reporting.service.DispatchingService (has extras) } with receiverAction android.intent.action.ACTION_POWER_DISCONNECTED
01-09 01:26:27.885  5097 16417 I GCoreUlr: WorldUpdater:android.intent.action.ACTION_POWER_DISCONNECTED: Ensuring that reporting is stopped because of reasons: (no Google accounts)
01-09 01:26:27.890  5097 16417 I GCoreUlr: Unbound from all location providers
01-09 01:26:27.904  5097  5097 I GCoreUlr: DispatchingService.onDestroy()
01-09 01:26:27.910  5097  5097 I GCoreUlr: Unbound from all location providers
01-09 01:26:28.493  3938  4074 I PowerManagerService: Going to sleep due to power button (uid 1000)...
01-09 01:26:28.494  3938  3981 I PowerManagerService: Sleeping (uid 1000)...
01-09 01:26:28.495  3938  3938 I Sensors : Sensor 0 (KXCJK-1008 Accelerometer) sampling rate set to 12.5
01-09 01:26:28.496  3684  3684 E tm_logprobe: Unable to create record: No data available
01-09 01:26:28.497  3684  3684 E tm_logprobe: Unable to create record: No data available
01-09 01:26:28.497  3938  3981 D         : Pixel Format : GGL_PIXEL_FORMAT_RGBA_8888
01-09 01:26:28.498  3938  3981 D         : Updating FBO content dimensions 1280x800
01-09 01:26:28.504  3938  3972 I Sensors : Setting S0 (KXCJK-1008 Accelerometer) trigger to i2c-KXCJ1008:00-any-motion-dev1
01-09 01:26:28.525  3938  3938 I Sensors : Disabling sensor 0 (iio device 1: KXCJK-1008 Accelerometer)
01-09 01:26:28.526  3938  4248 E WifiStateMachine: cancelDelayedScan -> 1095
01-09 01:26:28.529  3938  4248 E native  : do suspend true
01-09 01:26:28.529  3684  3684 E tm_logprobe: Unable to create record: No data available
01-09 01:26:28.530  4452  4452 D PhoneStatusBar: disable: < expand ICONS alerts SYSTEM_INFO back HOME RECENT clock SEARCH >
01-09 01:26:28.530  3684  3684 E tm_logprobe: Unable to create record: No data available
01-09 01:26:28.537  3676  3676 D AudioIntelHal/AudioPlatformState: setParameters: key value pair screen_state=off
01-09 01:26:28.538  3676  3676 D EVENT_THREAD: void CEventThread::trig(void*, uint32_t): in
01-09 01:26:28.538  3676  3676 D EVENT_THREAD: void CEventThread::trig(void*, uint32_t): out
01-09 01:26:28.538  3676  3676 E StreamManager/ParameterHandler: save: error No such file or directory
01-09 01:26:28.538  3676  3961 D EVENT_THREAD: void CEventThread::run() Do poll with timeout: -1
01-09 01:26:28.542  3684  3684 E tm_logprobe: Unable to create record: No data available
01-09 01:26:28.573  3938  3981 D         : Updating FBO content dimensions 1280x800
01-09 01:26:29.025  3938  3979 I DisplayManagerService: Display device changed: DisplayDeviceInfo{"Built-in Screen": uniqueId="local:0", 1280 x 800, 60.000004 fps, supportedRefreshRates [60.000004, 60.000004], density 160, 160.0 x 160.0 dpi, appVsyncOff 7500000, presDeadline 12666666, touch INTERNAL, rotation 0, type BUILT_IN, state OFF, FLAG_DEFAULT_DISPLAY, FLAG_ROTATES_WITH_CONTENT, FLAG_SECURE, FLAG_SUPPORTS_PROTECTED_BUFFERS}
01-09 01:26:29.026  3938  3938 V ActivityManager: Display changed displayId=0
01-09 01:26:29.028  2695  2695 D SurfaceFlinger: Set power mode=0, type=0 flinger=0xf685c000
01-09 01:26:29.028  2695  2695 I hwc     : HWC_POWER_MODE_OFF
01-09 01:26:29.041  2695  2772 D hwc     : Crtc 6 EVENT_SUSPEND
01-09 01:26:29.058  2695  2772 E hwc     : Failed to set screen crtc_id 6, enable 0  ret -1/Invalid argument
01-09 01:26:29.060  3684  3684 E tm_logprobe: Unable to create record: No data available
01-09 01:26:29.356  3938  4248 E WifiStateMachine: WifiStateMachine Disconnected CMD_START_SCAN source -2 1094, 1095 -> obsolete
01-09 01:26:29.358  3684  3684 E tm_logprobe: Unable to create record: No data available
01-09 01:26:29.534  3938  4271 D SurfaceControl: Excessive delay in setPowerMode(): 508ms
01-09 01:26:29.556  3938  4271 D PowerManagerService-JNI: Excessive delay in setInteractive(false) while turning screen off: 21ms
01-09 01:26:31.206  3680  3704 D COREU   : CoreUPavpResumeS3 - Received S3 or S0 event, Notifying HWC to blank all displays
01-09 01:26:31.206  3680  3704 I COREU   : HwcNotifyPavpAllSessionsTerminated - Informing HWC all sessions are terminated
01-09 01:26:31.207  3680  3704 I COREU   : HwcNotifyPavpAllSessionsTerminated - Completed
01-09 01:26:31.217  3680  3704 D COREU   : CoreUPavpResumeS3 - Received S3 or S0 event, Notifying HWC to blank all displays
01-09 01:26:31.217  3680  3704 I COREU   : HwcNotifyPavpAllSessionsTerminated - Informing HWC all sessions are terminated
01-09 01:26:31.218  3680  3704 I COREU   : HwcNotifyPavpAllSessionsTerminated - Completed
01-09 01:26:38.095  3680  3704 D COREU   : CoreUPavpResumeS3 - Received S3 or S0 event, Notifying HWC to blank all displays
01-09 01:26:38.095  3680  3704 I COREU   : HwcNotifyPavpAllSessionsTerminated - Informing HWC all sessions are terminated
01-09 01:26:38.095  3680  3704 I COREU   : HwcNotifyPavpAllSessionsTerminated - Completed
01-09 01:26:38.108  3680  3704 D COREU   : CoreUPavpResumeS3 - Received S3 or S0 event, Notifying HWC to blank all displays
01-09 01:26:38.108  3680  3704 I COREU   : HwcNotifyPavpAllSessionsTerminated - Informing HWC all sessions are terminated
01-09 01:26:38.108  3680  3704 I COREU   : HwcNotifyPavpAllSessionsTerminated - Completed
01-09 01:26:39.810  3938  3982 E libsuspend: Error writing to /sys/power/state: Device or resource busy
01-09 01:26:39.811  3684  3684 E tm_logprobe: Unable to create record: No data available
01-09 01:26:40.220  3938  5167 W ActivityManager: getRunningAppProcesses: caller 10084 does not hold REAL_GET_TASKS; limiting output
01-09 01:26:41.012  3680  3704 D COREU   : CoreUPavpResumeS3 - Received S3 or S0 event, Notifying HWC to blank all displays
01-09 01:26:41.012  3680  3704 I COREU   : HwcNotifyPavpAllSessionsTerminated - Informing HWC all sessions are terminated
01-09 01:26:41.012  3680  3704 I COREU   : HwcNotifyPavpAllSessionsTerminated - Completed
01-09 01:26:57.964  3938  4074 I PowerManagerService: Waking up from sleep (uid 1000)...
01-09 01:26:57.964  3938  3938 V KeyguardServiceDelegate: onScreenTurnedOn(showListener = com.android.internal.policy.impl.PhoneWindowManager$2@1ea83dc3)
01-09 01:26:57.968  3938  4248 E WifiStateMachine: cancelDelayedScan -> 1096
01-09 01:26:57.971  3938  3981 I DisplayPowerController: Blocking screen on until initial contents have been drawn.
01-09 01:26:57.972  3938  3938 I Sensors : Enabling sensor 0 (iio device 1: KXCJK-1008 Accelerometer)
01-09 01:26:57.972  3938  3938 I Sensors : Setting S0 (KXCJK-1008 Accelerometer) trigger to i2c-KXCJ1008:00-dev1
01-09 01:26:57.973  3680  3704 D COREU   : CoreUPavpResumeS3 - Received S3 or S0 event, Notifying HWC to blank all displays
01-09 01:26:57.973  3680  3704 I COREU   : HwcNotifyPavpAllSessionsTerminated - Informing HWC all sessions are terminated
01-09 01:26:57.973  3684  3684 E tm_logprobe: Unable to create record: No data available
01-09 01:26:57.973  3684  3684 E tm_logprobe: Unable to create record: No data available
01-09 01:26:57.973  3680  3704 I COREU   : HwcNotifyPavpAllSessionsTerminated - Completed
01-09 01:26:57.973  3684  3684 E tm_logprobe: Unable to create record: No data available
01-09 01:26:57.975  3938  4248 E native  : do suspend false
01-09 01:26:57.977  3684  3684 E tm_logprobe: Unable to create record: No data available
01-09 01:26:57.984  3680  3704 D COREU   : CoreUPavpResumeS3 - Received S3 or S0 event, Notifying HWC to blank all displays
01-09 01:26:57.984  3680  3704 I COREU   : HwcNotifyPavpAllSessionsTerminated - Informing HWC all sessions are terminated
01-09 01:26:57.985  3680  3704 I COREU   : HwcNotifyPavpAllSessionsTerminated - Completed
01-09 01:26:57.989  3680  3704 D COREU   : CoreUPavpResumeS3 - Received S3 or S0 event, Notifying HWC to blank all displays
01-09 01:26:57.989  3680  3704 I COREU   : HwcNotifyPavpAllSessionsTerminated - Informing HWC all sessions are terminated
01-09 01:26:57.990  3938  4300 V KeyguardServiceDelegate: **** SHOWN CALLED ****
01-09 01:26:57.991  3680  3704 I COREU   : HwcNotifyPavpAllSessionsTerminated - Completed
01-09 01:26:58.065  3938  3981 I Sensors : Sensor 0 (KXCJK-1008 Accelerometer) sampling rate set to 25
01-09 01:26:58.066  3676  9961 D AudioIntelHal/AudioPlatformState: setParameters: key value pair screen_state=on
01-09 01:26:58.066  3676  9961 D EVENT_THREAD: void CEventThread::trig(void*, uint32_t): in
01-09 01:26:58.066  3676  9961 D EVENT_THREAD: void CEventThread::trig(void*, uint32_t): out
01-09 01:26:58.066  3676  9961 E StreamManager/ParameterHandler: save: error No such file or directory
01-09 01:26:58.066  3676  3961 D EVENT_THREAD: void CEventThread::run() Do poll with timeout: -1
01-09 01:26:58.067  3684  3684 E tm_logprobe: Unable to create record: No data available
01-09 01:26:58.087  3938  4413 D WifiService: acquireWifiLockLocked: WifiLock{NlpWifiLock type=2 binder=android.os.BinderProxy@21fa6648}
01-09 01:26:58.099  3938  3969 D WifiService: releaseWifiLockLocked: WifiLock{NlpWifiLock type=2 binder=android.os.BinderProxy@21fa6648}
01-09 01:26:58.184  3938  4271 D PowerManagerService-JNI: Excessive delay in setInteractive(true) while turning screen on: 100ms
01-09 01:26:58.185  3938  3979 W art     : Long monitor contention event with owner method=void com.android.server.power.PowerManagerService$2.onDisplayStateChange(int) from PowerManagerService.java:1967 waiters=0 for 101ms
01-09 01:26:58.185  2695  2695 D SurfaceFlinger: Set power mode=2, type=0 flinger=0xf685c000
01-09 01:26:58.185  2695  2695 I hwc     : HWC_POWER_MODE_NORMAL
01-09 01:26:58.185  2695  2772 D hwc     : Crtc 6 EVENT_RESUME
01-09 01:26:58.186  3938  3979 I DisplayManagerService: Display device changed: DisplayDeviceInfo{"Built-in Screen": uniqueId="local:0", 1280 x 800, 60.000004 fps, supportedRefreshRates [60.000004, 60.000004], density 160, 160.0 x 160.0 dpi, appVsyncOff 7500000, presDeadline 12666666, touch INTERNAL, rotation 0, type BUILT_IN, state ON, FLAG_DEFAULT_DISPLAY, FLAG_ROTATES_WITH_CONTENT, FLAG_SECURE, FLAG_SUPPORTS_PROTECTED_BUFFERS}
01-09 01:26:58.189  3938  3938 V ActivityManager: Display changed displayId=0
01-09 01:26:58.190  3938  3981 I DisplayPowerController: Unblocked screen on after 219 ms
01-09 01:26:58.193  3938  3981 D         : Surface destroy: ANDROID_NATIVE_WINDOW_MAGIC
01-09 01:26:58.564  2695  2772 I hwc     : Drm atomic API is available and enabled
01-09 01:26:58.581  2695  2772 E hwc     : Failed to set screen crtc_id 6, enable 1  ret -1/Invalid argument
01-09 01:26:58.583  3684  3684 E tm_logprobe: Unable to create record: No data available
01-09 01:26:58.598  3938  4271 D SurfaceControl: Excessive delay in setPowerMode(): 413ms
01-09 01:26:58.599  3938  3977 W art     : Long monitor contention event with owner method=void com.android.server.wm.WindowAnimator$1.run() from WindowAnimator.java:124 waiters=0 for 358ms
01-09 01:26:58.621  3938  3938 V ActivityManager: Display changed displayId=0
01-09 01:26:58.636  3938  3977 I ActivityManager: Config changes=480 {1.0 ?mcc?mnc en_US ldltr sw800dp w1280dp h727dp 160dpi xlrg land finger -keyb/v/h -nav/h s.30}
01-09 01:26:58.636  3938  4074 I InputReader: Reconfiguring input devices.  changes=0x00000004
01-09 01:26:58.637  3938  4074 I InputReader: Device reconfigured: id=1, name='silead_ts', size 1280x800, orientation 0, mode 1, display id 0
01-09 01:26:58.675  6798  6798 W SearchServiceClient: Attempt to handover from detached client
01-09 01:26:58.679  4452  5078 D BluetoothAdapter: 646746148: getState() :  mService = null. Returning STATE_OFF
01-09 01:26:58.679  4452  5078 D BluetoothAdapter: 646746148: getState() :  mService = null. Returning STATE_OFF
01-09 01:26:58.694  4452  4452 D         : droid_create_context : config id = 1 conf->NativeVisualID=1
01-09 01:26:58.694  4452  4452 D         : Pixel Format : GGL_PIXEL_FORMAT_RGBA_8888
01-09 01:26:58.694  4452  4452 I         : Requested context : GLES 2.0
01-09 01:26:58.709  4452  4452 D         : Pixel Format : GGL_PIXEL_FORMAT_RGBA_8888
01-09 01:26:58.710  4452  4452 D         : Pixel Format : GGL_PIXEL_FORMAT_RGBA_8888
01-09 01:26:58.711  4452  4452 D         : Updating FBO content dimensions 1920x1280
01-09 01:26:58.733  6798  6798 I art     : Explicit concurrent mark sweep GC freed 25962(1338KB) AllocSpace objects, 0(0B) LOS objects, 39% free, 6MB/11MB, paused 1.162ms total 54.219ms
01-09 01:26:58.771  4452  4452 D         : Surface destroy: ANDROID_NATIVE_WINDOW_MAGIC
01-09 01:26:58.793  6798  6798 I art     : Explicit concurrent mark sweep GC freed 18332(1321KB) AllocSpace objects, 2(24KB) LOS objects, 39% free, 5MB/9MB, paused 1.136ms total 29.983ms
01-09 01:26:58.795  4452  5094 D         : Surface destroy: ANDROID_NATIVE_WINDOW_MAGIC
01-09 01:26:58.800  4452  5094 D         : Pixel Format : GGL_PIXEL_FORMAT_RGBA_8888
01-09 01:26:58.801  4452  5094 D         : Updating FBO content dimensions 1280x800
01-09 01:26:58.817  6798  6798 I art     : Explicit concurrent mark sweep GC freed 26(5KB) AllocSpace objects, 0(0B) LOS objects, 39% free, 5MB/9MB, paused 1.008ms total 24.050ms
01-09 01:26:58.837  6798  7307 D         : Surface destroy: ANDROID_NATIVE_WINDOW_MAGIC
01-09 01:26:58.850  6798  6798 W Launcher: setApplicationContext called twice! old=com.google.android.velvet.VelvetApplication@599e441 new=com.google.android.velvet.VelvetApplication@599e441
01-09 01:26:58.867  6798  6798 W ResourceType: Attempt to retrieve bag 0x7f0e0039 which is invalid or in a cycle.
01-09 01:26:58.967  6798  6798 W ResourcesManager: Asset path '/system/framework/com.google.android.media.effects.jar' does not exist or contains no resources.
01-09 01:26:58.978  6798  6798 W ResourcesManager: Asset path '/system/framework/com.google.android.maps.jar' does not exist or contains no resources.
01-09 01:26:59.001  6798  6798 I GEL     : handleIntent(Intent { act=android.intent.action.MAIN cat=[android.intent.category.HOME] flg=0x10000000 cmp=com.google.android.googlequicksearchbox/com.google.android.launcher.GEL })
01-09 01:26:59.009  3938  4415 V WindowManager: Adding window Window{1b692fc1 u0 com.google.android.googlequicksearchbox/com.google.android.launcher.GEL} at 1 of 8 (after Window{88215fd u0 com.android.systemui/com.android.systemui.recents.RecentsActivity})
01-09 01:26:59.138  6798  7307 D         : Pixel Format : GGL_PIXEL_FORMAT_RGBA_8888
01-09 01:26:59.139  6798  7307 D         : Updating FBO content dimensions 1280x800
01-09 01:26:59.188  3938  3979 I WindowManager: Screen frozen for +588ms due to AppWindowToken{2f1dce6f token=Token{ff0fd4e ActivityRecord{10703049 u0 com.google.android.googlequicksearchbox/com.google.android.launcher.GEL t4}}}
01-09 01:26:59.233  6798  6798 I Launcher: Deferring update until onResume
01-09 01:27:00.273  3676  3966 D AudioIntelHal/AudioPlatformState: setParameters: key value pair rotation=0
01-09 01:27:00.274  3676  3966 D EVENT_THREAD: void CEventThread::trig(void*, uint32_t): in
01-09 01:27:00.274  3676  3966 D EVENT_THREAD: void CEventThread::trig(void*, uint32_t): out
01-09 01:27:00.274  3676  3966 E StreamManager/ParameterHandler: save: error No such file or directory
01-09 01:27:00.274  3676  3961 D EVENT_THREAD: void CEventThread::run() Do poll with timeout: -1
01-09 01:27:00.276  3684  3684 E tm_logprobe: Unable to create record: No data available
01-09 01:27:01.295  3938  3979 I art     : Explicit concurrent mark sweep GC freed 50861(3MB) AllocSpace objects, 7(167KB) LOS objects, 33% free, 10MB/15MB, paused 1.598ms total 101.917ms
01-09 01:27:01.741  3938  3938 I ValidateNoPeople: skipping global notification
01-09 01:27:01.743  3938  3938 I ValidateNoPeople: skipping global notification
01-09 01:27:01.845  4833  4833 D MtpService: updating state; isCurrentUser=true, mMtpLocked=false
01-09 01:27:01.847  4833  4833 D MtpService: addStorageLocked 65537 /storage/emulated/0
01-09 01:27:01.849  4833  4833 D MtpService: updating state; isCurrentUser=true, mMtpLocked=false
01-09 01:27:01.852  4833  4833 D MtpService: starting MTP server in MTP mode
01-09 01:27:01.855  4833  4833 D MtpService: addStorageLocked 65537 /storage/emulated/0
01-09 01:27:03.021  3684  3684 E tm_logprobe: Unable to create record: No data available
01-09 01:27:03.023  3938  3938 I EntropyMixer: Writing entropy...
01-09 01:27:03.027  4923  4923 E NetworkScheduler.SchedulerReceiver: Invalid parameter app
01-09 01:27:03.027  4923  4923 E NetworkScheduler.SchedulerReceiver: Invalid package name : Perhaps you didn't include a PendingIntent in the extras?
01-09 01:27:03.029  3684  3684 E tm_logprobe: Unable to create record: No data available
01-09 01:27:03.029  3684  3684 E tm_logprobe: Unable to create record: No data available
01-09 01:27:03.030  4979  4979 I iu.Environment: update battery state; isPlugged? true*
01-09 01:27:03.038  4979  9180 I iu.UploadsManager: num queued entries: 0
01-09 01:27:03.038  4979  9180 I iu.UploadsManager: num updated entries: 0
01-09 01:27:03.040  4979  9180 I iu.SyncManager: NEXT; no task
01-09 01:27:03.042  5097  5097 I GCoreUlr: Starting service, intent=Intent { act=com.google.android.location.reporting.ACTION_UPDATE_WORLD cmp=com.google.android.gms/com.google.android.location.reporting.service.DispatchingService (has extras) }, extras=Bundle[{receiverAction=android.intent.action.ACTION_POWER_CONNECTED}]
01-09 01:27:03.045  4979 16488 I iu.FingerprintManager: Start processing all media
01-09 01:27:03.047  4979 16488 I iu.FingerprintManager: Start processing media store URI: content://media/external/images/media
01-09 01:27:03.076  5097  5097 I GCoreUlr: DispatchingService.onCreate()
01-09 01:27:03.080  4979 16488 I iu.FingerprintManager: Start processing media store URI: content://media/external/video/media
01-09 01:27:03.101  4979 16488 I iu.FingerprintManager: Start processing media store URI: content://media/phoneStorage/images/media
01-09 01:27:03.105  4979 16488 I iu.FingerprintManager: Start processing media store URI: content://media/phoneStorage/video/media
01-09 01:27:03.110  4979 16488 I iu.FingerprintManager: Finished generating fingerprints; 0.065 seconds
01-09 01:27:03.110  4979 16488 I iu.FingerprintManager:   numSeen=0 numGenerated=0 numDeleted=0 numFailed=0
01-09 01:27:03.178  5097 16491 I art     : Explicit concurrent mark sweep GC freed 48158(2MB) AllocSpace objects, 10(160KB) LOS objects, 40% free, 4MB/8MB, paused 760us total 41.401ms
01-09 01:27:03.190  5097 16491 I GCoreUlr: WorldUpdater received intent Intent { act=com.google.android.location.reporting.ACTION_UPDATE_WORLD cmp=com.google.android.gms/com.google.android.location.reporting.service.DispatchingService (has extras) } with receiverAction android.intent.action.ACTION_POWER_CONNECTED
01-09 01:27:03.245  5097 16491 I GCoreUlr: WorldUpdater:android.intent.action.ACTION_POWER_CONNECTED: Ensuring that reporting is stopped because of reasons: (no Google accounts)
01-09 01:27:03.252  5097 16491 I GCoreUlr: Unbound from all location providers
01-09 01:27:03.269  5097  5097 I GCoreUlr: DispatchingService.onDestroy()
01-09 01:27:03.274  5097  5097 I GCoreUlr: Unbound from all location providers
01-09 01:27:13.024  3938  3981 I PowerManagerService: Going to sleep due to screen timeout (uid 1000)...
01-09 01:27:13.024  3938  3981 I PowerManagerService: Sleeping (uid 1000)...
01-09 01:27:13.026  3938  3938 I Sensors : Sensor 0 (KXCJK-1008 Accelerometer) sampling rate set to 12.5
01-09 01:27:13.027  3684  3684 E tm_logprobe: Unable to create record: No data available
01-09 01:27:13.027  3684  3684 E tm_logprobe: Unable to create record: No data available
01-09 01:27:13.038  3938  3981 D         : Pixel Format : GGL_PIXEL_FORMAT_RGBA_8888
01-09 01:27:13.040  3938  3981 D         : Updating FBO content dimensions 1280x800
01-09 01:27:13.053  3938  3938 I Sensors : Disabling sensor 0 (iio device 1: KXCJK-1008 Accelerometer)
01-09 01:27:13.054  3938  4248 E WifiStateMachine: cancelDelayedScan -> 1100
01-09 01:27:13.056  3684  3684 E tm_logprobe: Unable to create record: No data available
01-09 01:27:13.057  3938  4248 E native  : do suspend true
01-09 01:27:13.060  3684  3684 E tm_logprobe: Unable to create record: No data available
01-09 01:27:13.063  4452  4452 D PhoneStatusBar: disable: < expand ICONS alerts SYSTEM_INFO back HOME RECENT clock SEARCH >
01-09 01:27:13.063  3938  3938 I Sensors : Deactivation of sensor KXCJK-1008 Accelerometer took 1 ms
01-09 01:27:13.064  3676  3676 D AudioIntelHal/AudioPlatformState: setParameters: key value pair screen_state=off
01-09 01:27:13.064  3676  3676 D EVENT_THREAD: void CEventThread::trig(void*, uint32_t): in
01-09 01:27:13.064  3676  3676 D EVENT_THREAD: void CEventThread::trig(void*, uint32_t): out
01-09 01:27:13.065  3676  3676 E StreamManager/ParameterHandler: save: error No such file or directory
01-09 01:27:13.065  3676  3961 D EVENT_THREAD: void CEventThread::run() Do poll with timeout: -1
01-09 01:27:13.070  3684  3684 E tm_logprobe: Unable to create record: No data available
01-09 01:27:13.570  3938  3979 I DisplayManagerService: Display device changed: DisplayDeviceInfo{"Built-in Screen": uniqueId="local:0", 1280 x 800, 60.000004 fps, supportedRefreshRates [60.000004, 60.000004], density 160, 160.0 x 160.0 dpi, appVsyncOff 7500000, presDeadline 12666666, touch INTERNAL, rotation 0, type BUILT_IN, state OFF, FLAG_DEFAULT_DISPLAY, FLAG_ROTATES_WITH_CONTENT, FLAG_SECURE, FLAG_SUPPORTS_PROTECTED_BUFFERS}
01-09 01:27:13.571  3938  3938 V ActivityManager: Display changed displayId=0
01-09 01:27:13.571  2695  2695 D SurfaceFlinger: Set power mode=0, type=0 flinger=0xf685c000
01-09 01:27:13.571  2695  2695 I hwc     : HWC_POWER_MODE_OFF
01-09 01:27:13.579  2695  2772 D hwc     : Crtc 6 EVENT_SUSPEND
01-09 01:27:13.596  2695  2772 E hwc     : Failed to set screen crtc_id 6, enable 0  ret -1/Invalid argument
01-09 01:27:13.597  3684  3684 E tm_logprobe: Unable to create record: No data available
01-09 01:27:14.072  3938  4271 D SurfaceControl: Excessive delay in setPowerMode(): 501ms
01-09 01:27:14.093  3938  4271 D PowerManagerService-JNI: Excessive delay in setInteractive(false) while turning screen off: 21ms
01-09 01:27:17.397  3680  3704 D COREU   : CoreUPavpResumeS3 - Received S3 or S0 event, Notifying HWC to blank all displays
01-09 01:27:17.398  3680  3704 I COREU   : HwcNotifyPavpAllSessionsTerminated - Informing HWC all sessions are terminated
01-09 01:27:17.399  3680  3704 I COREU   : HwcNotifyPavpAllSessionsTerminated - Completed
01-09 01:27:18.180  3938  4248 E WifiStateMachine: WifiStateMachine Disconnected CMD_START_SCAN source -2 1099, 1100 -> obsolete
01-09 01:27:18.181  3684  3684 E tm_logprobe: Unable to create record: No data available
01-09 01:27:25.066  3938  4255 W ActivityManager: getRunningAppProcesses: caller 10084 does not hold REAL_GET_TASKS; limiting output
01-09 01:27:29.105  3684  3684 E tm_logprobe: Unable to create record: No data available
01-09 01:27:29.111  3938  3981 I PowerManagerService: Waking up from sleep (uid 1000)...
01-09 01:27:29.116  3938  3981 I DisplayPowerController: Blocking screen on until initial contents have been drawn.
01-09 01:27:29.117  3938  3938 I Sensors : Sensor 0 (KXCJK-1008 Accelerometer) sampling rate set to 25
01-09 01:27:29.118  4979  4979 I iu.Environment: update battery state; isPlugged? false*
01-09 01:27:29.119  3684  3684 E tm_logprobe: Unable to create record: No data available
01-09 01:27:29.119  3684  3684 E tm_logprobe: Unable to create record: No data available
01-09 01:27:29.121  4979  9180 I iu.UploadsManager: num queued entries: 0
01-09 01:27:29.122  4979  9180 I iu.UploadsManager: num updated entries: 0
01-09 01:27:29.123  5097  5097 I GCoreUlr: Starting service, intent=Intent { act=com.google.android.location.reporting.ACTION_UPDATE_WORLD cmp=com.google.android.gms/com.google.android.location.reporting.service.DispatchingService (has extras) }, extras=Bundle[{receiverAction=android.intent.action.ACTION_POWER_DISCONNECTED}]
01-09 01:27:29.123  4979  9180 I iu.SyncManager: NEXT; no task
01-09 01:27:29.131  3938  3938 I Sensors : Enabling sensor 0 (iio device 1: KXCJK-1008 Accelerometer)
01-09 01:27:29.132  3938  3938 I Sensors : Setting S0 (KXCJK-1008 Accelerometer) trigger to i2c-KXCJ1008:00-dev1
01-09 01:27:29.134  5097  5097 I GCoreUlr: DispatchingService.onCreate()
01-09 01:27:29.183  3938  3938 I Sensors : Activation of sensor KXCJK-1008 Accelerometer took 1 ms
01-09 01:27:29.183  3938  3938 V KeyguardServiceDelegate: onScreenTurnedOn(showListener = com.android.internal.policy.impl.PhoneWindowManager$2@1ea83dc3)
01-09 01:27:29.187  3938  4248 E WifiStateMachine: cancelDelayedScan -> 1101
01-09 01:27:29.189  3684  3684 E tm_logprobe: Unable to create record: No data available
01-09 01:27:29.191  3676  4548 D AudioIntelHal/AudioPlatformState: setParameters: key value pair screen_state=on
01-09 01:27:29.191  3676  4548 D EVENT_THREAD: void CEventThread::trig(void*, uint32_t): in
01-09 01:27:29.191  3676  4548 D EVENT_THREAD: void CEventThread::trig(void*, uint32_t): out
01-09 01:27:29.191  3676  4548 E StreamManager/ParameterHandler: save: error No such file or directory
01-09 01:27:29.191  3938  4248 E native  : do suspend false
01-09 01:27:29.191  3676  3961 D EVENT_THREAD: void CEventThread::run() Do poll with timeout: -1
01-09 01:27:29.195  3684  3684 E tm_logprobe: Unable to create record: No data available
01-09 01:27:29.195  3684  3684 E tm_logprobe: Unable to create record: No data available
01-09 01:27:29.199  3680  3704 D COREU   : CoreUPavpResumeS3 - Received S3 or S0 event, Notifying HWC to blank all displays
01-09 01:27:29.199  3680  3704 I COREU   : HwcNotifyPavpAllSessionsTerminated - Informing HWC all sessions are terminated
01-09 01:27:29.199  3680  3704 I COREU   : HwcNotifyPavpAllSessionsTerminated - Completed
01-09 01:27:29.221  3938  4271 D PowerManagerService-JNI: Excessive delay in setInteractive(true) while turning screen on: 103ms
01-09 01:27:29.221  2695  2695 D SurfaceFlinger: Set power mode=2, type=0 flinger=0xf685c000
01-09 01:27:29.221  2695  2695 I hwc     : HWC_POWER_MODE_NORMAL
01-09 01:27:29.222  2695  2772 D hwc     : Crtc 6 EVENT_RESUME
01-09 01:27:29.222  3938  3979 I DisplayManagerService: Display device changed: DisplayDeviceInfo{"Built-in Screen": uniqueId="local:0", 1280 x 800, 60.000004 fps, supportedRefreshRates [60.000004, 60.000004], density 160, 160.0 x 160.0 dpi, appVsyncOff 7500000, presDeadline 12666666, touch INTERNAL, rotation 0, type BUILT_IN, state ON, FLAG_DEFAULT_DISPLAY, FLAG_ROTATES_WITH_CONTENT, FLAG_SECURE, FLAG_SUPPORTS_PROTECTED_BUFFERS}
01-09 01:27:29.222  3938  3938 V ActivityManager: Display changed displayId=0
01-09 01:27:29.241  5097 16758 I G