01-09 01:17:53.405  3684  3684 E tm_logprobe: Unable to create record: No data available
01-09 01:17:53.408  4979  4979 I iu.Environment: update battery state; isPlugged? true*
01-09 01:17:53.410  4979  9180 I iu.UploadsManager: num queued entries: 0
01-09 01:17:53.415  4979  9180 I iu.UploadsManager: num updated entries: 0
01-09 01:17:53.416  5097  5097 I GCoreUlr: Starting service, intent=Intent { act=com.google.android.location.reporting.ACTION_UPDATE_WORLD cmp=com.google.android.gms/com.google.android.location.reporting.service.DispatchingService (has extras) }, extras=Bundle[{receiverAction=android.intent.action.ACTION_POWER_CONNECTED}]
01-09 01:17:53.417  4979  9180 I iu.SyncManager: NEXT; no task
01-09 01:17:53.426  4979 13278 I iu.FingerprintManager: Start processing all media
01-09 01:17:53.427  4979 13278 I iu.FingerprintManager: Start processing media store URI: content://media/external/images/media
01-09 01:17:53.454  5097  5097 I GCoreUlr: DispatchingService.onCreate()
01-09 01:17:53.463  4979 13278 I iu.FingerprintManager: Start processing media store URI: content://media/external/video/media
01-09 01:17:53.490  4979 13278 I iu.FingerprintManager: Start processing media store URI: content://media/phoneStorage/images/media
01-09 01:17:53.500  4979 13278 I iu.FingerprintManager: Start processing media store URI: content://media/phoneStorage/video/media
01-09 01:17:53.503  4979 13278 I iu.FingerprintManager: Finished generating fingerprints; 0.077 seconds
01-09 01:17:53.503  4979 13278 I iu.FingerprintManager:   numSeen=0 numGenerated=0 numDeleted=0 numFailed=0
01-09 01:17:53.530  5097 13280 I GCoreUlr: WorldUpdater received intent Intent { act=com.google.android.location.reporting.ACTION_UPDATE_WORLD cmp=com.google.android.gms/com.google.android.location.reporting.service.DispatchingService (has extras) } with receiverAction android.intent.action.ACTION_POWER_CONNECTED
01-09 01:17:53.556  5097 13280 I GCoreUlr: WorldUpdater:android.intent.action.ACTION_POWER_CONNECTED: Ensuring that reporting is stopped because of reasons: (no Google accounts)
01-09 01:17:53.560  5097 13280 I GCoreUlr: Unbound from all location providers
01-09 01:17:53.571  5097  5097 I GCoreUlr: DispatchingService.onDestroy()
01-09 01:17:53.574  5097  5097 I GCoreUlr: Unbound from all location providers
01-09 01:18:00.453  3938  4414 W ActivityManager: getRunningAppProcesses: caller 10084 does not hold REAL_GET_TASKS; limiting output
01-09 01:18:03.401  3938  3981 I PowerManagerService: Going to sleep due to screen timeout (uid 1000)...
01-09 01:18:03.401  3938  3981 I PowerManagerService: Sleeping (uid 1000)...
01-09 01:18:03.402  3938  3938 I Sensors : Sensor 0 (KXCJK-1008 Accelerometer) sampling rate set to 12.5
01-09 01:18:03.402  3684  3684 E tm_logprobe: Unable to create record: No data available
01-09 01:18:03.403  3684  3684 E tm_logprobe: Unable to create record: No data available
01-09 01:18:03.421  3938  3981 D         : Pixel Format : GGL_PIXEL_FORMAT_RGBA_8888
01-09 01:18:03.423  3938  3981 D         : Updating FBO content dimensions 1280x800
01-09 01:18:03.427  3938  3938 I Sensors : Disabling sensor 0 (iio device 1: KXCJK-1008 Accelerometer)
01-09 01:18:03.428  3938  4248 E WifiStateMachine: cancelDelayedScan -> 1056
01-09 01:18:03.431  3938  4248 E native  : do suspend true
01-09 01:18:03.433  3684  3684 E tm_logprobe: Unable to create record: No data available
01-09 01:18:03.433  3684  3684 E tm_logprobe: Unable to create record: No data available
01-09 01:18:03.435  3938  3938 I Sensors : Deactivation of sensor KXCJK-1008 Accelerometer took 1 ms
01-09 01:18:03.437  3676  9961 D AudioIntelHal/AudioPlatformState: setParameters: key value pair screen_state=off
01-09 01:18:03.437  3676  9961 D EVENT_THREAD: void CEventThread::trig(void*, uint32_t): in
01-09 01:18:03.437  3676  9961 D EVENT_THREAD: void CEventThread::trig(void*, uint32_t): out
01-09 01:18:03.438  3676  9961 E StreamManager/ParameterHandler: save: error No such file or directory
01-09 01:18:03.438  3676  3961 D EVENT_THREAD: void CEventThread::run() Do poll with timeout: -1
01-09 01:18:03.449  4452  4452 D PhoneStatusBar: disable: < expand ICONS alerts SYSTEM_INFO back HOME RECENT clock SEARCH >
01-09 01:18:03.450  3684  3684 E tm_logprobe: Unable to create record: No data available
01-09 01:18:03.506  3938  3981 D         : Updating FBO content dimensions 1280x800
01-09 01:18:03.958  3938  3979 I DisplayManagerService: Display device changed: DisplayDeviceInfo{"Built-in Screen": uniqueId="local:0", 1280 x 800, 60.000004 fps, supportedRefreshRates [60.000004, 60.000004], density 160, 160.0 x 160.0 dpi, appVsyncOff 7500000, presDeadline 12666666, touch INTERNAL, rotation 0, type BUILT_IN, state OFF, FLAG_DEFAULT_DISPLAY, FLAG_ROTATES_WITH_CONTENT, FLAG_SECURE, FLAG_SUPPORTS_PROTECTED_BUFFERS}
01-09 01:18:03.959  2695  2695 D SurfaceFlinger: Set power mode=0, type=0 flinger=0xf685c000
01-09 01:18:03.959  2695  2695 I hwc     : HWC_POWER_MODE_OFF
01-09 01:18:03.959  3938  3938 V ActivityManager: Display changed displayId=0
01-09 01:18:03.960  2695  2772 D hwc     : Crtc 6 EVENT_SUSPEND
01-09 01:18:03.977  2695  2772 E hwc     : Failed to set screen crtc_id 6, enable 0  ret -1/Invalid argument
01-09 01:18:03.979  3684  3684 E tm_logprobe: Unable to create record: No data available
01-09 01:18:04.453  3938  4271 D SurfaceControl: Excessive delay in setPowerMode(): 494ms
01-09 01:18:04.475  3938  4271 D PowerManagerService-JNI: Excessive delay in setInteractive(false) while turning screen off: 21ms
01-09 01:18:07.759  3680  3704 D COREU   : CoreUPavpResumeS3 - Received S3 or S0 event, Notifying HWC to blank all displays
01-09 01:18:07.759  3680  3704 I COREU   : HwcNotifyPavpAllSessionsTerminated - Informing HWC all sessions are terminated
01-09 01:18:07.760  3680  3704 I COREU   : HwcNotifyPavpAllSessionsTerminated - Completed
01-09 01:18:08.845  3938  4248 E WifiStateMachine: WifiStateMachine Disconnected CMD_START_SCAN source -2 1055, 1056 -> obsolete
01-09 01:18:08.846  3684  3684 E tm_logprobe: Unable to create record: No data available
01-09 01:18:30.555  3938  4951 W ActivityManager: getRunningAppProcesses: caller 10084 does not hold REAL_GET_TASKS; limiting output
01-09 01:19:00.657  3938  4415 W ActivityManager: getRunningAppProcesses: caller 10084 does not hold REAL_GET_TASKS; limiting output
01-09 01:19:30.759  3938  4950 W ActivityManager: getRunningAppProcesses: caller 10084 does not hold REAL_GET_TASKS; limiting output
01-09 01:20:00.861  3938  3970 W ActivityManager: getRunningAppProcesses: caller 10084 does not hold REAL_GET_TASKS; limiting output
01-09 01:20:30.963  3938  5168 W ActivityManager: getRunningAppProcesses: caller 10084 does not hold REAL_GET_TASKS; limiting output
01-09 01:20:49.347  3684  3684 E tm_logprobe: Unable to create record: No data available
01-09 01:21:01.064  3938  4255 W ActivityManager: getRunningAppProcesses: caller 10084 does not hold REAL_GET_TASKS; limiting output
01-09 01:21:17.509  3684  3684 E tm_logprobe: Unable to create record: No data available
01-09 01:21:17.515  3938  3981 I PowerManagerService: Waking up from sleep (uid 1000)...
01-09 01:21:17.519  3938  3981 I DisplayPowerController: Blocking screen on until initial contents have been drawn.
01-09 01:21:17.522  3938  3938 I Sensors : Sensor 0 (KXCJK-1008 Accelerometer) sampling rate set to 25
01-09 01:21:17.524  4979  4979 I iu.Environment: update battery state; isPlugged? false*
01-09 01:21:17.526  3684  3684 E tm_logprobe: Unable to create record: No data available
01-09 01:21:17.526  4979  9180 I iu.UploadsManager: num queued entries: 0
01-09 01:21:17.526  3684  3684 E tm_logprobe: Unable to create record: No data available
01-09 01:21:17.526  4979  9180 I iu.UploadsManager: num updated entries: 0
01-09 01:21:17.527  5097  5097 I GCoreUlr: Starting service, intent=Intent { act=com.google.android.location.reporting.ACTION_UPDATE_WORLD cmp=com.google.android.gms/com.google.android.location.reporting.service.DispatchingService (has extras) }, extras=Bundle[{receiverAction=android.intent.action.ACTION_POWER_DISCONNECTED}]
01-09 01:21:17.527  4979  9180 I iu.SyncManager: NEXT; no task
01-09 01:21:17.537  5097  5097 I GCoreUlr: DispatchingService.onCreate()
01-09 01:21:17.537  3938  3938 I Sensors : Enabling sensor 0 (iio device 1: KXCJK-1008 Accelerometer)
01-09 01:21:17.538  3938  3938 I Sensors : Setting S0 (KXCJK-1008 Accelerometer) trigger to i2c-KXCJ1008:00-dev1
01-09 01:21:17.588  3938  3938 I Sensors : Activation of sensor KXCJK-1008 Accelerometer took 1 ms
01-09 01:21:17.588  3938  3938 V KeyguardServiceDelegate: onScreenTurnedOn(showListener = com.android.internal.policy.impl.PhoneWindowManager$2@1ea83dc3)
01-09 01:21:17.601  3680  3704 D COREU   : CoreUPavpResumeS3 - Received S3 or S0 event, Notifying HWC to blank all displays
01-09 01:21:17.601  3680  3704 I COREU   : HwcNotifyPavpAllSessionsTerminated - Informing HWC all sessions are terminated
01-09 01:21:17.601  3680  3704 I COREU   : HwcNotifyPavpAllSessionsTerminated - Completed
01-09 01:21:17.623  3938  4271 D PowerManagerService-JNI: Excessive delay in setInteractive(true) while turning screen on: 102ms
01-09 01:21:17.623  2695  2695 D SurfaceFlinger: Set power mode=2, type=0 flinger=0xf685c000
01-09 01:21:17.623  2695  2695 I hwc     : HWC_POWER_MODE_NORMAL
01-09 01:21:17.623  2695  2772 D hwc     : Crtc 6 EVENT_RESUME
01-09 01:21:17.623  3938  3979 I DisplayManagerService: Display device changed: DisplayDeviceInfo{"Built-in Screen": uniqueId="local:0", 1280 x 800, 60.000004 fps, supportedRefreshRates [60.000004, 60.000004], density 160, 160.0 x 160.0 dpi, appVsyncOff 7500000, presDeadline 12666666, touch INTERNAL, rotation 0, type BUILT_IN, state ON, FLAG_DEFAULT_DISPLAY, FLAG_ROTATES_WITH_CONTENT, FLAG_SECURE, FLAG_SUPPORTS_PROTECTED_BUFFERS}
01-09 01:21:17.626  3938  3938 V ActivityManager: Display changed displayId=0
01-09 01:21:17.642  5097 14984 I GCoreUlr: WorldUpdater received intent Intent { act=com.google.android.location.reporting.ACTION_UPDATE_WORLD cmp=com.google.android.gms/com.google.android.location.reporting.service.DispatchingService (has extras) } with receiverAction android.intent.action.ACTION_POWER_DISCONNECTED
01-09 01:21:17.650  3938  4248 E WifiStateMachine: cancelDelayedScan -> 1057
01-09 01:21:17.652  3684  3684 E tm_logprobe: Unable to create record: No data available
01-09 01:21:17.655  3676  4547 D AudioIntelHal/AudioPlatformState: setParameters: key value pair screen_state=on
01-09 01:21:17.656  3676  4547 D EVENT_THREAD: void CEventThread::trig(void*, uint32_t): in
01-09 01:21:17.656  3676  4547 D EVENT_THREAD: void CEventThread::trig(void*, uint32_t): out
01-09 01:21:17.656  3676  4547 E StreamManager/ParameterHandler: save: error No such file or directory
01-09 01:21:17.656  3676  3961 D EVENT_THREAD: void CEventThread::run() Do poll with timeout: -1
01-09 01:21:17.656  3938  4248 E native  : do suspend false
01-09 01:21:17.659  3684  3684 E tm_logprobe: Unable to create record: No data available
01-09 01:21:17.659  3684  3684 E tm_logprobe: Unable to create record: No data available
01-09 01:21:17.661  3938  5172 V KeyguardServiceDelegate: **** SHOWN CALLED ****
01-09 01:21:17.662  3938  3981 I DisplayPowerController: Unblocked screen on after 143 ms
01-09 01:21:17.665  3938  3981 D         : Surface destroy: ANDROID_NATIVE_WINDOW_MAGIC
01-09 01:21:17.692  5097 14984 I GCoreUlr: WorldUpdater:android.intent.action.ACTION_POWER_DISCONNECTED: Ensuring that reporting is stopped because of reasons: (no Google accounts)
01-09 01:21:17.696  5097 14984 I GCoreUlr: Unbound from all location providers
01-09 01:21:17.709  5097  5097 I GCoreUlr: DispatchingService.onDestroy()
01-09 01:21:17.712  5097  5097 I GCoreUlr: Unbound from all location providers
01-09 01:21:18.409  2695  2772 I hwc     : Drm atomic API is available and enabled
01-09 01:21:18.425  2695  2772 E hwc     : Failed to set screen crtc_id 6, enable 1  ret -1/Invalid argument
01-09 01:21:18.426  3684  3684 E tm_logprobe: Unable to create record: No data available
01-09 01:21:18.442  3938  4271 D SurfaceControl: Excessive delay in setPowerMode(): 819ms
01-09 01:21:18.443  3938  3977 W art     : Long monitor contention event with owner method=void com.android.server.wm.WindowAnimator$1.run() from WindowAnimator.java:124 waiters=0 for 696ms
01-09 01:21:18.451  4452  4452 I Choreographer: Skipped 44 frames!  The application may be doing too much work on its main thread.
01-09 01:21:18.502  3938  5173 D WifiService: acquireWifiLockLocked: WifiLock{NlpWifiLock type=2 binder=android.os.BinderProxy@2aac8be5}
01-09 01:21:18.523  3938  5167 D WifiService: releaseWifiLockLocked: WifiLock{NlpWifiLock type=2 binder=android.os.BinderProxy@2aac8be5}
01-09 01:21:19.494  3938  4074 I PowerManagerService: Going to sleep due to power button (uid 1000)...
01-09 01:21:19.494  3938  3981 I PowerManagerService: Sleeping (uid 1000)...
01-09 01:21:19.494  3938  3938 I Sensors : Sensor 0 (KXCJK-1008 Accelerometer) sampling rate set to 12.5
01-09 01:21:19.496  3684  3684 E tm_logprobe: Unable to create record: No data available
01-09 01:21:19.496  3684  3684 E tm_logprobe: Unable to create record: No data available
01-09 01:21:19.497  3938  3981 D         : Pixel Format : GGL_PIXEL_FORMAT_RGBA_8888
01-09 01:21:19.498  3938  3981 D         : Updating FBO content dimensions 1280x800
01-09 01:21:19.521  3938  3938 I Sensors : Disabling sensor 0 (iio device 1: KXCJK-1008 Accelerometer)
01-09 01:21:19.522  3938  4248 E WifiStateMachine: cancelDelayedScan -> 1060
01-09 01:21:19.522  3684  3684 E tm_logprobe: Unable to create record: No data available
01-09 01:21:19.525  3938  4248 E native  : do suspend true
01-09 01:21:19.527  4452  4452 D PhoneStatusBar: disable: < expand ICONS alerts SYSTEM_INFO back HOME RECENT clock SEARCH >
01-09 01:21:19.527  3684  3684 E tm_logprobe: Unable to create record: No data available
01-09 01:21:19.529  3676  3966 D AudioIntelHal/AudioPlatformState: setParameters: key value pair screen_state=off
01-09 01:21:19.529  3676  3966 D EVENT_THREAD: void CEventThread::trig(void*, uint32_t): in
01-09 01:21:19.529  3676  3966 D EVENT_THREAD: void CEventThread::trig(void*, uint32_t): out
01-09 01:21:19.529  3676  3966 E StreamManager/ParameterHandler: save: error No such file or directory
01-09 01:21:19.530  3676  3961 D EVENT_THREAD: void CEventThread::run() Do poll with timeout: -1
01-09 01:21:19.531  3684  3684 E tm_logprobe: Unable to create record: No data available
01-09 01:21:19.569  3938  3981 D         : Updating FBO content dimensions 1280x800
01-09 01:21:20.028  3938  3979 I DisplayManagerService: Display device changed: DisplayDeviceInfo{"Built-in Screen": uniqueId="local:0", 1280 x 800, 60.000004 fps, supportedRefreshRates [60.000004, 60.000004], density 160, 160.0 x 160.0 dpi, appVsyncOff 7500000, presDeadline 12666666, touch INTERNAL, rotation 0, type BUILT_IN, state OFF, FLAG_DEFAULT_DISPLAY, FLAG_ROTATES_WITH_CONTENT, FLAG_SECURE, FLAG_SUPPORTS_PROTECTED_BUFFERS}
01-09 01:21:20.028  2695  2695 D SurfaceFlinger: Set power mode=0, type=0 flinger=0xf685c000
01-09 01:21:20.028  2695  2695 I hwc     : HWC_POWER_MODE_OFF
01-09 01:21:20.029  3938  3938 V ActivityManager: Display changed displayId=0
01-09 01:21:20.041  2695  2772 D hwc     : Crtc 6 EVENT_SUSPEND
01-09 01:21:20.058  2695  2772 E hwc     : Failed to set screen crtc_id 6, enable 0  ret -1/Invalid argument
01-09 01:21:20.060  3684  3684 E tm_logprobe: Unable to create record: No data available
01-09 01:21:20.533  3938  4271 D SurfaceControl: Excessive delay in setPowerMode(): 505ms
01-09 01:21:20.555  3938  4271 D PowerManagerService-JNI: Excessive delay in setInteractive(false) while turning screen off: 21ms
01-09 01:21:28.088  3680  3704 D COREU   : CoreUPavpResumeS3 - Received S3 or S0 event, Notifying HWC to blank all displays
01-09 01:21:28.088  3680  3704 I COREU   : HwcNotifyPavpAllSessionsTerminated - Informing HWC all sessions are terminated
01-09 01:21:28.089  3680  3704 I COREU   : HwcNotifyPavpAllSessionsTerminated - Completed
01-09 01:21:28.102  3680  3704 D COREU   : CoreUPavpResumeS3 - Received S3 or S0 event, Notifying HWC to blank all displays
01-09 01:21:28.102  3680  3704 I COREU   : HwcNotifyPavpAllSessionsTerminated - Informing HWC all sessions are terminated
01-09 01:21:28.102  3680  3704 I COREU   : HwcNotifyPavpAllSessionsTerminated - Completed
01-09 01:21:50.797  3680  3704 D COREU   : CoreUPavpResumeS3 - Received S3 or S0 event, Notifying HWC to blank all displays
01-09 01:21:50.797  3680  3704 I COREU   : HwcNotifyPavpAllSessionsTerminated - Informing HWC all sessions are terminated
01-09 01:21:50.798  3680  3704 I COREU   : HwcNotifyPavpAllSessionsTerminated - Completed
01-09 01:21:50.799  3938  4074 I PowerManagerService: Waking up from sleep (uid 1000)...
01-09 01:21:50.799  3938  3938 V KeyguardServiceDelegate: onScreenTurnedOn(showListener = com.android.internal.policy.impl.PhoneWindowManager$2@1ea83dc3)
01-09 01:21:50.803  3938  4248 E WifiStateMachine: cancelDelayedScan -> 1061
01-09 01:21:50.804  3938  3981 I DisplayPowerController: Blocking screen on until initial contents have been drawn.
01-09 01:21:50.805  3684  3684 E tm_logprobe: Unable to create record: No data available
01-09 01:21:50.805  3684  3684 E tm_logprobe: Unable to create record: No data available
01-09 01:21:50.805  3938  3938 I Sensors : Enabling sensor 0 (iio device 1: KXCJK-1008 Accelerometer)
01-09 01:21:50.806  3938  3938 I Sensors : Setting S0 (KXCJK-1008 Accelerometer) trigger to i2c-KXCJ1008:00-dev1
01-09 01:21:50.806  3684  3684 E tm_logprobe: Unable to create record: No data available
01-09 01:21:50.813  3680  3704 D COREU   : CoreUPavpResumeS3 - Received S3 or S0 event, Notifying HWC to blank all displays
01-09 01:21:50.813  3680  3704 I COREU   : HwcNotifyPavpAllSessionsTerminated - Informing HWC all sessions are terminated
01-09 01:21:50.813  3680  3704 I COREU   : HwcNotifyPavpAllSessionsTerminated - Completed
01-09 01:21:50.820  3938  4248 E native  : do suspend false
01-09 01:21:50.821  3938  5168 V KeyguardServiceDelegate: **** SHOWN CALLED ****
01-09 01:21:50.821  3684  3684 E tm_logprobe: Unable to create record: No data available
01-09 01:21:50.893  3938  3938 I Sensors : Activation of sensor KXCJK-1008 Accelerometer took 1 ms
01-09 01:21:50.894  3938  3981 I Sensors : Sensor 0 (KXCJK-1008 Accelerometer) sampling rate set to 25
01-09 01:21:50.894  3676  3676 D AudioIntelHal/AudioPlatformState: setParameters: key value pair screen_state=on
01-09 01:21:50.895  3676  3676 D EVENT_THREAD: void CEventThread::trig(void*, uint32_t): in
01-09 01:21:50.895  3676  3676 D EVENT_THREAD: void CEventThread::trig(void*, uint32_t): out
01-09 01:21:50.895  3676  3676 E StreamManager/ParameterHandler: save: error No such file or directory
01-09 01:21:50.896  3676  3961 D EVENT_THREAD: void CEventThread::run() Do poll with timeout: -1
01-09 01:21:50.899  3684  3684 E tm_logprobe: Unable to create record: No data available
01-09 01:21:51.018  3938  4271 D PowerManagerService-JNI: Excessive delay in setInteractive(true) while turning screen on: 105ms
01-09 01:21:51.018  3938  3979 W art     : Long monitor contention event with owner method=void com.android.server.power.PowerManagerService$2.onDisplayStateChange(int) from PowerManagerService.java:1967 waiters=0 for 105ms
01-09 01:21:51.018  2695  2695 D SurfaceFlinger: Set power mode=2, type=0 flinger=0xf685c000
01-09 01:21:51.018  2695  2695 I hwc     : HWC_POWER_MODE_NORMAL
01-09 01:21:51.018  3938  4300 W art     : Long monitor contention event with owner method=void com.android.server.power.PowerManagerService$2.onDisplayStateChange(int) from PowerManagerService.java:1967 waiters=1 for 103ms
01-09 01:21:51.018  2695  2772 D hwc     : Crtc 6 EVENT_RESUME
01-09 01:21:51.019  3938  3979 I DisplayManagerService: Display device changed: DisplayDeviceInfo{"Built-in Screen": uniqueId="local:0", 1280 x 800, 60.000004 fps, supportedRefreshRates [60.000004, 60.000004], density 160, 160.0 x 160.0 dpi, appVsyncOff 7500000, presDeadline 12666666, touch INTERNAL, rotation 0, type BUILT_IN, state ON, FLAG_DEFAULT_DISPLAY, FLAG_ROTATES_WITH_CONTENT, FLAG_SECURE, FLAG_SUPPORTS_PROTECTED_BUFFERS}
01-09 01:21:51.021  3938  3970 D WifiService: acquireWifiLockLocked: WifiLock{NlpWifiLock type=2 binder=android.os.BinderProxy@2aac8be5}
01-09 01:21:51.023  3938  3938 V ActivityManager: Display changed displayId=0
01-09 01:21:51.024  3938  3981 I DisplayPowerController: Unblocked screen on after 220 ms
01-09 01:21:51.026  3938  3981 D         : Surface destroy: ANDROID_NATIVE_WINDOW_MAGIC
01-09 01:21:51.402  2695  2772 I hwc     : Drm atomic API is available and enabled
01-09 01:21:51.419  2695  2772 E hwc     : Failed to set screen crtc_id 6, enable 1  ret -1/Invalid argument
01-09 01:21:51.420  3684  3684 E tm_logprobe: Unable to create record: No data available
01-09 01:21:52.420  2695  2772 E hwc     : Display queue timeout waiting for display to signal ready
01-09 01:21:52.420  2695  2772 E hwc     : Drm Crtc6 flip completion timeout
01-09 01:21:52.421  3684  3684 E tm_logprobe: Unable to create record: No data available
01-09 01:21:52.421  3684  3684 E tm_logprobe: Unable to create record: No data available
01-09 01:21:52.421  3938  4271 D SurfaceControl: Excessive delay in setPowerMode(): 1403ms
01-09 01:21:53.626  3938  4248 E WifiStateMachine: WifiStateMachine Disconnected CMD_START_SCAN source -2 1059, 1063 -> obsolete
01-09 01:21:53.627  3684  3684 E tm_logprobe: Unable to create record: No data available
01-09 01:21:53.869  3938  4416 D WifiService: releaseWifiLockLocked: WifiLock{NlpWifiLock type=2 binder=android.os.BinderProxy@2aac8be5}
01-09 01:21:54.039  2695  2772 E hwc     : Display queue timeout waiting for display to signal ready
01-09 01:21:54.039  2695  2772 E hwc     : Drm Crtc6 flip completion timeout
01-09 01:21:54.041  3684  3684 E tm_logprobe: Unable to create record: No data available
01-09 01:21:54.041  3684  3684 E tm_logprobe: Unable to create record: No data available
01-09 01:21:55.046  2695  2772 E hwc     : Display queue timeout waiting for display to signal ready
01-09 01:21:55.046  2695  2772 E hwc     : Drm Crtc6 flip completion timeout
01-09 01:21:55.047  3684  3684 E tm_logprobe: Unable to create record: No data available
01-09 01:21:55.047  3684  3684 E tm_logprobe: Unable to create record: No data available
01-09 01:21:55.626  3938  3938 I ValidateNoPeople: skipping global notification
01-09 01:21:55.628  3938  3938 I ValidateNoPeople: skipping global notification
01-09 01:21:55.729  4833  4833 D MtpService: updating state; isCurrentUser=true, mMtpLocked=false
01-09 01:21:55.732  4833  4833 D MtpService: addStorageLocked 65537 /storage/emulated/0
01-09 01:21:55.735  4833  4833 D MtpService: updating state; isCurrentUser=true, mMtpLocked=false
01-09 01:21:55.739  4833  4833 D MtpService: starting MTP server in MTP mode
01-09 01:21:55.745  4833  4833 D MtpService: addStorageLocked 65537 /storage/emulated/0
01-09 01:21:56.865  3938  4416 W ActivityManager: getRunningAppProcesses: caller 10084 does not hold REAL_GET_TASKS; limiting output
01-09 01:21:56.878  3684  3684 E tm_logprobe: Unable to create record: No data available
01-09 01:21:56.879  3938  3938 I EntropyMixer: Writing entropy...
01-09 01:21:56.883  4923  4923 E NetworkScheduler.SchedulerReceiver: Invalid parameter app
01-09 01:21:56.883  4923  4923 E NetworkScheduler.SchedulerReceiver: Invalid package name : Perhaps you didn't include a PendingIntent in the extras?
01-09 01:21:56.884  3684  3684 E tm_logprobe: Unable to create record: No data available
01-09 01:21:56.884  3684  3684 E tm_logprobe: Unable to create record: No data available
01-09 01:21:56.886  4979  4979 I iu.Environment: update battery state; isPlugged? true*
01-09 01:21:56.888  4979  9180 I iu.UploadsManager: num queued entries: 0
01-09 01:21:56.889  4979  9180 I iu.UploadsManager: num updated entries: 0
01-09 01:21:56.894  4979  9180 I iu.SyncManager: NEXT; no task
01-09 01:21:56.898  5097  5097 I GCoreUlr: Starting service, intent=Intent { act=com.google.android.location.reporting.ACTION_UPDATE_WORLD cmp=com.google.android.gms/com.google.android.location.reporting.service.DispatchingService (has extras) }, extras=Bundle[{receiverAction=android.intent.action.ACTION_POWER_CONNECTED}]
01-09 01:21:56.903  4979 15039 I iu.FingerprintManager: Start processing all media
01-09 01:21:56.905  4979 15039 I iu.FingerprintManager: Start processing media store URI: content://media/external/images/media
01-09 01:21:56.920  5097  5097 I GCoreUlr: DispatchingService.onCreate()
01-09 01:21:56.928  4979 15039 I iu.FingerprintManager: Start processing media store URI: content://media/external/video/media
01-09 01:21:56.957  4979 15039 I iu.FingerprintManager: Start processing media store URI: content://media/phoneStorage/images/media
01-09 01:21:56.964  4979 15039 I iu.FingerprintManager: Start processing media store URI: content://media/phoneStorage/video/media
01-09 01:21:56.967  4979 15039 I iu.FingerprintManager: Finished generating fingerprints; 0.064 seconds
01-09 01:21:56.967  4979 15039 I iu.FingerprintManager:   numSeen=0 numGenerated=0 numDeleted=0 numFailed=0
01-09 01:21:57.011  5097 15043 I GCoreUlr: WorldUpdater received intent Intent { act=com.google.android.location.reporting.ACTION_UPDATE_WORLD cmp=com.google.android.gms/com.google.android.location.reporting.service.DispatchingService (has extras) } with receiverAction android.intent.action.ACTION_POWER_CONNECTED
01-09 01:21:57.052  5097 15043 I GCoreUlr: WorldUpdater:android.intent.action.ACTION_POWER_CONNECTED: Ensuring that reporting is stopped because of reasons: (no Google accounts)
01-09 01:21:57.057  5097 15043 I GCoreUlr: Unbound from all location providers
01-09 01:21:57.077  5097  5097 I GCoreUlr: DispatchingService.onDestroy()
01-09 01:21:57.083  5097  5097 I GCoreUlr: Unbound from all location providers
01-09 01:21:57.391  2695  2772 E hwc     : Display queue timeout waiting for display to signal ready
01-09 01:21:57.391  2695  2772 E hwc     : Drm Crtc6 flip completion timeout
01-09 01:21:57.392  3684  3684 E tm_logprobe: Unable to create record: No data available
01-09 01:21:57.392  3684  3684 E tm_logprobe: Unable to create record: No data available
01-09 01:21:58.397  2695  2772 E hwc     : Display queue timeout waiting for display to signal ready
01-09 01:21:58.398  2695  2772 E hwc     : Drm Crtc6 flip completion timeout
01-09 01:21:58.400  3684  3684 E tm_logprobe: Unable to create record: No data available
01-09 01:21:58.400  3684  3684 E tm_logprobe: Unable to create record: No data available
01-09 01:21:58.403  4452  4452 I Choreographer: Skipped 155 frames!  The application may be doing too much work on its main thread.
01-09 01:22:00.093  2695  2772 E hwc     : Display queue timeout waiting for display to signal ready
01-09 01:22:00.093  2695  2772 E hwc     : Drm Crtc6 flip completion timeout
01-09 01:22:00.094  3684  3684 E tm_logprobe: Unable to create record: No data available
01-09 01:22:00.094  3684  3684 E tm_logprobe: Unable to create record: No data available
01-09 01:22:01.099  2695  2772 E hwc     : Display queue timeout waiting for display to signal ready
01-09 01:22:01.099  2695  2772 E hwc     : Drm Crtc6 flip completion timeout
01-09 01:22:01.102  3684  3684 E tm_logprobe: Unable to create record: No data available
01-09 01:22:01.102  3684  3684 E tm_logprobe: Unable to create record: No data available
01-09 01:22:02.807  2695  2772 E hwc     : Display queue timeout waiting for display to signal ready
01-09 01:22:02.807  2695  2772 E hwc     : Drm Crtc6 flip completion timeout
01-09 01:22:02.809  3684  3684 E tm_logprobe: Unable to create record: No data available
01-09 01:22:02.809  3684  3684 E tm_logprobe: Unable to create record: No data available
01-09 01:22:03.813  2695  2772 E hwc     : Display queue timeout waiting for display to signal ready
01-09 01:22:03.813  2695  2772 E hwc     : Drm Crtc6 flip completion timeout
01-09 01:22:03.816  3684  3684 E tm_logprobe: Unable to create record: No data available
01-09 01:22:03.816  3684  3684 E tm_logprobe: Unable to create record: No data available
01-09 01:22:04.830  2695  2772 E hwc     : Display queue timeout waiting for display to signal ready
01-09 01:22:04.830  2695  2772 E hwc     : Drm Crtc6 flip completion timeout
01-09 01:22:04.832  3684  3684 E tm_logprobe: Unable to create record: No data available
01-09 01:22:04.832  3684  3684 E tm_logprobe: Unable to create record: No data available
01-09 01:22:06.881  3938  3981 I PowerManagerService: Going to sleep due to screen timeout (uid 1000)...
01-09 01:22:06.881  3938  3981 I PowerManagerService: Sleeping (uid 1000)...
01-09 01:22:06.882  3938  3938 I Sensors : Sensor 0 (KXCJK-1008 Accelerometer) sampling rate set to 12.5
01-09 01:22:06.884  3684  3684 E tm_logprobe: Unable to create record: No data available
01-09 01:22:06.885  3684  3684 E tm_logprobe: Unable to create record: No data available
01-09 01:22:06.887  3938  3981 D         : Pixel Format : GGL_PIXEL_FORMAT_RGBA_8888
01-09 01:22:06.889  3938  3981 D         : Updating FBO content dimensions 1280x800
01-09 01:22:06.909  3938  3938 I Sensors : Disabling sensor 0 (iio device 1: KXCJK-1008 Accelerometer)
01-09 01:22:06.910  3938  4248 E WifiStateMachine: cancelDelayedScan -> 1065
01-09 01:22:06.912  3684  3684 E tm_logprobe: Unable to create record: No data available
01-09 01:22:06.913  3938  4248 E native  : do suspend true
01-09 01:22:06.915  3684  3684 E tm_logprobe: Unable to create record: No data available
01-09 01:22:06.916  4452  4452 D PhoneStatusBar: disable: < expand ICONS alerts SYSTEM_INFO back HOME RECENT clock SEARCH >
01-09 01:22:06.918  3676  4548 D AudioIntelHal/AudioPlatformState: setParameters: key value pair screen_state=off
01-09 01:22:06.918  3676  4548 D EVENT_THREAD: void CEventThread::trig(void*, uint32_t): in
01-09 01:22:06.918  3676  4548 D EVENT_THREAD: void CEventThread::trig(void*, uint32_t): out
01-09 01:22:06.918  3676  4548 E StreamManager/ParameterHandler: save: error No such file or directory
01-09 01:22:06.919  3676  3961 D EVENT_THREAD: void CEventThread::run() Do poll with timeout: -1
01-09 01:22:06.919  3684  3684 E tm_logprobe: Unable to create record: No data available
01-09 01:22:06.970  3938  3981 D         : Updating FBO content dimensions 1280x800
01-09 01:22:07.228  2695  2695 E hwc     : DRM Crtc6 display worker tid:2772 - display last displayed frame frame:15839 [timeline:15840] [new frame frame:15856 [timeline:15857]]
01-09 01:22:07.230  3684  3684 E tm_logprobe: Unable to create record: No data available
01-09 01:22:07.247  2695  2695 E hwc     : DRM Crtc6 display worker tid:2772 - display last displayed frame frame:15839 [timeline:15840] [new frame frame:15857 [timeline:15858]]
01-09 01:22:07.249  3684  3684 E tm_logprobe: Unable to create record: No data available
01-09 01:22:07.261  2695  2695 E hwc     : DRM Crtc6 display worker tid:2772 - display last displayed frame frame:15839 [timeline:15840] [new frame frame:15858 [timeline:15859]]
01-09 01:22:07.264  3684  3684 E tm_logprobe: Unable to create record: No data available
01-09 01:22:07.281  2695  2695 E hwc     : DRM Crtc6 display worker tid:2772 - display last displayed frame frame:15839 [timeline:15840] [new frame frame:15859 [timeline:15860]]
01-09 01:22:07.283  3684  3684 E tm_logprobe: Unable to create record: No data available
01-09 01:22:07.401  2695  2695 E hwc     : waitForFirstAvailableBuffer: Timeout waiting for client to release buffers. Reusing an old buffer.
01-09 01:22:07.402  2695  2695 E hwc     : DRM Crtc6 display worker tid:2772 - display last displayed frame frame:15839 [timeline:15840] [new frame frame:15860 [timeline:15861]]
01-09 01:22:07.403  3684  3684 E tm_logprobe: Unable to create record: No data available
01-09 01:22:07.406  3684  3684 E tm_logprobe: Unable to create record: No data available
01-09 01:22:07.516  2695  2695 E hwc     : waitForFirstAvailableBuffer: Timeout waiting for client to release buffers. Reusing an old buffer.
01-09 01:22:07.517  3684  3684 E tm_logprobe: Unable to create record: No data available
01-09 01:22:07.517  2695  2695 E hwc     : DRM Crtc6 display worker tid:2772 - display last displayed frame frame:15839 [timeline:15840] [new frame frame:15861 [timeline:15862]]
01-09 01:22:07.519  3684  3684 E tm_logprobe: Unable to create record: No data available
01-09 01:22:07.522  3938  3979 I DisplayManagerService: Display device changed: DisplayDeviceInfo{"Built-in Screen": uniqueId="local:0", 1280 x 800, 60.000004 fps, supportedRefreshRates [60.000004, 60.000004], density 160, 160.0 x 160.0 dpi, appVsyncOff 7500000, presDeadline 12666666, touch INTERNAL, rotation 0, type BUILT_IN, state OFF, FLAG_DEFAULT_DISPLAY, FLAG_ROTATES_WITH_CONTENT, FLAG_SECURE, FLAG_SUPPORTS_PROTECTED_BUFFERS}
01-09 01:22:07.523  3938  3938 V ActivityManager: Display changed displayId=0
01-09 01:22:07.630  2695  2695 E hwc     : waitForFirstAvailableBuffer: Timeout waiting for client to release buffers. Reusing an old buffer.
01-09 01:22:07.632  2695  2695 E hwc     : DRM Crtc6 display worker tid:2772 - display last displayed frame frame:15839 [timeline:15840] [new frame frame:15862 [timeline:15863]]
01-09 01:22:07.632  3684  3684 E tm_logprobe: Unable to create record: No data available
01-09 01:22:07.633  2695  2695 D SurfaceFlinger: Set power mode=0, type=0 flinger=0xf685c000
01-09 01:22:07.633  2695  2695 I hwc     : HWC_POWER_MODE_OFF
01-09 01:22:07.634  3684  3684 E tm_logprobe: Unable to create record: No data available
01-09 01:22:08.635  2695  2772 E hwc     : Display queue timeout waiting for display to signal ready
01-09 01:22:08.635  2695  2772 E hwc     : Drm Crtc6 flip completion timeout
01-09 01:22:08.635  2695  2772 D hwc     : Crtc 6 EVENT_SUSPEND
01-09 01:22:08.637  3684  3684 E tm_logprobe: Unable to create record: No data available
01-09 01:22:08.637  3684  3684 E tm_logprobe: Unable to create record: No data available
01-09 01:22:08.986  3684  3684 E tm_logprobe: Unable to create record: No data available
01-09 01:22:08.999  3938  3981 I PowerManagerService: Waking up from sleep (uid 1000)...
01-09 01:22:09.004  3938  3981 I DisplayPowerController: Blocking screen on until initial contents have been drawn.
01-09 01:22:09.006  3938  3938 I Sensors : Sensor 0 (KXCJK-1008 Accelerometer) sampling rate set to 25
01-09 01:22:09.006  4979  4979 I iu.Environment: update battery state; isPlugged? false*
01-09 01:22:09.007  3684  3684 E tm_logprobe: Unable to create record: No data available
01-09 01:22:09.007  3684  3684 E tm_logprobe: Unable to create record: No data available
01-09 01:22:09.010  4979  9180 I iu.UploadsManager: num queued entries: 0
01-09 01:22:09.010  4979  9180 I iu.UploadsManager: num updated entries: 0
01-09 01:22:09.012  4979  9180 I iu.SyncManager: NEXT; no task
01-09 01:22:09.014  5097  5097 I GCoreUlr: Starting service, intent=Intent { act=com.google.android.location.reporting.ACTION_UPDATE_WORLD cmp=com.google.android.gms/com.google.android.location.reporting.service.DispatchingService (has extras) }, extras=Bundle[{receiverAction=android.intent.action.ACTION_POWER_DISCONNECTED}]
01-09 01:22:09.023  3938  3938 I Sensors : Enabling sensor 0 (iio device 1: KXCJK-1008 Accelerometer)
01-09 01:22:09.023  3938  3938 I Sensors : Setting S0 (KXCJK-1008 Accelerometer) trigger to i2c-KXCJ1008:00-dev1
01-09 01:22:09.024  5097  5097 I GCoreUlr: DispatchingService.onCreate()
01-09 01:22:09.031  3938  3938 V KeyguardServiceDelegate: onScreenTurnedOn(showListener = com.android.internal.policy.impl.PhoneWindowManager$2@1ea83dc3)
01-09 01:22:09.039  3676  9961 D AudioIntelHal/AudioPlatformState: setParameters: key value pair screen_state=on
01-09 01:22:09.039  3676  9961 D EVENT_THREAD: void CEventThread::trig(void*, uint32_t): in
01-09 01:22:09.039  3676  9961 D EVENT_THREAD: void CEventThread::trig(void*, uint32_t): out
01-09 01:22:09.039  3676  9961 E StreamManager/ParameterHandler: save: error No such file or directory
01-09 01:22:09.040  3676  3961 D EVENT_THREAD: void CEventThread::run() Do poll with timeout: -1
01-09 01:22:09.042  3684  3684 E tm_logprobe: Unable to create record: No data available
01-09 01:22:09.044  3938  4248 E WifiStateMachine: cancelDelayedScan -> 1066
01-09 01:22:09.047  3684  3684 E tm_logprobe: Unable to create record: No data available
01-09 01:22:09.049  3938  4248 E native  : do suspend false
01-09 01:22:09.050  3684  3684 E tm_logprobe: Unable to create record: No data available
01-09 01:22:09.107  4923  9772 I art     : Explicit concurrent mark sweep GC freed 12981(574KB) AllocSpace objects, 0(0B) LOS objects, 39% free, 3MB/5MB, paused 599us total 22.857ms
01-09 01:22:09.116  5097 15207 I GCoreUlr: WorldUpdater received intent Intent { act=com.google.android.location.reporting.ACTION_UPDATE_WORLD cmp=com.google.android.gms/com.google.android.location.reporting.service.DispatchingService (has extras) } with receiverAction android.intent.action.ACTION_POWER_DISCONNECTED
01-09 01:22:09.142  5097 15207 I GCoreUlr: WorldUpdater:android.intent.action.ACTION_POWER_DISCONNECTED: Ensuring that reporting is stopped because of reasons: (no Google accounts)
01-09 01:22:09.145  5097 15207 I GCoreUlr: Unbound from all location providers
01-09 01:22:09.155  5097  5097 I GCoreUlr: DispatchingService.onDestroy()
01-09 01:22:09.158  5097  5097 I GCoreUlr: Unbound from all location providers
01-09 01:22:10.006  3938  3977 W WindowManager: Keyguard drawn timeout. Setting mKeyguardDrawComplete
01-09 01:22:11.020  3938  4248 E WifiStateMachine: WifiStateMachine Disconnected CMD_START_SCAN source -2 1064, 1068 -> obsolete
01-09 01:22:11.022  3684  3684 E tm_logprobe: Unable to create record: No data available
01-09 01:22:11.642  2695  2772 E hwc     : Drm Crtc6 wait flip completion timed out [3000ms].
01-09 01:22:11.642  2695  2772 E hwc     : Drm Crtc6 Forcing flip completion for frame <no valid frameId>
01-09 01:22:11.642  2695  2772 E hwc     : Failed to set screen crtc_id 6, enable 0  ret -1/Invalid argument
01-09 01:22:11.644  3684  3684 E tm_logprobe: Unable to create record: No data available
01-09 01:22:11.644  3684  3684 E tm_logprobe: Unable to create record: No data available
01-09 01:22:11.645  3684  3684 E tm_logprobe: Unable to create record: No data available
01-09 01:22:12.125  3938  4271 D SurfaceControl: Excessive delay in setPowerMode(): 4602ms
01-09 01:22:12.125  3938  3979 W WindowManager: Timeout waiting for drawn: undrawn=[Window{a28ea8b u0 StatusBar}]
01-09 01:22:12.125  3938  4415 W art     : Long monitor contention event with owner method=void com.android.server.wm.WindowAnimator$1.run() from WindowAnimator.java:124 waiters=0 for 3.053s
01-09 01:22:12.126  3938  3979 W WindowManager: Window freeze timeout expired.
01-09 01:22:12.126  3938  3979 W WindowManager: Force clearing orientation change: Window{a28ea8b u0 StatusBar}
01-09 01:22:12.126  3938  3981 I DisplayPowerController: Unblocked screen on after 3122 ms
01-09 01:22:12.130  3938  4414 V KeyguardServiceDelegate: **** SHOWN CALLED ****
01-09 01:22:12.130  3938  3981 D         : Surface destroy: ANDROID_NATIVE_WINDOW_MAGIC
01-09 01:22:12.146  3938  4271 D PowerManagerService-JNI: Excessive delay in setInteractive(false) while turning screen off: 21ms
01-09 01:22:12.254  3938  4271 D PowerManagerService-JNI: Excessive delay in setInteractive(true) while turning screen on: 108ms
01-09 01:22:12.255  2695  2695 D SurfaceFlinger: Set power mode=2, type=0 flinger=0xf685c000
01-09 01:22:12.256  2695  2695 I hwc     : HWC_POWER_MODE_NORMAL
01-09 01:22:12.256  2695  2772 D hwc     : Crtc 6 EVENT_RESUME
01-09 01:22:12.259  3938  3979 I DisplayManagerService: Display device changed: DisplayDeviceInfo{"Built-in Screen": uniqueId="local:0", 1280 x 800, 60.000004 fps, supportedRefreshRates [60.000004, 60.000004], density 160, 160.0 x 160.0 dpi, appVsyncOff 7500000, presDeadline 12666666, touch INTERNAL, rotation 0, type BUILT_IN, state ON, FLAG_DEFAULT_DISPLAY, FLAG_ROTATES_WITH_CONTENT, FLAG_SECURE, FLAG_SUPPORTS_PROTECTED_BUFFERS}
01-09 01:22:12.261  3938  3938 V ActivityManager: Display changed displayId=0
01-09 01:22:12.288  3938  5173 D WifiService: acquireWifiLockLocked: WifiLock{NlpWifiLock type=2 binder=android.os.BinderProxy@2aac8be5}
01-09 01:22:12.312  3938  4414 D WifiService: releaseWifiLockLocked: WifiLock{NlpWifiLock type=2 binder=android.os.BinderProxy@2aac8be5}
01-09 01:22:12.740  2695  2772 I hwc     : Drm atomic API is available and enabled
01-09 01:22:12.756  2695  2772 E hwc     : Failed to set screen crtc_id 6, enable 1  ret -1/Invalid argument
01-09 01:22:12.758  3684  3684 E tm_logprobe: Unable to create record: No data available
01-09 01:22:13.758  2695  2772 E hwc     : Display queue timeout waiting for display to signal ready
01-09 01:22:13.758  2695  2772 E hwc     : Drm Crtc6 flip completion timeout
01-09 01:22:13.760  3684  3684 E tm_logprobe: Unable to create record: No data available
01-09 01:22:13.760  3684  3684 E tm_logprobe: Unable to create record: No data available
01-09 01:22:13.808  3938  4271 D SurfaceControl: Excessive delay in setPowerMode(): 1553ms
01-09 01:22:13.811  4452  4452 I Choreographer: Skipped 87 frames!  The application may be doing too much work on its main thread.
01-09 01:22:15.458  2695  2772 E hwc     : Display queue timeout waiting for display to signal ready
01-09 01:22:15.458  2695  2772 E hwc     : Drm Crtc6 flip completion timeout
01-09 01:22:15.460  3684  3684 E tm_logprobe: Unable to create record: No data available
01-09 01:22:15.460  3684  3684 E tm_logprobe: Unable to create record: No data available
01-09 01:22:16.465  2695  2772 E hwc     : Display queue timeout waiting for display to signal ready
01-09 01:22:16.466  2695  2772 E hwc     : Drm Crtc6 flip completion timeout
01-09 01:22:16.468  3684  3684 E tm_logprobe: Unable to create record: No data available
01-09 01:22:16.468  3684  3684 E tm_logprobe: Unable to create record: No data available
01-09 01:22:17.499  2695  2772 E hwc     : Display queue timeout waiting for display to signal ready
01-09 01:22:17.499  2695  2772 E hwc     : Drm Crtc6 flip completion timeout
01-09 01:22:17.500  3684  3684 E tm_logprobe: Unable to create record: No data available
01-09 01:22:17.500  3684  3684 E tm_logprobe: Unable to create record: No data available
01-09 01:22:19.000  3938  3981 I PowerManagerService: Going to sleep due to screen timeout (uid 1000)...
01-09 01:22:19.001  3938  3981 I PowerManagerService: Sleeping (uid 1000)...
01-09 01:22:19.001  3938  3938 I Sensors : Sensor 0 (KXCJK-1008 Accelerometer) sampling rate set to 12.5
01-09 01:22:19.002  3684  3684 E tm_logprobe: Unable to create record: No data available
01-09 01:22:19.003  3684  3684 E tm_logprobe: Unable to create record: No data available
01-09 01:22:19.020  3938  3981 D         : Pixel Format : GGL_PIXEL_FORMAT_RGBA_8888
01-09 01:22:19.021  3938  3981 D         : Updating FBO content dimensions 1280x800
01-09 01:22:19.025  3938  3938 I Sensors : Disabling sensor 0 (iio device 1: KXCJK-1008 Accelerometer)
01-09 01:22:19.026  3938  4248 E WifiStateMachine: cancelDelayedScan -> 1069
01-09 01:22:19.029  3938  4248 E native  : do suspend true
01-09 01:22:19.032  3684  3684 E tm_logprobe: Unable to create record: No data available
01-09 01:22:19.032  3684  3684 E tm_logprobe: Unable to create record: No data available
01-09 01:22:19.034  3938  3938 I Sensors : Deactivation of sensor KXCJK-1008 Accelerometer took 1 ms
01-09 01:22:19.035  3676  4547 D AudioIntelHal/AudioPlatformState: setParameters: key value pair screen_state=off
01-09 01:22:19.036  3676  4547 D EVENT_THREAD: void CEventThread::trig(void*, uint32_t): in
01-09 01:22:19.036  3676  4547 D EVENT_THREAD: void CEventThread::trig(void*, uint32_t): out
01-09 01:22:19.036  3676  4547 E StreamManager/ParameterHandler: save: error No such file or directory
01-09 01:22:19.037  3676  3961 D EVENT_THREAD: void CEventThread::run() Do poll with timeout: -1
01-09 01:22:19.040  3684  3684 E tm_logprobe: Unable to create record: No data available
01-09 01:22:19.044  4452  4452 D PhoneStatusBar: disable: < expand ICONS alerts SYSTEM_INFO back HOME RECENT clock SEARCH >
01-09 01:22:19.102  3938  3981 D         : Updating FBO content dimensions 1280x800
01-09 01:22:19.248  3938  4248 E WifiStateMachine: WifiStateMachine Disconnected CMD_START_SCAN source -2 1068, 1069 -> obsolete
01-09 01:22:19.249  3684  3684 E tm_logprobe: Unable to create record: No data available
01-09 01:22:19.361  2695  2695 E hwc     : DRM Crtc6 display worker tid:2772 - display last displayed frame frame:15870 [timeline:15871] [new frame frame:15887 [timeline:15888]]
01-09 01:22:19.364  3684  3684 E tm_logprobe: Unable to create record: No data available
01-09 01:22:19.378  2695  2695 E hwc     : DRM Crtc6 display worker tid:2772 - display last displayed frame frame:15870 [timeline:15871] [new frame frame:15888 [timeline:15889]]
01-09 01:22:19.381  3684  3684 E tm_logprobe: Unable to create record: No data available
01-09 01:22:19.395  2695  2695 E hwc     : DRM Crtc6 display worker tid:2772 - display last displayed frame frame:15870 [timeline:15871] [new frame frame:15889 [timeline:15890]]
01-09 01:22:19.397  3684  3684 E tm_logprobe: Unable to create record: No data available
01-09 01:22:19.413  2695  2695 E hwc     : DRM Crtc6 display worker tid:2772 - display last displayed frame frame:15870 [timeline:15871] [new frame frame:15890 [timeline:15891]]
01-09 01:22:19.415  3684  3684 E tm_logprobe: Unable to create record: No data available
01-09 01:22:19.535  2695  2695 E hwc     : waitForFirstAvailableBuffer: Timeout waiting for client to release buffers. Reusing an old buffer.
01-09 01:22:19.537  2695  2695 E hwc     : DRM Crtc6 display worker tid:2772 - display last displayed frame frame:15870 [timeline:15871] [new frame frame:15891 [timeline:15892]]
01-09 01:22:19.537  3684  3684 E tm_logprobe: Unable to create record: No data available
01-09 01:22:19.539  3684  3684 E tm_logprobe: Unable to create record: No data available
01-09 01:22:19.653  2695  2695 E hwc     : waitForFirstAvailableBuffer: Timeout waiting for client to release buffers. Reusing an old buffer.
01-09 01:22:19.655  2695  2695 E hwc     : DRM Crtc6 display worker tid:2772 - display last displayed frame frame:15870 [timeline:15871] [new frame frame:15892 [timeline:15893]]
01-09 01:22:19.655  3684  3684 E tm_logprobe: Unable to create record: No data available
01-09 01:22:19.657  3684  3684 E tm_logprobe: Unable to create record: No data available
01-09 01:22:19.662  3938  3979 I DisplayManagerService: Display device changed: DisplayDeviceInfo{"Built-in Screen": uniqueId="local:0", 1280 x 800, 60.000004 fps, supportedRefreshRates [60.000004, 60.000004], density 160, 160.0 x 160.0 dpi, appVsyncOff 7500000, presDeadline 12666666, touch INTERNAL, rotation 0, type BUILT_IN, state OFF, FLAG_DEFAULT_DISPLAY, FLAG_ROTATES_WITH_CONTENT, FLAG_SECURE, FLAG_SUPPORTS_PROTECTED_BUFFERS}
01-09 01:22:19.663  3938  3938 V ActivityManager: Display changed displayId=0
01-09 01:22:19.771  2695  2695 E hwc     : waitForFirstAvailableBuffer: Timeout waiting for client to release buffers. Reusing an old buffer.
01-09 01:22:19.773  2695  2695 E hwc     : DRM Crtc6 display worker tid:2772 - display last displayed frame frame:15870 [timeline:15871] [new frame frame:15893 [timeline:15894]]
01-09 01:22:19.773  3684  3684 E tm_logprobe: Unable to create record: No data available
01-09 01:22:19.773  3684  3684 E tm_logprobe: Unable to create record: No data available
01-09 01:22:19.773  2695  2695 D SurfaceFlinger: Set power mode=0, type=0 flinger=0xf685c000
01-09 01:22:19.774  2695  2695 I hwc     : HWC_POWER_MODE_OFF
01-09 01:22:20.776  2695  2772 E hwc     : Display queue timeout waiting for display to signal ready
01-09 01:22:20.776  2695  2772 E hwc     : Drm Crtc6 flip completion timeout
01-09 01:22:20.776  2695  2772 D hwc     : Crtc 6 EVENT_SUSPEND
01-09 01:22:20.778  3684  3684 E tm_logprobe: Unable to create record: No data available
01-09 01:22:20.778  3684  3684 E tm_logprobe: Unable to create record: No data available
01-09 01:22:23.783  2695  2772 E hwc     : Drm Crtc6 wait flip completion timed out [3000ms].
01-09 01:22:23.783  2695  2772 E hwc     : Drm Crtc6 Forcing flip completion for frame <no valid frameId>
01-09 01:22:23.783  2695  2772 E hwc     : Failed to set screen crtc_id 6, enable 0  ret -1/Invalid argument
01-09 01:22:23.784  3684  3684 E tm_logprobe: Unable to create record: No data available
01-09 01:22:23.784  3684  3684 E tm_logprobe: Unable to create record: No data available
01-09 01:22:23.784  3684  3684 E tm_logprobe: Unable to create record: No data available
01-09 01:22:24.264  3938  4271 D SurfaceControl: Excessive delay in setPowerMode(): 4602ms
01-09 01:22:24.286  3938  4271 D PowerManagerService-JNI: Excessive delay in setInteractive(false) while turning screen off: 21ms
01-09 01:22:38.053  3680  3704 D COREU   : CoreUPavpResumeS3 - Received S3 or S0 event, Notifying HWC to blank all displays
01-09 01:22:38.053  3680  3704 I COREU   : HwcNotifyPavpAllSessionsTerminated - Informing HWC all sessions are terminated
01-09 01:22:38.054  3680  3704 I COREU   : HwcNotifyPavpAllSessionsTerminated - Completed
01-09 01:22:38.056  3938  4074 I PowerManagerService: Waking up from sleep (uid 1000)...
01-09 01:22:38.056  3938  3938 V KeyguardServiceDelegate: onScreenTurnedOn(showListener = com.android.internal.policy.impl.PhoneWindowManager$2@1ea83dc3)
01-09 01:22:38.058  3684  3684 E tm_logprobe: Unable to create record: No data available
01-09 01:22:38.059  3684  3684 E tm_logprobe: Unable to create record: No data available
