01-09 00:59:54.905  3938  3979 I DisplayManagerService: Display device changed: DisplayDeviceInfo{"Built-in Screen": uniqueId="local:0", 1280 x 800, 60.000004 fps, supportedRefreshRates [60.000004, 60.000004], density 160, 160.0 x 160.0 dpi, appVsyncOff 7500000, presDeadline 12666666, touch INTERNAL, rotation 0, type BUILT_IN, state ON, FLAG_DEFAULT_DISPLAY, FLAG_ROTATES_WITH_CONTENT, FLAG_SECURE, FLAG_SUPPORTS_PROTECTED_BUFFERS}
01-09 00:59:54.908  3938  3938 V ActivityManager: Display changed displayId=0
01-09 00:59:54.910  3938  3981 I DisplayPowerController: Unblocked screen on after 183 ms
01-09 00:59:54.949  3938  4416 D WifiService: acquireWifiLockLocked: WifiLock{NlpWifiLock type=2 binder=android.os.BinderProxy@2aad591a}
01-09 00:59:54.966  3938  4255 D WifiService: releaseWifiLockLocked: WifiLock{NlpWifiLock type=2 binder=android.os.BinderProxy@2aad591a}
01-09 00:59:55.821  3938  5167 I PowerManagerService: Going to sleep due to power button (uid 1000)...
01-09 00:59:55.822  3938  3981 I PowerManagerService: Sleeping (uid 1000)...
01-09 00:59:56.354  3938  3979 I DisplayManagerService: Display device changed: DisplayDeviceInfo{"Built-in Screen": uniqueId="local:0", 1280 x 800, 60.000004 fps, supportedRefreshRates [60.000004, 60.000004], density 160, 160.0 x 160.0 dpi, appVsyncOff 7500000, presDeadline 12666666, touch INTERNAL, rotation 0, type BUILT_IN, state OFF, FLAG_DEFAULT_DISPLAY, FLAG_ROTATES_WITH_CONTENT, FLAG_SECURE, FLAG_SUPPORTS_PROTECTED_BUFFERS}
01-09 00:59:56.354  3938  3938 V ActivityManager: Display changed displayId=0
01-09 01:00:00.841  3938  4950 I PowerManagerService: Waking up from sleep (uid 1000)...
01-09 01:00:00.842  3938  3981 I DisplayPowerController: Blocking screen on until initial contents have been drawn.
01-09 01:00:01.018  3938  3979 I DisplayManagerService: Display device changed: DisplayDeviceInfo{"Built-in Screen": uniqueId="local:0", 1280 x 800, 60.000004 fps, supportedRefreshRates [60.000004, 60.000004], density 160, 160.0 x 160.0 dpi, appVsyncOff 7500000, presDeadline 12666666, touch INTERNAL, rotation 0, type BUILT_IN, state ON, FLAG_DEFAULT_DISPLAY, FLAG_ROTATES_WITH_CONTENT, FLAG_SECURE, FLAG_SUPPORTS_PROTECTED_BUFFERS}
01-09 01:00:01.022  3938  3938 V ActivityManager: Display changed displayId=0
01-09 01:00:01.024  3938  3981 I DisplayPowerController: Unblocked screen on after 182 ms
01-09 01:00:01.079  3938  4412 D WifiService: acquireWifiLockLocked: WifiLock{NlpWifiLock type=2 binder=android.os.BinderProxy@81e3cca}
01-09 01:00:01.101  3938  3970 D WifiService: releaseWifiLockLocked: WifiLock{NlpWifiLock type=2 binder=android.os.BinderProxy@81e3cca}
01-09 01:00:02.478  3938  4413 I PowerManagerService: Going to sleep due to power button (uid 1000)...
01-09 01:00:02.479  3938  3981 I PowerManagerService: Sleeping (uid 1000)...
01-09 01:00:03.013  3938  3979 I DisplayManagerService: Display device changed: DisplayDeviceInfo{"Built-in Screen": uniqueId="local:0", 1280 x 800, 60.000004 fps, supportedRefreshRates [60.000004, 60.000004], density 160, 160.0 x 160.0 dpi, appVsyncOff 7500000, presDeadline 12666666, touch INTERNAL, rotation 0, type BUILT_IN, state OFF, FLAG_DEFAULT_DISPLAY, FLAG_ROTATES_WITH_CONTENT, FLAG_SECURE, FLAG_SUPPORTS_PROTECTED_BUFFERS}
01-09 01:00:03.015  3938  3938 V ActivityManager: Display changed displayId=0
01-09 01:00:07.498  3938  5168 I PowerManagerService: Waking up from sleep (uid 1000)...
01-09 01:00:07.498  3938  3981 I DisplayPowerController: Blocking screen on until initial contents have been drawn.
01-09 01:00:07.675  3938  3979 I DisplayManagerService: Display device changed: DisplayDeviceInfo{"Built-in Screen": uniqueId="local:0", 1280 x 800, 60.000004 fps, supportedRefreshRates [60.000004, 60.000004], density 160, 160.0 x 160.0 dpi, appVsyncOff 7500000, presDeadline 12666666, touch INTERNAL, rotation 0, type BUILT_IN, state ON, FLAG_DEFAULT_DISPLAY, FLAG_ROTATES_WITH_CONTENT, FLAG_SECURE, FLAG_SUPPORTS_PROTECTED_BUFFERS}
01-09 01:00:07.680  3938  3938 V ActivityManager: Display changed displayId=0
01-09 01:00:07.682  3938  3981 I DisplayPowerController: Unblocked screen on after 184 ms
01-09 01:00:07.725  3938  5171 D WifiService: acquireWifiLockLocked: WifiLock{NlpWifiLock type=2 binder=android.os.BinderProxy@81e3cca}
01-09 01:00:07.746  3938  5168 D WifiService: releaseWifiLockLocked: WifiLock{NlpWifiLock type=2 binder=android.os.BinderProxy@81e3cca}
01-09 01:00:08.593  3938  4255 I PowerManagerService: Going to sleep due to power button (uid 1000)...
01-09 01:00:08.594  3938  3981 I PowerManagerService: Sleeping (uid 1000)...
01-09 01:00:09.122  3938  3979 I DisplayManagerService: Display device changed: DisplayDeviceInfo{"Built-in Screen": uniqueId="local:0", 1280 x 800, 60.000004 fps, supportedRefreshRates [60.000004, 60.000004], density 160, 160.0 x 160.0 dpi, appVsyncOff 7500000, presDeadline 12666666, touch INTERNAL, rotation 0, type BUILT_IN, state OFF, FLAG_DEFAULT_DISPLAY, FLAG_ROTATES_WITH_CONTENT, FLAG_SECURE, FLAG_SUPPORTS_PROTECTED_BUFFERS}
01-09 01:00:09.124  3938  3938 V ActivityManager: Display changed displayId=0
01-09 01:00:13.615  3938  5172 I PowerManagerService: Waking up from sleep (uid 1000)...
01-09 01:00:13.615  3938  3981 I DisplayPowerController: Blocking screen on until initial contents have been drawn.
01-09 01:00:13.789  3938  3979 I DisplayManagerService: Display device changed: DisplayDeviceInfo{"Built-in Screen": uniqueId="local:0", 1280 x 800, 60.000004 fps, supportedRefreshRates [60.000004, 60.000004], density 160, 160.0 x 160.0 dpi, appVsyncOff 7500000, presDeadline 12666666, touch INTERNAL, rotation 0, type BUILT_IN, state ON, FLAG_DEFAULT_DISPLAY, FLAG_ROTATES_WITH_CONTENT, FLAG_SECURE, FLAG_SUPPORTS_PROTECTED_BUFFERS}
01-09 01:00:13.792  3938  3938 V ActivityManager: Display changed displayId=0
01-09 01:00:13.794  3938  3981 I DisplayPowerController: Unblocked screen on after 179 ms
01-09 01:00:13.842  3938  4416 D WifiService: acquireWifiLockLocked: WifiLock{NlpWifiLock type=2 binder=android.os.BinderProxy@81e3cca}
01-09 01:00:13.860  3938  4255 D WifiService: releaseWifiLockLocked: WifiLock{NlpWifiLock type=2 binder=android.os.BinderProxy@81e3cca}
01-09 01:00:14.717  3938  4951 I PowerManagerService: Going to sleep due to power button (uid 1000)...
01-09 01:00:14.717  3938  3981 I PowerManagerService: Sleeping (uid 1000)...
01-09 01:00:15.264  3938  3979 I DisplayManagerService: Display device changed: DisplayDeviceInfo{"Built-in Screen": uniqueId="local:0", 1280 x 800, 60.000004 fps, supportedRefreshRates [60.000004, 60.000004], density 160, 160.0 x 160.0 dpi, appVsyncOff 7500000, presDeadline 12666666, touch INTERNAL, rotation 0, type BUILT_IN, state OFF, FLAG_DEFAULT_DISPLAY, FLAG_ROTATES_WITH_CONTENT, FLAG_SECURE, FLAG_SUPPORTS_PROTECTED_BUFFERS}
01-09 01:00:15.265  3938  3938 V ActivityManager: Display changed displayId=0
01-09 01:00:19.740  3938  3970 I PowerManagerService: Waking up from sleep (uid 1000)...
01-09 01:00:19.741  3938  3981 I DisplayPowerController: Blocking screen on until initial contents have been drawn.
01-09 01:00:19.919  3938  3979 I DisplayManagerService: Display device changed: DisplayDeviceInfo{"Built-in Screen": uniqueId="local:0", 1280 x 800, 60.000004 fps, supportedRefreshRates [60.000004, 60.000004], density 160, 160.0 x 160.0 dpi, appVsyncOff 7500000, presDeadline 12666666, touch INTERNAL, rotation 0, type BUILT_IN, state ON, FLAG_DEFAULT_DISPLAY, FLAG_ROTATES_WITH_CONTENT, FLAG_SECURE, FLAG_SUPPORTS_PROTECTED_BUFFERS}
01-09 01:00:19.922  3938  3938 V ActivityManager: Display changed displayId=0
01-09 01:00:19.924  3938  3981 I DisplayPowerController: Unblocked screen on after 183 ms
01-09 01:00:19.970  3938  4415 D WifiService: acquireWifiLockLocked: WifiLock{NlpWifiLock type=2 binder=android.os.BinderProxy@81e3cca}
01-09 01:00:19.989  3938  5167 D WifiService: releaseWifiLockLocked: WifiLock{NlpWifiLock type=2 binder=android.os.BinderProxy@81e3cca}
01-09 01:00:20.837  3938  4413 I PowerManagerService: Going to sleep due to power button (uid 1000)...
01-09 01:00:20.837  3938  3981 I PowerManagerService: Sleeping (uid 1000)...
01-09 01:00:21.393  3938  3979 I DisplayManagerService: Display device changed: DisplayDeviceInfo{"Built-in Screen": uniqueId="local:0", 1280 x 800, 60.000004 fps, supportedRefreshRates [60.000004, 60.000004], density 160, 160.0 x 160.0 dpi, appVsyncOff 7500000, presDeadline 12666666, touch INTERNAL, rotation 0, type BUILT_IN, state OFF, FLAG_DEFAULT_DISPLAY, FLAG_ROTATES_WITH_CONTENT, FLAG_SECURE, FLAG_SUPPORTS_PROTECTED_BUFFERS}
01-09 01:00:21.394  3938  3938 V ActivityManager: Display changed displayId=0
01-09 01:00:25.857  3938  4416 I PowerManagerService: Waking up from sleep (uid 1000)...
01-09 01:00:25.858  3938  3981 I DisplayPowerController: Blocking screen on until initial contents have been drawn.
01-09 01:00:26.036  3938  3979 I DisplayManagerService: Display device changed: DisplayDeviceInfo{"Built-in Screen": uniqueId="local:0", 1280 x 800, 60.000004 fps, supportedRefreshRates [60.000004, 60.000004], density 160, 160.0 x 160.0 dpi, appVsyncOff 7500000, presDeadline 12666666, touch INTERNAL, rotation 0, type BUILT_IN, state ON, FLAG_DEFAULT_DISPLAY, FLAG_ROTATES_WITH_CONTENT, FLAG_SECURE, FLAG_SUPPORTS_PROTECTED_BUFFERS}
01-09 01:00:26.039  3938  3938 V ActivityManager: Display changed displayId=0
01-09 01:00:26.041  3938  3981 I DisplayPowerController: Unblocked screen on after 183 ms
01-09 01:00:26.080  3938  4300 D WifiService: acquireWifiLockLocked: WifiLock{NlpWifiLock type=2 binder=android.os.BinderProxy@81e3cca}
01-09 01:00:26.101  3938  4416 D WifiService: releaseWifiLockLocked: WifiLock{NlpWifiLock type=2 binder=android.os.BinderProxy@81e3cca}
01-09 01:00:26.959  3938  4414 I PowerManagerService: Going to sleep due to power button (uid 1000)...
01-09 01:00:26.959  3938  3981 I PowerManagerService: Sleeping (uid 1000)...
01-09 01:00:27.499  3938  3979 I DisplayManagerService: Display device changed: DisplayDeviceInfo{"Built-in Screen": uniqueId="local:0", 1280 x 800, 60.000004 fps, supportedRefreshRates [60.000004, 60.000004], density 160, 160.0 x 160.0 dpi, appVsyncOff 7500000, presDeadline 12666666, touch INTERNAL, rotation 0, type BUILT_IN, state OFF, FLAG_DEFAULT_DISPLAY, FLAG_ROTATES_WITH_CONTENT, FLAG_SECURE, FLAG_SUPPORTS_PROTECTED_BUFFERS}
01-09 01:00:27.499  3938  3938 V ActivityManager: Display changed displayId=0
01-09 01:00:31.979  3938  5168 I PowerManagerService: Waking up from sleep (uid 1000)...
01-09 01:00:31.980  3938  3981 I DisplayPowerController: Blocking screen on until initial contents have been drawn.
01-09 01:00:32.086  3938  3979 I DisplayManagerService: Display device changed: DisplayDeviceInfo{"Built-in Screen": uniqueId="local:0", 1280 x 800, 60.000004 fps, supportedRefreshRates [60.000004, 60.000004], density 160, 160.0 x 160.0 dpi, appVsyncOff 7500000, presDeadline 12666666, touch INTERNAL, rotation 0, type BUILT_IN, state ON, FLAG_DEFAULT_DISPLAY, FLAG_ROTATES_WITH_CONTENT, FLAG_SECURE, FLAG_SUPPORTS_PROTECTED_BUFFERS}
01-09 01:00:32.089  3938  3938 V ActivityManager: Display changed displayId=0
01-09 01:00:32.126  3938  3981 I DisplayPowerController: Unblocked screen on after 146 ms
01-09 01:00:32.158  3938  4412 D WifiService: acquireWifiLockLocked: WifiLock{NlpWifiLock type=2 binder=android.os.BinderProxy@81e3cca}
01-09 01:00:32.175  3938  4950 D WifiService: releaseWifiLockLocked: WifiLock{NlpWifiLock type=2 binder=android.os.BinderProxy@81e3cca}
01-09 01:00:33.179  3938  4416 I PowerManagerService: Going to sleep due to power button (uid 1000)...
01-09 01:00:33.180  3938  3981 I PowerManagerService: Sleeping (uid 1000)...
01-09 01:00:33.717  3938  3979 I DisplayManagerService: Display device changed: DisplayDeviceInfo{"Built-in Screen": uniqueId="local:0", 1280 x 800, 60.000004 fps, supportedRefreshRates [60.000004, 60.000004], density 160, 160.0 x 160.0 dpi, appVsyncOff 7500000, presDeadline 12666666, touch INTERNAL, rotation 0, type BUILT_IN, state OFF, FLAG_DEFAULT_DISPLAY, FLAG_ROTATES_WITH_CONTENT, FLAG_SECURE, FLAG_SUPPORTS_PROTECTED_BUFFERS}
01-09 01:00:33.719  3938  3938 V ActivityManager: Display changed displayId=0
01-09 01:00:38.202  3938  5167 I PowerManagerService: Waking up from sleep (uid 1000)...
01-09 01:00:38.202  3938  3981 I DisplayPowerController: Blocking screen on until initial contents have been drawn.
01-09 01:00:38.377  3938  3979 I DisplayManagerService: Display device changed: DisplayDeviceInfo{"Built-in Screen": uniqueId="local:0", 1280 x 800, 60.000004 fps, supportedRefreshRates [60.000004, 60.000004], density 160, 160.0 x 160.0 dpi, appVsyncOff 7500000, presDeadline 12666666, touch INTERNAL, rotation 0, type BUILT_IN, state ON, FLAG_DEFAULT_DISPLAY, FLAG_ROTATES_WITH_CONTENT, FLAG_SECURE, FLAG_SUPPORTS_PROTECTED_BUFFERS}
01-09 01:00:38.381  3938  3938 V ActivityManager: Display changed displayId=0
01-09 01:00:38.382  3938  3981 I DisplayPowerController: Unblocked screen on after 180 ms
01-09 01:00:38.429  3938  5172 D WifiService: acquireWifiLockLocked: WifiLock{NlpWifiLock type=2 binder=android.os.BinderProxy@81e3cca}
01-09 01:00:38.452  3938  4951 D WifiService: releaseWifiLockLocked: WifiLock{NlpWifiLock type=2 binder=android.os.BinderProxy@81e3cca}
01-09 01:00:39.293  3938  3970 I PowerManagerService: Going to sleep due to power button (uid 1000)...
01-09 01:00:39.294  3938  3981 I PowerManagerService: Sleeping (uid 1000)...
01-09 01:00:39.815  3938  3979 I DisplayManagerService: Display device changed: DisplayDeviceInfo{"Built-in Screen": uniqueId="local:0", 1280 x 800, 60.000004 fps, supportedRefreshRates [60.000004, 60.000004], density 160, 160.0 x 160.0 dpi, appVsyncOff 7500000, presDeadline 12666666, touch INTERNAL, rotation 0, type BUILT_IN, state OFF, FLAG_DEFAULT_DISPLAY, FLAG_ROTATES_WITH_CONTENT, FLAG_SECURE, FLAG_SUPPORTS_PROTECTED_BUFFERS}
01-09 01:00:39.817  3938  3938 V ActivityManager: Display changed displayId=0
01-09 01:00:44.318  3938  4415 I PowerManagerService: Waking up from sleep (uid 1000)...
01-09 01:00:44.318  3938  3981 I DisplayPowerController: Blocking screen on until initial contents have been drawn.
01-09 01:00:44.423  3938  3979 I DisplayManagerService: Display device changed: DisplayDeviceInfo{"Built-in Screen": uniqueId="local:0", 1280 x 800, 60.000004 fps, supportedRefreshRates [60.000004, 60.000004], density 160, 160.0 x 160.0 dpi, appVsyncOff 7500000, presDeadline 12666666, touch INTERNAL, rotation 0, type BUILT_IN, state ON, FLAG_DEFAULT_DISPLAY, FLAG_ROTATES_WITH_CONTENT, FLAG_SECURE, FLAG_SUPPORTS_PROTECTED_BUFFERS}
01-09 01:00:44.423  3938  3938 V ActivityManager: Display changed displayId=0
01-09 01:00:44.459  3938  3981 I DisplayPowerController: Unblocked screen on after 141 ms
01-09 01:00:44.489  3938  4416 D WifiService: acquireWifiLockLocked: WifiLock{NlpWifiLock type=2 binder=android.os.BinderProxy@81e3cca}
01-09 01:00:44.505  3938  4951 D WifiService: releaseWifiLockLocked: WifiLock{NlpWifiLock type=2 binder=android.os.BinderProxy@81e3cca}
01-09 01:00:45.509  3938  4413 I PowerManagerService: Going to sleep due to power button (uid 1000)...
01-09 01:00:45.511  3938  3981 I PowerManagerService: Sleeping (uid 1000)...
01-09 01:00:46.043  3938  3979 I DisplayManagerService: Display device changed: DisplayDeviceInfo{"Built-in Screen": uniqueId="local:0", 1280 x 800, 60.000004 fps, supportedRefreshRates [60.000004, 60.000004], density 160, 160.0 x 160.0 dpi, appVsyncOff 7500000, presDeadline 12666666, touch INTERNAL, rotation 0, type BUILT_IN, state OFF, FLAG_DEFAULT_DISPLAY, FLAG_ROTATES_WITH_CONTENT, FLAG_SECURE, FLAG_SUPPORTS_PROTECTED_BUFFERS}
01-09 01:00:46.044  3938  3938 V ActivityManager: Display changed displayId=0
01-09 01:00:50.528  3938  4416 I PowerManagerService: Waking up from sleep (uid 1000)...
01-09 01:00:50.528  3938  3981 I DisplayPowerController: Blocking screen on until initial contents have been drawn.
01-09 01:00:50.631  3938  3979 I DisplayManagerService: Display device changed: DisplayDeviceInfo{"Built-in Screen": uniqueId="local:0", 1280 x 800, 60.000004 fps, supportedRefreshRates [60.000004, 60.000004], density 160, 160.0 x 160.0 dpi, appVsyncOff 7500000, presDeadline 12666666, touch INTERNAL, rotation 0, type BUILT_IN, state ON, FLAG_DEFAULT_DISPLAY, FLAG_ROTATES_WITH_CONTENT, FLAG_SECURE, FLAG_SUPPORTS_PROTECTED_BUFFERS}
01-09 01:00:50.636  3938  3938 V ActivityManager: Display changed displayId=0
01-09 01:00:50.672  3938  3981 I DisplayPowerController: Unblocked screen on after 144 ms
01-09 01:00:50.699  3938  3970 D WifiService: acquireWifiLockLocked: WifiLock{NlpWifiLock type=2 binder=android.os.BinderProxy@81e3cca}
01-09 01:00:50.717  3938  4416 D WifiService: releaseWifiLockLocked: WifiLock{NlpWifiLock type=2 binder=android.os.BinderProxy@81e3cca}
01-09 01:00:51.721  3938  5167 I PowerManagerService: Going to sleep due to power button (uid 1000)...
01-09 01:00:51.722  3938  3981 I PowerManagerService: Sleeping (uid 1000)...
01-09 01:00:52.241  3938  3979 I DisplayManagerService: Display device changed: DisplayDeviceInfo{"Built-in Screen": uniqueId="local:0", 1280 x 800, 60.000004 fps, supportedRefreshRates [60.000004, 60.000004], density 160, 160.0 x 160.0 dpi, appVsyncOff 7500000, presDeadline 12666666, touch INTERNAL, rotation 0, type BUILT_IN, state OFF, FLAG_DEFAULT_DISPLAY, FLAG_ROTATES_WITH_CONTENT, FLAG_SECURE, FLAG_SUPPORTS_PROTECTED_BUFFERS}
01-09 01:00:52.242  3938  3938 V ActivityManager: Display changed displayId=0
01-09 01:03:13.591  3938  5167 I PowerManagerService: Waking up from sleep (uid 1000)...
01-09 01:03:13.592  3938  3981 I DisplayPowerController: Blocking screen on until initial contents have been drawn.
01-09 01:03:13.696  3938  3979 I DisplayManagerService: Display device changed: DisplayDeviceInfo{"Built-in Screen": uniqueId="local:0", 1280 x 800, 60.000004 fps, supportedRefreshRates [60.000004, 60.000004], density 160, 160.0 x 160.0 dpi, appVsyncOff 7500000, presDeadline 12666666, touch INTERNAL, rotation 0, type BUILT_IN, state ON, FLAG_DEFAULT_DISPLAY, FLAG_ROTATES_WITH_CONTENT, FLAG_SECURE, FLAG_SUPPORTS_PROTECTED_BUFFERS}
01-09 01:03:13.707  3938  3938 V ActivityManager: Display changed displayId=0
01-09 01:03:13.741  3938  3981 I DisplayPowerController: Unblocked screen on after 149 ms
01-09 01:03:14.015  3938  4413 D WifiService: acquireWifiLockLocked: WifiLock{NlpWifiLock type=2 binder=android.os.BinderProxy@2dd681e}
01-09 01:03:14.030  3938  5168 D WifiService: releaseWifiLockLocked: WifiLock{NlpWifiLock type=2 binder=android.os.BinderProxy@2dd681e}
01-09 01:03:15.056  3938  5167 I PowerManagerService: Going to sleep due to power button (uid 1000)...
01-09 01:03:15.057  3938  3981 I PowerManagerService: Sleeping (uid 1000)...
01-09 01:03:15.605  3938  3979 I DisplayManagerService: Display device changed: DisplayDeviceInfo{"Built-in Screen": uniqueId="local:0", 1280 x 800, 60.000004 fps, supportedRefreshRates [60.000004, 60.000004], density 160, 160.0 x 160.0 dpi, appVsyncOff 7500000, presDeadline 12666666, touch INTERNAL, rotation 0, type BUILT_IN, state OFF, FLAG_DEFAULT_DISPLAY, FLAG_ROTATES_WITH_CONTENT, FLAG_SECURE, FLAG_SUPPORTS_PROTECTED_BUFFERS}
01-09 01:03:15.606  3938  3938 V ActivityManager: Display changed displayId=0
01-09 01:03:20.080  3938  4412 I PowerManagerService: Waking up from sleep (uid 1000)...
01-09 01:03:20.080  3938  3981 I DisplayPowerController: Blocking screen on until initial contents have been drawn.
01-09 01:03:20.256  3938  3979 I DisplayManagerService: Display device changed: DisplayDeviceInfo{"Built-in Screen": uniqueId="local:0", 1280 x 800, 60.000004 fps, supportedRefreshRates [60.000004, 60.000004], density 160, 160.0 x 160.0 dpi, appVsyncOff 7500000, presDeadline 12666666, touch INTERNAL, rotation 0, type BUILT_IN, state ON, FLAG_DEFAULT_DISPLAY, FLAG_ROTATES_WITH_CONTENT, FLAG_SECURE, FLAG_SUPPORTS_PROTECTED_BUFFERS}
01-09 01:03:20.259  3938  3938 V ActivityManager: Display changed displayId=0
01-09 01:03:20.261  3938  3981 I DisplayPowerController: Unblocked screen on after 181 ms
01-09 01:03:20.303  3938  4951 D WifiService: acquireWifiLockLocked: WifiLock{NlpWifiLock type=2 binder=android.os.BinderProxy@2dd681e}
01-09 01:03:20.319  3938  4255 D WifiService: releaseWifiLockLocked: WifiLock{NlpWifiLock type=2 binder=android.os.BinderProxy@2dd681e}
01-09 01:03:21.173  3938  5172 I PowerManagerService: Going to sleep due to power button (uid 1000)...
01-09 01:03:21.173  3938  3981 I PowerManagerService: Sleeping (uid 1000)...
01-09 01:03:21.693  3938  3979 I DisplayManagerService: Display device changed: DisplayDeviceInfo{"Built-in Screen": uniqueId="local:0", 1280 x 800, 60.000004 fps, supportedRefreshRates [60.000004, 60.000004], density 160, 160.0 x 160.0 dpi, appVsyncOff 7500000, presDeadline 12666666, touch INTERNAL, rotation 0, type BUILT_IN, state OFF, FLAG_DEFAULT_DISPLAY, FLAG_ROTATES_WITH_CONTENT, FLAG_SECURE, FLAG_SUPPORTS_PROTECTED_BUFFERS}
01-09 01:03:21.694  3938  3938 V ActivityManager: Display changed displayId=0
01-09 01:03:26.192  3938  4255 I PowerManagerService: Waking up from sleep (uid 1000)...
01-09 01:03:26.193  3938  3981 I DisplayPowerController: Blocking screen on until initial contents have been drawn.
01-09 01:03:26.370  3938  3979 I DisplayManagerService: Display device changed: DisplayDeviceInfo{"Built-in Screen": uniqueId="local:0", 1280 x 800, 60.000004 fps, supportedRefreshRates [60.000004, 60.000004], density 160, 160.0 x 160.0 dpi, appVsyncOff 7500000, presDeadline 12666666, touch INTERNAL, rotation 0, type BUILT_IN, state ON, FLAG_DEFAULT_DISPLAY, FLAG_ROTATES_WITH_CONTENT, FLAG_SECURE, FLAG_SUPPORTS_PROTECTED_BUFFERS}
01-09 01:03:26.373  3938  3938 V ActivityManager: Display changed displayId=0
01-09 01:03:26.375  3938  3981 I DisplayPowerController: Unblocked screen on after 182 ms
01-09 01:03:26.412  3938  5167 D WifiService: acquireWifiLockLocked: WifiLock{NlpWifiLock type=2 binder=android.os.BinderProxy@2dd681e}
01-09 01:03:26.434  3938  3970 D WifiService: releaseWifiLockLocked: WifiLock{NlpWifiLock type=2 binder=android.os.BinderProxy@2dd681e}
01-09 01:03:27.285  3938  3969 I PowerManagerService: Going to sleep due to power button (uid 1000)...
01-09 01:03:27.285  3938  3981 I PowerManagerService: Sleeping (uid 1000)...
01-09 01:03:27.819  3938  3979 I DisplayManagerService: Display device changed: DisplayDeviceInfo{"Built-in Screen": uniqueId="local:0", 1280 x 800, 60.000004 fps, supportedRefreshRates [60.000004, 60.000004], density 160, 160.0 x 160.0 dpi, appVsyncOff 7500000, presDeadline 12666666, touch INTERNAL, rotation 0, type BUILT_IN, state OFF, FLAG_DEFAULT_DISPLAY, FLAG_ROTATES_WITH_CONTENT, FLAG_SECURE, FLAG_SUPPORTS_PROTECTED_BUFFERS}
01-09 01:03:27.820  3938  3938 V ActivityManager: Display changed displayId=0
01-09 01:03:32.308  3938  4413 I PowerManagerService: Waking up from sleep (uid 1000)...
01-09 01:03:32.308  3938  3981 I DisplayPowerController: Blocking screen on until initial contents have been drawn.
01-09 01:03:32.411  3938  3979 I DisplayManagerService: Display device changed: DisplayDeviceInfo{"Built-in Screen": uniqueId="local:0", 1280 x 800, 60.000004 fps, supportedRefreshRates [60.000004, 60.000004], density 160, 160.0 x 160.0 dpi, appVsyncOff 7500000, presDeadline 12666666, touch INTERNAL, rotation 0, type BUILT_IN, state ON, FLAG_DEFAULT_DISPLAY, FLAG_ROTATES_WITH_CONTENT, FLAG_SECURE, FLAG_SUPPORTS_PROTECTED_BUFFERS}
01-09 01:03:32.415  3938  3938 V ActivityManager: Display changed displayId=0
01-09 01:03:32.447  3938  3981 I DisplayPowerController: Unblocked screen on after 139 ms
01-09 01:03:32.475  3938  3969 D WifiService: acquireWifiLockLocked: WifiLock{NlpWifiLock type=2 binder=android.os.BinderProxy@2dd681e}
01-09 01:03:32.492  3938  4255 D WifiService: releaseWifiLockLocked: WifiLock{NlpWifiLock type=2 binder=android.os.BinderProxy@2dd681e}
01-09 01:03:33.397  3938  3969 I PowerManagerService: Going to sleep due to power button (uid 1000)...
01-09 01:03:33.398  3938  3981 I PowerManagerService: Sleeping (uid 1000)...
01-09 01:03:33.922  3938  3979 I DisplayManagerService: Display device changed: DisplayDeviceInfo{"Built-in Screen": uniqueId="local:0", 1280 x 800, 60.000004 fps, supportedRefreshRates [60.000004, 60.000004], density 160, 160.0 x 160.0 dpi, appVsyncOff 7500000, presDeadline 12666666, touch INTERNAL, rotation 0, type BUILT_IN, state OFF, FLAG_DEFAULT_DISPLAY, FLAG_ROTATES_WITH_CONTENT, FLAG_SECURE, FLAG_SUPPORTS_PROTECTED_BUFFERS}
01-09 01:03:33.923  3938  3938 V ActivityManager: Display changed displayId=0
01-09 01:03:38.422  3938  5168 I PowerManagerService: Waking up from sleep (uid 1000)...
01-09 01:03:38.423  3938  3981 I DisplayPowerController: Blocking screen on until initial contents have been drawn.
01-09 01:03:38.601  3938  3979 I DisplayManagerService: Display device changed: DisplayDeviceInfo{"Built-in Screen": uniqueId="local:0", 1280 x 800, 60.000004 fps, supportedRefreshRates [60.000004, 60.000004], density 160, 160.0 x 160.0 dpi, appVsyncOff 7500000, presDeadline 12666666, touch INTERNAL, rotation 0, type BUILT_IN, state ON, FLAG_DEFAULT_DISPLAY, FLAG_ROTATES_WITH_CONTENT, FLAG_SECURE, FLAG_SUPPORTS_PROTECTED_BUFFERS}
01-09 01:03:38.606  3938  3938 V ActivityManager: Display changed displayId=0
01-09 01:03:38.608  3938  3981 I DisplayPowerController: Unblocked screen on after 185 ms
01-09 01:03:38.650  3938  4414 D WifiService: acquireWifiLockLocked: WifiLock{NlpWifiLock type=2 binder=android.os.BinderProxy@2dd681e}
01-09 01:03:38.667  3938  4413 D WifiService: releaseWifiLockLocked: WifiLock{NlpWifiLock type=2 binder=android.os.BinderProxy@2dd681e}
01-09 01:03:39.515  3938  4416 I PowerManagerService: Going to sleep due to power button (uid 1000)...
01-09 01:03:39.515  3938  3981 I PowerManagerService: Sleeping (uid 1000)...
01-09 01:03:40.027  3938  3979 I DisplayManagerService: Display device changed: DisplayDeviceInfo{"Built-in Screen": uniqueId="local:0", 1280 x 800, 60.000004 fps, supportedRefreshRates [60.000004, 60.000004], density 160, 160.0 x 160.0 dpi, appVsyncOff 7500000, presDeadline 12666666, touch INTERNAL, rotation 0, type BUILT_IN, state OFF, FLAG_DEFAULT_DISPLAY, FLAG_ROTATES_WITH_CONTENT, FLAG_SECURE, FLAG_SUPPORTS_PROTECTED_BUFFERS}
01-09 01:03:40.028  3938  3938 V ActivityManager: Display changed displayId=0
01-09 01:03:43.437  3938  3974 W ProcessCpuTracker: Skipping unknown process pid 7355
01-09 01:03:44.538  3938  5173 I PowerManagerService: Waking up from sleep (uid 1000)...
01-09 01:03:44.538  3938  3981 I DisplayPowerController: Blocking screen on until initial contents have been drawn.
01-09 01:03:44.713  3938  3979 I DisplayManagerService: Display device changed: DisplayDeviceInfo{"Built-in Screen": uniqueId="local:0", 1280 x 800, 60.000004 fps, supportedRefreshRates [60.000004, 60.000004], density 160, 160.0 x 160.0 dpi, appVsyncOff 7500000, presDeadline 12666666, touch INTERNAL, rotation 0, type BUILT_IN, state ON, FLAG_DEFAULT_DISPLAY, FLAG_ROTATES_WITH_CONTENT, FLAG_SECURE, FLAG_SUPPORTS_PROTECTED_BUFFERS}
01-09 01:03:44.718  3938  3938 V ActivityManager: Display changed displayId=0
01-09 01:03:44.719  3938  3981 I DisplayPowerController: Unblocked screen on after 181 ms
01-09 01:03:44.758  3938  5167 D WifiService: acquireWifiLockLocked: WifiLock{NlpWifiLock type=2 binder=android.os.BinderProxy@1dc214ce}
01-09 01:03:44.778  3938  5168 D WifiService: releaseWifiLockLocked: WifiLock{NlpWifiLock type=2 binder=android.os.BinderProxy@1dc214ce}
01-09 01:03:45.635  3938  4255 I PowerManagerService: Going to sleep due to power button (uid 1000)...
01-09 01:03:45.635  3938  3981 I PowerManagerService: Sleeping (uid 1000)...
01-09 01:03:46.158  3938  3979 I DisplayManagerService: Display device changed: DisplayDeviceInfo{"Built-in Screen": uniqueId="local:0", 1280 x 800, 60.000004 fps, supportedRefreshRates [60.000004, 60.000004], density 160, 160.0 x 160.0 dpi, appVsyncOff 7500000, presDeadline 12666666, touch INTERNAL, rotation 0, type BUILT_IN, state OFF, FLAG_DEFAULT_DISPLAY, FLAG_ROTATES_WITH_CONTENT, FLAG_SECURE, FLAG_SUPPORTS_PROTECTED_BUFFERS}
01-09 01:03:46.159  3938  3938 V ActivityManager: Display changed displayId=0
01-09 01:03:50.653  3938  4255 I PowerManagerService: Waking up from sleep (uid 1000)...
01-09 01:03:50.654  3938  3981 I DisplayPowerController: Blocking screen on until initial contents have been drawn.
01-09 01:03:50.831  3938  3979 I DisplayManagerService: Display device changed: DisplayDeviceInfo{"Built-in Screen": uniqueId="local:0", 1280 x 800, 60.000004 fps, supportedRefreshRates [60.000004, 60.000004], density 160, 160.0 x 160.0 dpi, appVsyncOff 7500000, presDeadline 12666666, touch INTERNAL, rotation 0, type BUILT_IN, state ON, FLAG_DEFAULT_DISPLAY, FLAG_ROTATES_WITH_CONTENT, FLAG_SECURE, FLAG_SUPPORTS_PROTECTED_BUFFERS}
01-09 01:03:50.835  3938  3938 V ActivityManager: Display changed displayId=0
01-09 01:03:50.836  3938  3981 I DisplayPowerController: Unblocked screen on after 182 ms
01-09 01:03:50.883  3938  3970 D WifiService: acquireWifiLockLocked: WifiLock{NlpWifiLock type=2 binder=android.os.BinderProxy@1dc214ce}
01-09 01:03:50.903  3938  4300 D WifiService: releaseWifiLockLocked: WifiLock{NlpWifiLock type=2 binder=android.os.BinderProxy@1dc214ce}
01-09 01:03:51.748  3938  3969 I PowerManagerService: Going to sleep due to power button (uid 1000)...
01-09 01:03:51.749  3938  3981 I PowerManagerService: Sleeping (uid 1000)...
01-09 01:03:52.276  3938  3979 I DisplayManagerService: Display device changed: DisplayDeviceInfo{"Built-in Screen": uniqueId="local:0", 1280 x 800, 60.000004 fps, supportedRefreshRates [60.000004, 60.000004], density 160, 160.0 x 160.0 dpi, appVsyncOff 7500000, presDeadline 12666666, touch INTERNAL, rotation 0, type BUILT_IN, state OFF, FLAG_DEFAULT_DISPLAY, FLAG_ROTATES_WITH_CONTENT, FLAG_SECURE, FLAG_SUPPORTS_PROTECTED_BUFFERS}
01-09 01:03:52.277  3938  3938 V ActivityManager: Display changed displayId=0
01-09 01:03:56.771  3938  4413 I PowerManagerService: Waking up from sleep (uid 1000)...
01-09 01:03:56.772  3938  3981 I DisplayPowerController: Blocking screen on until initial contents have been drawn.
01-09 01:03:56.949  3938  3979 I DisplayManagerService: Display device changed: DisplayDeviceInfo{"Built-in Screen": uniqueId="local:0", 1280 x 800, 60.000004 fps, supportedRefreshRates [60.000004, 60.000004], density 160, 160.0 x 160.0 dpi, appVsyncOff 7500000, presDeadline 12666666, touch INTERNAL, rotation 0, type BUILT_IN, state ON, FLAG_DEFAULT_DISPLAY, FLAG_ROTATES_WITH_CONTENT, FLAG_SECURE, FLAG_SUPPORTS_PROTECTED_BUFFERS}
01-09 01:03:56.953  3938  3938 V ActivityManager: Display changed displayId=0
01-09 01:03:56.955  3938  3981 I DisplayPowerController: Unblocked screen on after 182 ms
01-09 01:03:57.004  3938  4255 D WifiService: acquireWifiLockLocked: WifiLock{NlpWifiLock type=2 binder=android.os.BinderProxy@1dc214ce}
01-09 01:03:57.021  3938  4414 D WifiService: releaseWifiLockLocked: WifiLock{NlpWifiLock type=2 binder=android.os.BinderProxy@1dc214ce}
01-09 01:03:57.862  3938  4950 I PowerManagerService: Going to sleep due to power button (uid 1000)...
01-09 01:03:57.863  3938  3981 I PowerManagerService: Sleeping (uid 1000)...
01-09 01:03:58.406  3938  3979 I DisplayManagerService: Display device changed: DisplayDeviceInfo{"Built-in Screen": uniqueId="local:0", 1280 x 800, 60.000004 fps, supportedRefreshRates [60.000004, 60.000004], density 160, 160.0 x 160.0 dpi, appVsyncOff 7500000, presDeadline 12666666, touch INTERNAL, rotation 0, type BUILT_IN, state OFF, FLAG_DEFAULT_DISPLAY, FLAG_ROTATES_WITH_CONTENT, FLAG_SECURE, FLAG_SUPPORTS_PROTECTED_BUFFERS}
01-09 01:03:58.407  3938  3938 V ActivityManager: Display changed displayId=0
01-09 01:04:02.882  3938  4413 I PowerManagerService: Waking up from sleep (uid 1000)...
01-09 01:04:02.883  3938  3981 I DisplayPowerController: Blocking screen on until initial contents have been drawn.
01-09 01:04:03.061  3938  3979 I DisplayManagerService: Display device changed: DisplayDeviceInfo{"Built-in Screen": uniqueId="local:0", 1280 x 800, 60.000004 fps, supportedRefreshRates [60.000004, 60.000004], density 160, 160.0 x 160.0 dpi, appVsyncOff 7500000, presDeadline 12666666, touch INTERNAL, rotation 0, type BUILT_IN, state ON, FLAG_DEFAULT_DISPLAY, FLAG_ROTATES_WITH_CONTENT, FLAG_SECURE, FLAG_SUPPORTS_PROTECTED_BUFFERS}
01-09 01:04:03.064  3938  3938 V ActivityManager: Display changed displayId=0
01-09 01:04:03.066  3938  3981 I DisplayPowerController: Unblocked screen on after 183 ms
01-09 01:04:03.112  3938  4415 D WifiService: acquireWifiLockLocked: WifiLock{NlpWifiLock type=2 binder=android.os.BinderProxy@1dc214ce}
01-09 01:04:03.132  3938  5173 D WifiService: releaseWifiLockLocked: WifiLock{NlpWifiLock type=2 binder=android.os.BinderProxy@1dc214ce}
01-09 01:04:04.431  3938  4414 I PowerManagerService: Going to sleep due to power button (uid 1000)...
01-09 01:04:04.432  3938  3981 I PowerManagerService: Sleeping (uid 1000)...
01-09 01:04:04.968  3938  3979 I DisplayManagerService: Display device changed: DisplayDeviceInfo{"Built-in Screen": uniqueId="local:0", 1280 x 800, 60.000004 fps, supportedRefreshRates [60.000004, 60.000004], density 160, 160.0 x 160.0 dpi, appVsyncOff 7500000, presDeadline 12666666, touch INTERNAL, rotation 0, type BUILT_IN, state OFF, FLAG_DEFAULT_DISPLAY, FLAG_ROTATES_WITH_CONTENT, FLAG_SECURE, FLAG_SUPPORTS_PROTECTED_BUFFERS}
01-09 01:04:04.969  3938  3938 V ActivityManager: Display changed displayId=0
01-09 01:04:09.451  3938  4951 I PowerManagerService: Waking up from sleep (uid 1000)...
01-09 01:04:09.453  3938  3981 I DisplayPowerController: Blocking screen on until initial contents have been drawn.
01-09 01:04:09.629  3938  3979 I DisplayManagerService: Display device changed: DisplayDeviceInfo{"Built-in Screen": uniqueId="local:0", 1280 x 800, 60.000004 fps, supportedRefreshRates [60.000004, 60.000004], density 160, 160.0 x 160.0 dpi, appVsyncOff 7500000, presDeadline 12666666, touch INTERNAL, rotation 0, type BUILT_IN, state ON, FLAG_DEFAULT_DISPLAY, FLAG_ROTATES_WITH_CONTENT, FLAG_SECURE, FLAG_SUPPORTS_PROTECTED_BUFFERS}
01-09 01:04:09.634  3938  3938 V ActivityManager: Display changed displayId=0
01-09 01:04:09.636  3938  3981 I DisplayPowerController: Unblocked screen on after 183 ms
01-09 01:04:09.681  3938  4416 D WifiService: acquireWifiLockLocked: WifiLock{NlpWifiLock type=2 binder=android.os.BinderProxy@1dc214ce}
01-09 01:04:09.704  3938  5172 D WifiService: releaseWifiLockLocked: WifiLock{NlpWifiLock type=2 binder=android.os.BinderProxy@1dc214ce}
01-09 01:04:10.551  3938  5173 I PowerManagerService: Going to sleep due to power button (uid 1000)...
01-09 01:04:10.552  3938  3981 I PowerManagerService: Sleeping (uid 1000)...
01-09 01:04:11.080  3938  3979 I DisplayManagerService: Display device changed: DisplayDeviceInfo{"Built-in Screen": uniqueId="local:0", 1280 x 800, 60.000004 fps, supportedRefreshRates [60.000004, 60.000004], density 160, 160.0 x 160.0 dpi, appVsyncOff 7500000, presDeadline 12666666, touch INTERNAL, rotation 0, type BUILT_IN, state OFF, FLAG_DEFAULT_DISPLAY, FLAG_ROTATES_WITH_CONTENT, FLAG_SECURE, FLAG_SUPPORTS_PROTECTED_BUFFERS}
01-09 01:04:11.082  3938  3938 V ActivityManager: Display changed displayId=0
01-09 01:04:15.569  3938  5172 I PowerManagerService: Waking up from sleep (uid 1000)...
01-09 01:04:15.570  3938  3981 I DisplayPowerController: Blocking screen on until initial contents have been drawn.
01-09 01:04:15.680  3938  3979 I DisplayManagerService: Display device changed: DisplayDeviceInfo{"Built-in Screen": uniqueId="local:0", 1280 x 800, 60.000004 fps, supportedRefreshRates [60.000004, 60.000004], density 160, 160.0 x 160.0 dpi, appVsyncOff 7500000, presDeadline 12666666, touch INTERNAL, rotation 0, type BUILT_IN, state ON, FLAG_DEFAULT_DISPLAY, FLAG_ROTATES_WITH_CONTENT, FLAG_SECURE, FLAG_SUPPORTS_PROTECTED_BUFFERS}
01-09 01:04:15.683  3938  3938 V ActivityManager: Display changed displayId=0
01-09 01:04:15.716  3938  3981 I DisplayPowerController: Unblocked screen on after 146 ms
01-09 01:04:15.740  3938  5168 D WifiService: acquireWifiLockLocked: WifiLock{NlpWifiLock type=2 binder=android.os.BinderProxy@1dc214ce}
01-09 01:04:15.758  3938  5167 D WifiService: releaseWifiLockLocked: WifiLock{NlpWifiLock type=2 binder=android.os.BinderProxy@1dc214ce}
01-09 01:04:16.661  3938  5168 I PowerManagerService: Going to sleep due to power button (uid 1000)...
01-09 01:04:16.662  3938  3981 I PowerManagerService: Sleeping (uid 1000)...
01-09 01:04:17.193  3938  3979 I DisplayManagerService: Display device changed: DisplayDeviceInfo{"Built-in Screen": uniqueId="local:0", 1280 x 800, 60.000004 fps, supportedRefreshRates [60.000004, 60.000004], density 160, 160.0 x 160.0 dpi, appVsyncOff 7500000, presDeadline 12666666, touch INTERNAL, rotation 0, type BUILT_IN, state OFF, FLAG_DEFAULT_DISPLAY, FLAG_ROTATES_WITH_CONTENT, FLAG_SECURE, FLAG_SUPPORTS_PROTECTED_BUFFERS}
01-09 01:04:17.194  3938  3938 V ActivityManager: Display changed displayId=0
01-09 01:04:21.682  3938  4413 I PowerManagerService: Waking up from sleep (uid 1000)...
01-09 01:04:21.683  3938  3981 I DisplayPowerController: Blocking screen on until initial contents have been drawn.
01-09 01:04:21.786  3938  3979 I DisplayManagerService: Display device changed: DisplayDeviceInfo{"Built-in Screen": uniqueId="local:0", 1280 x 800, 60.000004 fps, supportedRefreshRates [60.000004, 60.000004], density 160, 160.0 x 160.0 dpi, appVsyncOff 7500000, presDeadline 12666666, touch INTERNAL, rotation 0, type BUILT_IN, state ON, FLAG_DEFAULT_DISPLAY, FLAG_ROTATES_WITH_CONTENT, FLAG_SECURE, FLAG_SUPPORTS_PROTECTED_BUFFERS}
01-09 01:04:21.787  3938  3938 V ActivityManager: Display changed displayId=0
01-09 01:04:21.828  3938  3981 I DisplayPowerController: Unblocked screen on after 145 ms
01-09 01:04:21.852  3938  3970 D WifiService: acquireWifiLockLocked: WifiLock{NlpWifiLock type=2 binder=android.os.BinderProxy@1dc214ce}
01-09 01:04:21.868  3938  4255 D WifiService: releaseWifiLockLocked: WifiLock{NlpWifiLock type=2 binder=android.os.BinderProxy@1dc214ce}
01-09 01:04:22.871  3938  4413 I PowerManagerService: Going to sleep due to power button (uid 1000)...
01-09 01:04:22.872  3938  3981 I PowerManagerService: Sleeping (uid 1000)...
01-09 01:04:23.385  3938  3979 I DisplayManagerService: Display device changed: DisplayDeviceInfo{"Built-in Screen": uniqueId="local:0", 1280 x 800, 60.000004 fps, supportedRefreshRates [60.000004, 60.000004], density 160, 160.0 x 160.0 dpi, appVsyncOff 7500000, presDeadline 12666666, touch INTERNAL, rotation 0, type BUILT_IN, state OFF, FLAG_DEFAULT_DISPLAY, FLAG_ROTATES_WITH_CONTENT, FLAG_SECURE, FLAG_SUPPORTS_PROTECTED_BUFFERS}
01-09 01:04:23.385  3938  3938 V ActivityManager: Display changed displayId=0
01-09 01:04:27.893  3938  5167 I PowerManagerService: Waking up from sleep (uid 1000)...
01-09 01:04:27.893  3938  3981 I DisplayPowerController: Blocking screen on until initial contents have been drawn.
01-09 01:04:28.069  3938  3979 I DisplayManagerService: Display device changed: DisplayDeviceInfo{"Built-in Screen": uniqueId="local:0", 1280 x 800, 60.000004 fps, supportedRefreshRates [60.000004, 60.000004], density 160, 160.0 x 160.0 dpi, appVsyncOff 7500000, presDeadline 12666666, touch INTERNAL, rotation 0, type BUILT_IN, state ON, FLAG_DEFAULT_DISPLAY, FLAG_ROTATES_WITH_CONTENT, FLAG_SECURE, FLAG_SUPPORTS_PROTECTED_BUFFERS}
01-09 01:04:28.073  3938  3938 V ActivityManager: Display changed displayId=0
01-09 01:04:28.074  3938  3981 I DisplayPowerController: Unblocked screen on after 181 ms
01-09 01:04:28.121  3938  5167 D WifiService: acquireWifiLockLocked: WifiLock{NlpWifiLock type=2 binder=android.os.BinderProxy@1dc214ce}
01-09 01:04:28.138  3938  4414 D WifiService: releaseWifiLockLocked: WifiLock{NlpWifiLock type=2 binder=android.os.BinderProxy@1dc214ce}
01-09 01:04:28.996  3938  3970 I PowerManagerService: Going to sleep due to power button (uid 1000)...
01-09 01:04:28.997  3938  3981 I PowerManagerService: Sleeping (uid 1000)...
01-09 01:04:29.527  3938  3979 I DisplayManagerService: Display device changed: DisplayDeviceInfo{"Built-in Screen": uniqueId="local:0", 1280 x 800, 60.000004 fps, supportedRefreshRates [60.000004, 60.000004], density 160, 160.0 x 160.0 dpi, appVsyncOff 7500000, presDeadline 12666666, touch INTERNAL, rotation 0, type BUILT_IN, state OFF, FLAG_DEFAULT_DISPLAY, FLAG_ROTATES_WITH_CONTENT, FLAG_SECURE, FLAG_SUPPORTS_PROTECTED_BUFFERS}
01-09 01:04:29.528  3938  3938 V ActivityManager: Display changed displayId=0
01-09 01:04:34.013  3938  5171 I PowerManagerService: Waking up from sleep (uid 1000)...
01-09 01:04:34.014  3938  3981 I DisplayPowerController: Blocking screen on until initial contents have been drawn.
01-09 01:04:34.188  3938  3979 I DisplayManagerService: Display device changed: DisplayDeviceInfo{"Built-in Screen": uniqueId="local:0", 1280 x 800, 60.000004 fps, supportedRefreshRates [60.000004, 60.000004], density 160, 160.0 x 160.0 dpi, appVsyncOff 7500000, presDeadline 12666666, touch INTERNAL, rotation 0, type BUILT_IN, state ON, FLAG_DEFAULT_DISPLAY, FLAG_ROTATES_WITH_CONTENT, FLAG_SECURE, FLAG_SUPPORTS_PROTECTED_BUFFERS}
01-09 01:04:34.194  3938  3981 I DisplayPowerController: Unblocked screen on after 180 ms
01-09 01:04:34.194  3938  3938 V ActivityManager: Display changed displayId=0
01-09 01:04:34.227  3938  5172 D WifiService: acquireWifiLockLocked: WifiLock{NlpWifiLock type=2 binder=android.os.BinderProxy@1dc214ce}
01-09 01:04:34.256  3938  5172 D WifiService: releaseWifiLockLocked: WifiLock{NlpWifiLock type=2 binder=android.os.BinderProxy@1dc214ce}
01-09 01:04:35.114  3938  5167 I PowerManagerService: Going to sleep due to power button (uid 1000)...
01-09 01:04:35.114  3938  3981 I PowerManagerService: Sleeping (uid 1000)...
01-09 01:04:35.654  3938  3979 I DisplayManagerService: Display device changed: DisplayDeviceInfo{"Built-in Screen": uniqueId="local:0", 1280 x 800, 60.000004 fps, supportedRefreshRates [60.000004, 60.000004], density 160, 160.0 x 160.0 dpi, appVsyncOff 7500000, presDeadline 12666666, touch INTERNAL, rotation 0, type BUILT_IN, state OFF, FLAG_DEFAULT_DISPLAY, FLAG_ROTATES_WITH_CONTENT, FLAG_SECURE, FLAG_SUPPORTS_PROTECTED_BUFFERS}
01-09 01:04:35.654  3938  3938 V ActivityManager: Display changed displayId=0
01-09 01:04:40.132  3938  4415 I PowerManagerService: Waking up from sleep (uid 1000)...
01-09 01:04:40.133  3938  3981 I DisplayPowerController: Blocking screen on until initial contents have been drawn.
01-09 01:04:40.310  3938  3979 I DisplayManagerService: Display device changed: DisplayDeviceInfo{"Built-in Screen": uniqueId="local:0", 1280 x 800, 60.000004 fps, supportedRefreshRates [60.000004, 60.000004], density 160, 160.0 x 160.0 dpi, appVsyncOff 7500000, presDeadline 12666666, touch INTERNAL, rotation 0, type BUILT_IN, state ON, FLAG_DEFAULT_DISPLAY, FLAG_ROTATES_WITH_CONTENT, FLAG_SECURE, FLAG_SUPPORTS_PROTECTED_BUFFERS}
01-09 01:04:40.311  3938  3938 V ActivityManager: Display changed displayId=0
01-09 01:04:40.319  3938  3981 I DisplayPowerController: Unblocked screen on after 186 ms
01-09 01:04:40.371  3938  4416 D WifiService: acquireWifiLockLocked: WifiLock{NlpWifiLock type=2 binder=android.os.BinderProxy@1dc214ce}
01-09 01:04:40.389  3938  5168 D WifiService: releaseWifiLockLocked: WifiLock{NlpWifiLock type=2 binder=android.os.BinderProxy@1dc214ce}
01-09 01:04:41.226  3938  4416 I PowerManagerService: Going to sleep due to power button (uid 1000)...
01-09 01:04:41.227  3938  3981 I PowerManagerService: Sleeping (uid 1000)...
01-09 01:04:41.763  3938  3979 I DisplayManagerService: Display device changed: DisplayDeviceInfo{"Built-in Screen": uniqueId="local:0", 1280 x 800, 60.000004 fps, supportedRefreshRates [60.000004, 60.000004], density 160, 160.0 x 160.0 dpi, appVsyncOff 7500000, presDeadline 12666666, touch INTERNAL, rotation 0, type BUILT_IN, state OFF, FLAG_DEFAULT_DISPLAY, FLAG_ROTATES_WITH_CONTENT, FLAG_SECURE, FLAG_SUPPORTS_PROTECTED_BUFFERS}
01-09 01:04:41.763  3938  3938 V ActivityManager: Display changed displayId=0
01-09 01:04:46.252  3938  4300 I PowerManagerService: Waking up from sleep (uid 1000)...
01-09 01:04:46.252  3938  3981 I DisplayPowerController: Blocking screen on until initial contents have been drawn.
01-09 01:04:46.365  3938  3979 I DisplayManagerService: Display device changed: DisplayDeviceInfo{"Built-in Screen": uniqueId="local:0", 1280 x 800, 60.000004 fps, supportedRefreshRates [60.000004, 60.000004], density 160, 160.0 x 160.0 dpi, appVsyncOff 7500000, presDeadline 12666666, touch INTERNAL, rotation 0, type BUILT_IN, state ON, FLAG_DEFAULT_DISPLAY, FLAG_ROTATES_WITH_CONTENT, FLAG_SECURE, FLAG_SUPPORTS_PROTECTED_BUFFERS}
01-09 01:04:46.371  3938  3938 V ActivityManager: Display changed displayId=0
01-09 01:04:46.408  3938  3981 I DisplayPowerController: Unblocked screen on after 156 ms
01-09 01:04:46.437  3938  3969 D WifiService: acquireWifiLockLocked: WifiLock{NlpWifiLock type=2 binder=android.os.BinderProxy@1dc214ce}
01-09 01:04:46.454  3938  5173 D WifiService: releaseWifiLockLocked: WifiLock{NlpWifiLock type=2 binder=android.os.BinderProxy@1dc214ce}
01-09 01:04:47.455  3938  5171 I PowerManagerService: Going to sleep due to power button (uid 1000)...
01-09 01:04:47.456  3938  3981 I PowerManagerService: Sleeping (uid 1000)...
01-09 01:04:47.990  3938  3979 I DisplayManagerService: Display device changed: DisplayDeviceInfo{"Built-in Screen": uniqueId="local:0", 1280 x 800, 60.000004 fps, supportedRefreshRates [60.000004, 60.000004], density 160, 160.0 x 160.0 dpi, appVsyncOff 7500000, presDeadline 12666666, touch INTERNAL, rotation 0, type BUILT_IN, state OFF, FLAG_DEFAULT_DISPLAY, FLAG_ROTATES_WITH_CONTENT, FLAG_SECURE, FLAG_SUPPORTS_PROTECTED_BUFFERS}
01-09 01:04:47.991  3938  3938 V ActivityManager: Display changed displayId=0
01-09 01:04:52.478  3938  4416 I PowerManagerService: Waking up from sleep (uid 1000)...
01-09 01:04:52.479  3938  3981 I DisplayPowerController: Blocking screen on until initial contents have been drawn.
01-09 01:04:52.583  3938  3979 I DisplayManagerService: Display device changed: DisplayDeviceInfo{"Built-in Screen": uniqueId="local:0", 1280 x 800, 60.000004 fps, supportedRefreshRates [60.000004, 60.000004], density 160, 160.0 x 160.0 dpi, appVsyncOff 7500000, presDeadline 12666666, touch INTERNAL, rotation 0, type BUILT_IN, state ON, FLAG_DEFAULT_DISPLAY, FLAG_ROTATES_WITH_CONTENT, FLAG_SECURE, FLAG_SUPPORTS_PROTECTED_BUFFERS}
01-09 01:04:52.584  3938  3938 V ActivityManager: Display changed displayId=0
01-09 01:04:52.621  3938  3981 I DisplayPowerController: Unblocked screen on after 142 ms
01-09 01:04:52.646  3938  4412 D WifiService: acquireWifiLockLocked: WifiLock{NlpWifiLock type=2 binder=android.os.BinderProxy@1dc214ce}
01-09 01:04:52.663  3938  5167 D WifiService: releaseWifiLockLocked: WifiLock{NlpWifiLock type=2 binder=android.os.BinderProxy@1dc214ce}
01-09 01:04:54.307  3938  5171 I PowerManagerService: Going to sleep due to power button (uid 1000)...
01-09 01:04:54.308  3938  3981 I PowerManagerService: Sleeping (uid 1000)...
01-09 01:04:54.856  3938  3979 I DisplayManagerService: Display device changed: DisplayDeviceInfo{"Built-in Screen": uniqueId="local:0", 1280 x 800, 60.000004 fps, supportedRefreshRates [60.000004, 60.000004], density 160, 160.0 x 160.0 dpi, appVsyncOff 7500000, presDeadline 12666666, touch INTERNAL, rotation 0, type BUILT_IN, state OFF, FLAG_DEFAULT_DISPLAY, FLAG_ROTATES_WITH_CONTENT, FLAG_SECURE, FLAG_SUPPORTS_PROTECTED_BUFFERS}
01-09 01:04:54.856  3938  3938 V ActivityManager: Display changed displayId=0
01-09 01:04:59.332  3938  5168 I PowerManagerService: Waking up from sleep (uid 1000)...
01-09 01:04:59.332  3938  3981 I DisplayPowerController: Blocking screen on until initial contents have been drawn.
01-09 01:04:59.505  3938  3979 I DisplayManagerService: Display device changed: DisplayDeviceInfo{"Built-in Screen": uniqueId="local:0", 1280 x 800, 60.000004 fps, supportedRefreshRates [60.000004, 60.000004], density 160, 160.0 x 160.0 dpi, appVsyncOff 7500000, presDeadline 12666666, touch INTERNAL, rotation 0, type BUILT_IN, state ON, FLAG_DEFAULT_DISPLAY, FLAG_ROTATES_WITH_CONTENT, FLAG_SECURE, FLAG_SUPPORTS_PROTECTED_BUFFERS}
01-09 01:04:59.509  3938  3938 V ActivityManager: Display changed displayId=0
01-09 01:04:59.510  3938  3981 I DisplayPowerController: Unblocked screen on after 178 ms
01-09 01:04:59.560  3938  4951 D WifiService: acquireWifiLockLocked: WifiLock{NlpWifiLock type=2 binder=android.os.BinderProxy@1dc214ce}
01-09 01:04:59.578  3938  4413 D WifiService: releaseWifiLockLocked: WifiLock{NlpWifiLock type=2 binder=android.os.BinderProxy@1dc214ce}
01-09 01:05:00.866  3938  4950 I PowerManagerService: Going to sleep due to power button (uid 1000)...
01-09 01:05:00.867  3938  3981 I PowerManagerService: Sleeping (uid 1000)...
01-09 01:05:01.398  3938  3979 I DisplayManagerService: Display device changed: DisplayDeviceInfo{"Built-in Screen": uniqueId="local:0", 1280 x 800, 60.000004 fps, supportedRefreshRates [60.000004, 60.000004], density 160, 160.0 x 160.0 dpi, appVsyncOff 7500000, presDeadline 12666666, touch INTERNAL, rotation 0, type BUILT_IN, state OFF, FLAG_DEFAULT_DISPLAY, FLAG_ROTATES_WITH_CONTENT, FLAG_SECURE, FLAG_SUPPORTS_PROTECTED_BUFFERS}
01-09 01:05:01.399  3938  3938 V ActivityManager: Display changed displayId=0
01-09 01:05:05.889  3938  5171 I PowerManagerService: Waking up from sleep (uid 1000)...
01-09 01:05:05.890  3938  3981 I DisplayPowerController: Blocking screen on until initial contents have been drawn.
