01-09 01:05:06.068  3938  3979 I DisplayManagerService: Display device changed: DisplayDeviceInfo{"Built-in Screen": uniqueId="local:0", 1280 x 800, 60.000004 fps, supportedRefreshRates [60.000004, 60.000004], density 160, 160.0 x 160.0 dpi, appVsyncOff 7500000, presDeadline 12666666, touch INTERNAL, rotation 0, type BUILT_IN, state ON, FLAG_DEFAULT_DISPLAY, FLAG_ROTATES_WITH_CONTENT, FLAG_SECURE, FLAG_SUPPORTS_PROTECTED_BUFFERS}
01-09 01:05:06.072  3938  3938 V ActivityManager: Display changed displayId=0
01-09 01:05:06.074  3938  3981 I DisplayPowerController: Unblocked screen on after 184 ms
01-09 01:05:06.121  3938  5172 D WifiService: acquireWifiLockLocked: WifiLock{NlpWifiLock type=2 binder=android.os.BinderProxy@1dc214ce}
01-09 01:05:06.137  3938  4255 D WifiService: releaseWifiLockLocked: WifiLock{NlpWifiLock type=2 binder=android.os.BinderProxy@1dc214ce}
01-09 01:05:06.984  3938  5168 I PowerManagerService: Going to sleep due to power button (uid 1000)...
01-09 01:05:06.984  3938  3981 I PowerManagerService: Sleeping (uid 1000)...
01-09 01:05:07.502  3938  3979 I DisplayManagerService: Display device changed: DisplayDeviceInfo{"Built-in Screen": uniqueId="local:0", 1280 x 800, 60.000004 fps, supportedRefreshRates [60.000004, 60.000004], density 160, 160.0 x 160.0 dpi, appVsyncOff 7500000, presDeadline 12666666, touch INTERNAL, rotation 0, type BUILT_IN, state OFF, FLAG_DEFAULT_DISPLAY, FLAG_ROTATES_WITH_CONTENT, FLAG_SECURE, FLAG_SUPPORTS_PROTECTED_BUFFERS}
01-09 01:05:07.503  3938  3938 V ActivityManager: Display changed displayId=0
01-09 01:05:12.008  3938  4415 I PowerManagerService: Waking up from sleep (uid 1000)...
01-09 01:05:12.008  3938  3981 I DisplayPowerController: Blocking screen on until initial contents have been drawn.
01-09 01:05:12.117  3938  3979 I DisplayManagerService: Display device changed: DisplayDeviceInfo{"Built-in Screen": uniqueId="local:0", 1280 x 800, 60.000004 fps, supportedRefreshRates [60.000004, 60.000004], density 160, 160.0 x 160.0 dpi, appVsyncOff 7500000, presDeadline 12666666, touch INTERNAL, rotation 0, type BUILT_IN, state ON, FLAG_DEFAULT_DISPLAY, FLAG_ROTATES_WITH_CONTENT, FLAG_SECURE, FLAG_SUPPORTS_PROTECTED_BUFFERS}
01-09 01:05:12.122  3938  3938 V ActivityManager: Display changed displayId=0
01-09 01:05:12.158  3938  3981 I DisplayPowerController: Unblocked screen on after 150 ms
01-09 01:05:12.182  3938  5171 D WifiService: acquireWifiLockLocked: WifiLock{NlpWifiLock type=2 binder=android.os.BinderProxy@1dc214ce}
01-09 01:05:12.199  3938  3969 D WifiService: releaseWifiLockLocked: WifiLock{NlpWifiLock type=2 binder=android.os.BinderProxy@1dc214ce}
01-09 01:05:13.206  3938  4950 I PowerManagerService: Going to sleep due to power button (uid 1000)...
01-09 01:05:13.206  3938  3981 I PowerManagerService: Sleeping (uid 1000)...
01-09 01:05:13.716  3938  3979 I DisplayManagerService: Display device changed: DisplayDeviceInfo{"Built-in Screen": uniqueId="local:0", 1280 x 800, 60.000004 fps, supportedRefreshRates [60.000004, 60.000004], density 160, 160.0 x 160.0 dpi, appVsyncOff 7500000, presDeadline 12666666, touch INTERNAL, rotation 0, type BUILT_IN, state OFF, FLAG_DEFAULT_DISPLAY, FLAG_ROTATES_WITH_CONTENT, FLAG_SECURE, FLAG_SUPPORTS_PROTECTED_BUFFERS}
01-09 01:05:13.717  3938  3938 V ActivityManager: Display changed displayId=0
01-09 01:05:18.225  3938  5168 I PowerManagerService: Waking up from sleep (uid 1000)...
01-09 01:05:18.226  3938  3981 I DisplayPowerController: Blocking screen on until initial contents have been drawn.
01-09 01:05:18.332  3938  3979 I DisplayManagerService: Display device changed: DisplayDeviceInfo{"Built-in Screen": uniqueId="local:0", 1280 x 800, 60.000004 fps, supportedRefreshRates [60.000004, 60.000004], density 160, 160.0 x 160.0 dpi, appVsyncOff 7500000, presDeadline 12666666, touch INTERNAL, rotation 0, type BUILT_IN, state ON, FLAG_DEFAULT_DISPLAY, FLAG_ROTATES_WITH_CONTENT, FLAG_SECURE, FLAG_SUPPORTS_PROTECTED_BUFFERS}
01-09 01:05:18.332  3938  3938 V ActivityManager: Display changed displayId=0
01-09 01:05:18.372  3938  3981 I DisplayPowerController: Unblocked screen on after 146 ms
01-09 01:05:18.454  3938  4951 D WifiService: acquireWifiLockLocked: WifiLock{NlpWifiLock type=2 binder=android.os.BinderProxy@1dc214ce}
01-09 01:05:18.467  3938  4412 D WifiService: releaseWifiLockLocked: WifiLock{NlpWifiLock type=2 binder=android.os.BinderProxy@1dc214ce}
01-09 01:05:19.430  3938  4416 I PowerManagerService: Going to sleep due to power button (uid 1000)...
01-09 01:05:19.430  3938  3981 I PowerManagerService: Sleeping (uid 1000)...
01-09 01:05:19.962  3938  3979 I DisplayManagerService: Display device changed: DisplayDeviceInfo{"Built-in Screen": uniqueId="local:0", 1280 x 800, 60.000004 fps, supportedRefreshRates [60.000004, 60.000004], density 160, 160.0 x 160.0 dpi, appVsyncOff 7500000, presDeadline 12666666, touch INTERNAL, rotation 0, type BUILT_IN, state OFF, FLAG_DEFAULT_DISPLAY, FLAG_ROTATES_WITH_CONTENT, FLAG_SECURE, FLAG_SUPPORTS_PROTECTED_BUFFERS}
01-09 01:05:19.963  3938  3938 V ActivityManager: Display changed displayId=0
01-09 01:05:24.453  3938  4415 I PowerManagerService: Waking up from sleep (uid 1000)...
01-09 01:05:24.456  3938  3981 I DisplayPowerController: Blocking screen on until initial contents have been drawn.
01-09 01:05:24.633  3938  3979 I DisplayManagerService: Display device changed: DisplayDeviceInfo{"Built-in Screen": uniqueId="local:0", 1280 x 800, 60.000004 fps, supportedRefreshRates [60.000004, 60.000004], density 160, 160.0 x 160.0 dpi, appVsyncOff 7500000, presDeadline 12666666, touch INTERNAL, rotation 0, type BUILT_IN, state ON, FLAG_DEFAULT_DISPLAY, FLAG_ROTATES_WITH_CONTENT, FLAG_SECURE, FLAG_SUPPORTS_PROTECTED_BUFFERS}
01-09 01:05:24.637  3938  3938 V ActivityManager: Display changed displayId=0
01-09 01:05:24.638  3938  3981 I DisplayPowerController: Unblocked screen on after 182 ms
01-09 01:05:24.686  3938  4416 D WifiService: acquireWifiLockLocked: WifiLock{NlpWifiLock type=2 binder=android.os.BinderProxy@1dc214ce}
01-09 01:05:24.702  3938  4414 D WifiService: releaseWifiLockLocked: WifiLock{NlpWifiLock type=2 binder=android.os.BinderProxy@1dc214ce}
01-09 01:05:25.548  3938  5171 I PowerManagerService: Going to sleep due to power button (uid 1000)...
01-09 01:05:25.548  3938  3981 I PowerManagerService: Sleeping (uid 1000)...
01-09 01:05:26.080  3938  3979 I DisplayManagerService: Display device changed: DisplayDeviceInfo{"Built-in Screen": uniqueId="local:0", 1280 x 800, 60.000004 fps, supportedRefreshRates [60.000004, 60.000004], density 160, 160.0 x 160.0 dpi, appVsyncOff 7500000, presDeadline 12666666, touch INTERNAL, rotation 0, type BUILT_IN, state OFF, FLAG_DEFAULT_DISPLAY, FLAG_ROTATES_WITH_CONTENT, FLAG_SECURE, FLAG_SUPPORTS_PROTECTED_BUFFERS}
01-09 01:05:26.081  3938  3938 V ActivityManager: Display changed displayId=0
01-09 01:05:30.570  3938  3969 I PowerManagerService: Waking up from sleep (uid 1000)...
01-09 01:05:30.570  3938  3981 I DisplayPowerController: Blocking screen on until initial contents have been drawn.
01-09 01:05:30.673  3938  3979 I DisplayManagerService: Display device changed: DisplayDeviceInfo{"Built-in Screen": uniqueId="local:0", 1280 x 800, 60.000004 fps, supportedRefreshRates [60.000004, 60.000004], density 160, 160.0 x 160.0 dpi, appVsyncOff 7500000, presDeadline 12666666, touch INTERNAL, rotation 0, type BUILT_IN, state ON, FLAG_DEFAULT_DISPLAY, FLAG_ROTATES_WITH_CONTENT, FLAG_SECURE, FLAG_SUPPORTS_PROTECTED_BUFFERS}
01-09 01:05:30.678  3938  3938 V ActivityManager: Display changed displayId=0
01-09 01:05:30.713  3938  3981 I DisplayPowerController: Unblocked screen on after 143 ms
01-09 01:05:30.737  3938  5168 D WifiService: acquireWifiLockLocked: WifiLock{NlpWifiLock type=2 binder=android.os.BinderProxy@1dc214ce}
01-09 01:05:30.755  3938  5167 D WifiService: releaseWifiLockLocked: WifiLock{NlpWifiLock type=2 binder=android.os.BinderProxy@1dc214ce}
01-09 01:05:31.763  3938  5168 I PowerManagerService: Going to sleep due to power button (uid 1000)...
01-09 01:05:31.763  3938  3981 I PowerManagerService: Sleeping (uid 1000)...
01-09 01:05:32.301  3938  3979 I DisplayManagerService: Display device changed: DisplayDeviceInfo{"Built-in Screen": uniqueId="local:0", 1280 x 800, 60.000004 fps, supportedRefreshRates [60.000004, 60.000004], density 160, 160.0 x 160.0 dpi, appVsyncOff 7500000, presDeadline 12666666, touch INTERNAL, rotation 0, type BUILT_IN, state OFF, FLAG_DEFAULT_DISPLAY, FLAG_ROTATES_WITH_CONTENT, FLAG_SECURE, FLAG_SUPPORTS_PROTECTED_BUFFERS}
01-09 01:05:32.302  3938  3938 V ActivityManager: Display changed displayId=0
01-09 01:05:36.786  3938  5173 I PowerManagerService: Waking up from sleep (uid 1000)...
01-09 01:05:36.786  3938  3981 I DisplayPowerController: Blocking screen on until initial contents have been drawn.
01-09 01:05:36.892  3938  3979 I DisplayManagerService: Display device changed: DisplayDeviceInfo{"Built-in Screen": uniqueId="local:0", 1280 x 800, 60.000004 fps, supportedRefreshRates [60.000004, 60.000004], density 160, 160.0 x 160.0 dpi, appVsyncOff 7500000, presDeadline 12666666, touch INTERNAL, rotation 0, type BUILT_IN, state ON, FLAG_DEFAULT_DISPLAY, FLAG_ROTATES_WITH_CONTENT, FLAG_SECURE, FLAG_SUPPORTS_PROTECTED_BUFFERS}
01-09 01:05:36.892  3938  3938 V ActivityManager: Display changed displayId=0
01-09 01:05:36.924  3938  3981 I DisplayPowerController: Unblocked screen on after 138 ms
01-09 01:05:36.951  3938  4414 D WifiService: acquireWifiLockLocked: WifiLock{NlpWifiLock type=2 binder=android.os.BinderProxy@1dc214ce}
01-09 01:05:36.968  3938  4416 D WifiService: releaseWifiLockLocked: WifiLock{NlpWifiLock type=2 binder=android.os.BinderProxy@1dc214ce}
01-09 01:05:37.976  3938  5167 I PowerManagerService: Going to sleep due to power button (uid 1000)...
01-09 01:05:37.977  3938  3981 I PowerManagerService: Sleeping (uid 1000)...
01-09 01:05:38.501  3938  3979 I DisplayManagerService: Display device changed: DisplayDeviceInfo{"Built-in Screen": uniqueId="local:0", 1280 x 800, 60.000004 fps, supportedRefreshRates [60.000004, 60.000004], density 160, 160.0 x 160.0 dpi, appVsyncOff 7500000, presDeadline 12666666, touch INTERNAL, rotation 0, type BUILT_IN, state OFF, FLAG_DEFAULT_DISPLAY, FLAG_ROTATES_WITH_CONTENT, FLAG_SECURE, FLAG_SUPPORTS_PROTECTED_BUFFERS}
01-09 01:05:38.502  3938  3938 V ActivityManager: Display changed displayId=0
01-09 01:05:42.998  3938  4255 I PowerManagerService: Waking up from sleep (uid 1000)...
01-09 01:05:42.998  3938  3981 I DisplayPowerController: Blocking screen on until initial contents have been drawn.
01-09 01:05:43.172  3938  3979 I DisplayManagerService: Display device changed: DisplayDeviceInfo{"Built-in Screen": uniqueId="local:0", 1280 x 800, 60.000004 fps, supportedRefreshRates [60.000004, 60.000004], density 160, 160.0 x 160.0 dpi, appVsyncOff 7500000, presDeadline 12666666, touch INTERNAL, rotation 0, type BUILT_IN, state ON, FLAG_DEFAULT_DISPLAY, FLAG_ROTATES_WITH_CONTENT, FLAG_SECURE, FLAG_SUPPORTS_PROTECTED_BUFFERS}
01-09 01:05:43.176  3938  3938 V ActivityManager: Display changed displayId=0
01-09 01:05:43.177  3938  3981 I DisplayPowerController: Unblocked screen on after 179 ms
01-09 01:05:43.208  3938  4300 D WifiService: acquireWifiLockLocked: WifiLock{NlpWifiLock type=2 binder=android.os.BinderProxy@1dc214ce}
01-09 01:05:43.235  3938  5168 D WifiService: releaseWifiLockLocked: WifiLock{NlpWifiLock type=2 binder=android.os.BinderProxy@1dc214ce}
01-09 01:05:44.094  3938  4300 I PowerManagerService: Going to sleep due to power button (uid 1000)...
01-09 01:05:44.095  3938  3981 I PowerManagerService: Sleeping (uid 1000)...
01-09 01:05:44.633  3938  3979 I DisplayManagerService: Display device changed: DisplayDeviceInfo{"Built-in Screen": uniqueId="local:0", 1280 x 800, 60.000004 fps, supportedRefreshRates [60.000004, 60.000004], density 160, 160.0 x 160.0 dpi, appVsyncOff 7500000, presDeadline 12666666, touch INTERNAL, rotation 0, type BUILT_IN, state OFF, FLAG_DEFAULT_DISPLAY, FLAG_ROTATES_WITH_CONTENT, FLAG_SECURE, FLAG_SUPPORTS_PROTECTED_BUFFERS}
01-09 01:05:44.634  3938  3938 V ActivityManager: Display changed displayId=0
01-09 01:05:49.113  3938  5167 I PowerManagerService: Waking up from sleep (uid 1000)...
01-09 01:05:49.114  3938  3981 I DisplayPowerController: Blocking screen on until initial contents have been drawn.
01-09 01:05:49.289  3938  3979 I DisplayManagerService: Display device changed: DisplayDeviceInfo{"Built-in Screen": uniqueId="local:0", 1280 x 800, 60.000004 fps, supportedRefreshRates [60.000004, 60.000004], density 160, 160.0 x 160.0 dpi, appVsyncOff 7500000, presDeadline 12666666, touch INTERNAL, rotation 0, type BUILT_IN, state ON, FLAG_DEFAULT_DISPLAY, FLAG_ROTATES_WITH_CONTENT, FLAG_SECURE, FLAG_SUPPORTS_PROTECTED_BUFFERS}
01-09 01:05:49.292  3938  3938 V ActivityManager: Display changed displayId=0
01-09 01:05:49.294  3938  3981 I DisplayPowerController: Unblocked screen on after 180 ms
01-09 01:05:49.336  3938  4951 D WifiService: acquireWifiLockLocked: WifiLock{NlpWifiLock type=2 binder=android.os.BinderProxy@1dc214ce}
01-09 01:05:49.350  3938  4950 D WifiService: releaseWifiLockLocked: WifiLock{NlpWifiLock type=2 binder=android.os.BinderProxy@1dc214ce}
01-09 01:05:50.264  3938  5171 I PowerManagerService: Going to sleep due to power button (uid 1000)...
01-09 01:05:50.264  3938  3981 I PowerManagerService: Sleeping (uid 1000)...
01-09 01:05:50.795  3938  3979 I DisplayManagerService: Display device changed: DisplayDeviceInfo{"Built-in Screen": uniqueId="local:0", 1280 x 800, 60.000004 fps, supportedRefreshRates [60.000004, 60.000004], density 160, 160.0 x 160.0 dpi, appVsyncOff 7500000, presDeadline 12666666, touch INTERNAL, rotation 0, type BUILT_IN, state OFF, FLAG_DEFAULT_DISPLAY, FLAG_ROTATES_WITH_CONTENT, FLAG_SECURE, FLAG_SUPPORTS_PROTECTED_BUFFERS}
01-09 01:05:50.795  3938  3938 V ActivityManager: Display changed displayId=0
01-09 01:05:55.280  3938  4300 I PowerManagerService: Waking up from sleep (uid 1000)...
01-09 01:05:55.281  3938  3981 I DisplayPowerController: Blocking screen on until initial contents have been drawn.
01-09 01:05:55.384  3938  3979 I DisplayManagerService: Display device changed: DisplayDeviceInfo{"Built-in Screen": uniqueId="local:0", 1280 x 800, 60.000004 fps, supportedRefreshRates [60.000004, 60.000004], density 160, 160.0 x 160.0 dpi, appVsyncOff 7500000, presDeadline 12666666, touch INTERNAL, rotation 0, type BUILT_IN, state ON, FLAG_DEFAULT_DISPLAY, FLAG_ROTATES_WITH_CONTENT, FLAG_SECURE, FLAG_SUPPORTS_PROTECTED_BUFFERS}
01-09 01:05:55.389  3938  3938 V ActivityManager: Display changed displayId=0
01-09 01:05:55.431  3938  3981 I DisplayPowerController: Unblocked screen on after 150 ms
01-09 01:05:55.454  3938  5167 D WifiService: acquireWifiLockLocked: WifiLock{NlpWifiLock type=2 binder=android.os.BinderProxy@1dc214ce}
01-09 01:05:55.475  3938  5172 D WifiService: releaseWifiLockLocked: WifiLock{NlpWifiLock type=2 binder=android.os.BinderProxy@1dc214ce}
01-09 01:05:56.476  3938  5167 I PowerManagerService: Going to sleep due to power button (uid 1000)...
01-09 01:05:56.477  3938  3981 I PowerManagerService: Sleeping (uid 1000)...
01-09 01:05:56.506  3938  3974 I ProcessStatsService: Prepared write state in 5ms
01-09 01:05:57.003  3938  3979 I DisplayManagerService: Display device changed: DisplayDeviceInfo{"Built-in Screen": uniqueId="local:0", 1280 x 800, 60.000004 fps, supportedRefreshRates [60.000004, 60.000004], density 160, 160.0 x 160.0 dpi, appVsyncOff 7500000, presDeadline 12666666, touch INTERNAL, rotation 0, type BUILT_IN, state OFF, FLAG_DEFAULT_DISPLAY, FLAG_ROTATES_WITH_CONTENT, FLAG_SECURE, FLAG_SUPPORTS_PROTECTED_BUFFERS}
01-09 01:05:57.004  3938  3938 V ActivityManager: Display changed displayId=0
01-09 01:06:01.501  3938  4412 I PowerManagerService: Waking up from sleep (uid 1000)...
01-09 01:06:01.502  3938  3981 I DisplayPowerController: Blocking screen on until initial contents have been drawn.
01-09 01:06:01.680  3938  3979 I DisplayManagerService: Display device changed: DisplayDeviceInfo{"Built-in Screen": uniqueId="local:0", 1280 x 800, 60.000004 fps, supportedRefreshRates [60.000004, 60.000004], density 160, 160.0 x 160.0 dpi, appVsyncOff 7500000, presDeadline 12666666, touch INTERNAL, rotation 0, type BUILT_IN, state ON, FLAG_DEFAULT_DISPLAY, FLAG_ROTATES_WITH_CONTENT, FLAG_SECURE, FLAG_SUPPORTS_PROTECTED_BUFFERS}
01-09 01:06:01.683  3938  3938 V ActivityManager: Display changed displayId=0
01-09 01:06:01.684  3938  3981 I DisplayPowerController: Unblocked screen on after 182 ms
01-09 01:06:01.811  3938  5167 D WifiService: acquireWifiLockLocked: WifiLock{NlpWifiLock type=2 binder=android.os.BinderProxy@1dc214ce}
01-09 01:06:01.828  3938  5173 D WifiService: releaseWifiLockLocked: WifiLock{NlpWifiLock type=2 binder=android.os.BinderProxy@1dc214ce}
01-09 01:06:03.045  3938  4414 I PowerManagerService: Going to sleep due to power button (uid 1000)...
01-09 01:06:03.046  3938  3981 I PowerManagerService: Sleeping (uid 1000)...
01-09 01:06:03.577  3938  3979 I DisplayManagerService: Display device changed: DisplayDeviceInfo{"Built-in Screen": uniqueId="local:0", 1280 x 800, 60.000004 fps, supportedRefreshRates [60.000004, 60.000004], density 160, 160.0 x 160.0 dpi, appVsyncOff 7500000, presDeadline 12666666, touch INTERNAL, rotation 0, type BUILT_IN, state OFF, FLAG_DEFAULT_DISPLAY, FLAG_ROTATES_WITH_CONTENT, FLAG_SECURE, FLAG_SUPPORTS_PROTECTED_BUFFERS}
01-09 01:06:03.578  3938  3938 V ActivityManager: Display changed displayId=0
01-09 01:06:30.539  3938  5168 W WindowManager: Attempted to remove non-existing token: android.os.Binder@3bbcb5b1
01-09 01:06:31.428  3938  3981 I PowerManagerService: Waking up from sleep (uid 1000)...
01-09 01:06:31.436  3938  3981 I DisplayPowerController: Blocking screen on until initial contents have been drawn.
01-09 01:06:31.544  3938  3979 I DisplayManagerService: Display device changed: DisplayDeviceInfo{"Built-in Screen": uniqueId="local:0", 1280 x 800, 60.000004 fps, supportedRefreshRates [60.000004, 60.000004], density 160, 160.0 x 160.0 dpi, appVsyncOff 7500000, presDeadline 12666666, touch INTERNAL, rotation 0, type BUILT_IN, state ON, FLAG_DEFAULT_DISPLAY, FLAG_ROTATES_WITH_CONTENT, FLAG_SECURE, FLAG_SUPPORTS_PROTECTED_BUFFERS}
01-09 01:06:31.544  3938  3938 V ActivityManager: Display changed displayId=0
01-09 01:06:31.577  3938  4413 I ActivityManager: Start proc 9046:com.android.chrome/u0a32 for broadcast com.android.chrome/com.google.android.apps.chrome.precache.PrecacheServiceLauncher
01-09 01:06:31.609  3938  3981 I DisplayPowerController: Unblocked screen on after 173 ms
01-09 01:06:31.653  3938  4414 D WifiService: acquireWifiLockLocked: WifiLock{NlpWifiLock type=2 binder=android.os.BinderProxy@1dc214ce}
01-09 01:06:31.670  3938  5172 D WifiService: releaseWifiLockLocked: WifiLock{NlpWifiLock type=2 binder=android.os.BinderProxy@1dc214ce}
01-09 01:06:31.830  3938  4300 I ActivityManager: Killing 7603:com.google.android.apps.docs/u0a39 (adj 15): empty for 3505s
01-09 01:06:32.333  3938  5167 I ActivityManager: Killing 5350:com.android.vending/u0a15 (adj 15): empty for 3492s
01-09 01:06:32.396  3938  5167 I ActivityManager: Start proc 9074:com.google.android.apps.maps/u0a63 for broadcast com.google.android.apps.maps/com.google.android.apps.gmm.iamhere.ble.StartBleServiceReceiver
01-09 01:06:33.048  3938  4074 I PowerManagerService: Going to sleep due to power button (uid 1000)...
01-09 01:06:33.048  3938  3981 I PowerManagerService: Sleeping (uid 1000)...
01-09 01:06:33.355  3938  4255 I ActivityManager: Killing 7937:com.android.providers.partnerbookmarks/u0a70 (adj 15): empty for 3488s
01-09 01:06:33.581  3938  3979 I DisplayManagerService: Display device changed: DisplayDeviceInfo{"Built-in Screen": uniqueId="local:0", 1280 x 800, 60.000004 fps, supportedRefreshRates [60.000004, 60.000004], density 160, 160.0 x 160.0 dpi, appVsyncOff 7500000, presDeadline 12666666, touch INTERNAL, rotation 0, type BUILT_IN, state OFF, FLAG_DEFAULT_DISPLAY, FLAG_ROTATES_WITH_CONTENT, FLAG_SECURE, FLAG_SUPPORTS_PROTECTED_BUFFERS}
01-09 01:06:33.582  3938  3938 V ActivityManager: Display changed displayId=0
01-09 01:06:59.877  3938  4074 I PowerManagerService: Waking up from sleep (uid 1000)...
01-09 01:06:59.881  3938  3981 I DisplayPowerController: Blocking screen on until initial contents have been drawn.
01-09 01:06:59.889  3938  4414 W ActivityManager: Unable to start service Intent { act=com.google.android.gms.analytics.service.START cmp=com.google.android.gms/.analytics.service.AnalyticsService (has extras) } U=0: not found
01-09 01:07:00.096  3938  3979 I DisplayManagerService: Display device changed: DisplayDeviceInfo{"Built-in Screen": uniqueId="local:0", 1280 x 800, 60.000004 fps, supportedRefreshRates [60.000004, 60.000004], density 160, 160.0 x 160.0 dpi, appVsyncOff 7500000, presDeadline 12666666, touch INTERNAL, rotation 0, type BUILT_IN, state ON, FLAG_DEFAULT_DISPLAY, FLAG_ROTATES_WITH_CONTENT, FLAG_SECURE, FLAG_SUPPORTS_PROTECTED_BUFFERS}
01-09 01:07:00.096  3938  3938 V ActivityManager: Display changed displayId=0
01-09 01:07:00.102  3938  3981 I DisplayPowerController: Unblocked screen on after 221 ms
01-09 01:07:00.113  3938  4950 D WifiService: acquireWifiLockLocked: WifiLock{NlpWifiLock type=2 binder=android.os.BinderProxy@1dc214ce}
01-09 01:07:01.502  3938  3977 I ActivityManager: Config changes=480 {1.0 ?mcc?mnc en_US ldltr sw800dp w800dp h1207dp 160dpi xlrg port finger -keyb/v/h -nav/h s.17}
01-09 01:07:01.503  3938  3938 V ActivityManager: Display changed displayId=0
01-09 01:07:01.845  6798  6798 W ResourcesManager: Asset path '/system/framework/com.google.android.media.effects.jar' does not exist or contains no resources.
01-09 01:07:01.856  6798  6798 W ResourcesManager: Asset path '/system/framework/com.google.android.maps.jar' does not exist or contains no resources.
01-09 01:07:01.891  3938  5168 V WindowManager: Adding window Window{1c076e52 u0 com.google.android.googlequicksearchbox/com.google.android.launcher.GEL} at 1 of 8 (after Window{88215fd u0 com.android.systemui/com.android.systemui.recents.RecentsActivity})
01-09 01:07:01.960  3938  3979 I WindowManager: Screen frozen for +1s810ms due to AppWindowToken{2f1dce6f token=Token{ff0fd4e ActivityRecord{10703049 u0 com.google.android.googlequicksearchbox/com.google.android.launcher.GEL t4}}}
01-09 01:07:02.947  3938  4951 D WifiService: releaseWifiLockLocked: WifiLock{NlpWifiLock type=2 binder=android.os.BinderProxy@1dc214ce}
01-09 01:07:04.910  3938  5168 W ActivityManager: Unable to start service Intent { act=com.google.android.gms.analytics.service.START cmp=com.google.android.gms/.analytics.service.AnalyticsService (has extras) } U=0: not found
01-09 01:07:05.696  3938  3938 I ValidateNoPeople: skipping global notification
01-09 01:07:05.698  3938  3938 I ValidateNoPeople: skipping global notification
01-09 01:07:07.030  3938  3938 I EntropyMixer: Writing entropy...
01-09 01:07:12.281  3938  4415 W ActivityManager: Unable to start service Intent { act=com.google.android.gms.analytics.service.START cmp=com.google.android.gms/.analytics.service.AnalyticsService (has extras) } U=0: not found
01-09 01:07:15.959  3938  3938 V ActivityManager: Display changed displayId=0
01-09 01:07:15.973  3938  3977 I ActivityManager: Config changes=480 {1.0 ?mcc?mnc en_US ldltr sw800dp w1280dp h727dp 160dpi xlrg land finger -keyb/v/h -nav/h s.18}
01-09 01:07:16.386  6798  6798 W ResourcesManager: Asset path '/system/framework/com.google.android.media.effects.jar' does not exist or contains no resources.
01-09 01:07:16.403  6798  6798 W ResourcesManager: Asset path '/system/framework/com.google.android.maps.jar' does not exist or contains no resources.
01-09 01:07:16.437  3938  4951 V WindowManager: Adding window Window{31f3b762 u0 com.google.android.googlequicksearchbox/com.google.android.launcher.GEL} at 1 of 8 (after Window{88215fd u0 com.android.systemui/com.android.systemui.recents.RecentsActivity})
01-09 01:07:16.510  3938  3979 I WindowManager: Screen frozen for +568ms due to AppWindowToken{2f1dce6f token=Token{ff0fd4e ActivityRecord{10703049 u0 com.google.android.googlequicksearchbox/com.google.android.launcher.GEL t4}}}
01-09 01:07:17.015  3938  3981 I PowerManagerService: Going to sleep due to screen timeout (uid 1000)...
01-09 01:07:17.015  3938  3981 I PowerManagerService: Sleeping (uid 1000)...
01-09 01:07:17.325  3938  4414 W ActivityManager: Unable to start service Intent { act=com.google.android.gms.analytics.service.START cmp=com.google.android.gms/.analytics.service.AnalyticsService (has extras) } U=0: not found
01-09 01:07:17.439  4782  4782 W ResourcesManager: Asset path '/system/framework/com.google.android.media.effects.jar' does not exist or contains no resources.
01-09 01:07:17.509  3938  4415 I ActivityManager: Start proc 9351:com.android.vending/u0a15 for broadcast com.android.vending/com.google.android.finsky.receivers.PackageMonitorReceiver$RegisteredReceiver
01-09 01:07:18.251  3938  4951 I ActivityManager: Start proc 9393:com.google.android.gms:car/u0a9 for service com.google.android.gms/.car.CarService
01-09 01:07:18.325  9393  9393 W ResourcesManager: Asset path '/system/framework/com.android.media.remotedisplay.jar' does not exist or contains no resources.
01-09 01:07:18.326  9393  9393 W ResourcesManager: Asset path '/system/framework/com.android.location.provider.jar' does not exist or contains no resources.
01-09 01:07:18.762  3938  3938 D BackupManagerService: Received broadcast Intent { act=android.intent.action.PACKAGE_CHANGED dat=package:com.google.android.apps.plus flg=0x4000010 (has extras) }
01-09 01:07:18.788  3938  5171 I ActivityManager: Start proc 9419:com.google.android.gms.wearable/u0a9 for service com.google.android.gms/.wearable.service.WearableService
01-09 01:07:18.820  9419  9419 W ResourcesManager: Asset path '/system/framework/com.android.media.remotedisplay.jar' does not exist or contains no resources.
01-09 01:07:18.820  9419  9419 W ResourcesManager: Asset path '/system/framework/com.android.location.provider.jar' does not exist or contains no resources.
01-09 01:07:18.862  3938  5167 I ActivityManager: Killing 7551:com.google.android.partnersetup/u0a12 (adj 15): empty for 3512s
01-09 01:07:21.806  3938  3979 I DisplayManagerService: Display device changed: DisplayDeviceInfo{"Built-in Screen": uniqueId="local:0", 1280 x 800, 60.000004 fps, supportedRefreshRates [60.000004, 60.000004], density 160, 160.0 x 160.0 dpi, appVsyncOff 7500000, presDeadline 12666666, touch INTERNAL, rotation 0, type BUILT_IN, state OFF, FLAG_DEFAULT_DISPLAY, FLAG_ROTATES_WITH_CONTENT, FLAG_SECURE, FLAG_SUPPORTS_PROTECTED_BUFFERS}
01-09 01:07:21.806  3938  3938 V ActivityManager: Display changed displayId=0
01-09 01:07:24.872  3938  5173 I ActivityManager: Process com.google.android.gms:car (pid 9393) has died
01-09 01:07:25.375  3938  3938 I ValidateNoPeople: skipping global notification
01-09 01:07:42.370  3938  4300 W ActivityManager: getRunningAppProcesses: caller 10084 does not hold REAL_GET_TASKS; limiting output
01-09 01:08:12.471  3938  5168 W ActivityManager: getRunningAppProcesses: caller 10084 does not hold REAL_GET_TASKS; limiting output
01-09 01:08:42.574  3938  5168 W ActivityManager: getRunningAppProcesses: caller 10084 does not hold REAL_GET_TASKS; limiting output
01-09 01:09:12.676  3938  5171 W ActivityManager: getRunningAppProcesses: caller 10084 does not hold REAL_GET_TASKS; limiting output
01-09 01:09:42.778  3938  3970 W ActivityManager: getRunningAppProcesses: caller 10084 does not hold REAL_GET_TASKS; limiting output
01-09 01:10:12.875  3938  5173 W ActivityManager: getRunningAppProcesses: caller 10084 does not hold REAL_GET_TASKS; limiting output
01-09 01:10:42.977  3938  4416 W ActivityManager: getRunningAppProcesses: caller 10084 does not hold REAL_GET_TASKS; limiting output
01-09 01:11:13.079  3938  4414 W ActivityManager: getRunningAppProcesses: caller 10084 does not hold REAL_GET_TASKS; limiting output
01-09 01:11:43.181  3938  5172 W ActivityManager: getRunningAppProcesses: caller 10084 does not hold REAL_GET_TASKS; limiting output
01-09 01:12:10.657  3938  4300 D WifiService: acquireWifiLockLocked: WifiLock{NlpWifiLock type=2 binder=android.os.BinderProxy@2efbf9ad}
01-09 01:12:10.672  3938  4300 D WifiService: releaseWifiLockLocked: WifiLock{NlpWifiLock type=2 binder=android.os.BinderProxy@2efbf9ad}
01-09 01:12:13.283  3938  5173 W ActivityManager: getRunningAppProcesses: caller 10084 does not hold REAL_GET_TASKS; limiting output
01-09 01:12:16.744  3938  3981 I PowerManagerService: Waking up from sleep (uid 1000)...
01-09 01:12:16.748  3938  3981 I DisplayPowerController: Blocking screen on until initial contents have been drawn.
01-09 01:12:16.856  3938  3979 I DisplayManagerService: Display device changed: DisplayDeviceInfo{"Built-in Screen": uniqueId="local:0", 1280 x 800, 60.000004 fps, supportedRefreshRates [60.000004, 60.000004], density 160, 160.0 x 160.0 dpi, appVsyncOff 7500000, presDeadline 12666666, touch INTERNAL, rotation 0, type BUILT_IN, state ON, FLAG_DEFAULT_DISPLAY, FLAG_ROTATES_WITH_CONTENT, FLAG_SECURE, FLAG_SUPPORTS_PROTECTED_BUFFERS}
01-09 01:12:16.864  3938  3938 V ActivityManager: Display changed displayId=0
01-09 01:12:16.897  3938  3981 I DisplayPowerController: Unblocked screen on after 149 ms
01-09 01:12:17.753  3938  3938 V ActivityManager: Display changed displayId=0
01-09 01:12:17.759  3938  3977 I ActivityManager: Config changes=480 {1.0 ?mcc?mnc en_US ldltr sw800dp w800dp h1207dp 160dpi xlrg port finger -keyb/v/h -nav/h s.19}
01-09 01:12:17.837  3938  5172 D WifiService: acquireWifiLockLocked: WifiLock{NlpWifiLock type=2 binder=android.os.BinderProxy@6e19073}
01-09 01:12:17.867  3938  4255 D WifiService: releaseWifiLockLocked: WifiLock{NlpWifiLock type=2 binder=android.os.BinderProxy@6e19073}
01-09 01:12:18.111  6798  6798 W ResourcesManager: Asset path '/system/framework/com.google.android.media.effects.jar' does not exist or contains no resources.
01-09 01:12:18.121  6798  6798 W ResourcesManager: Asset path '/system/framework/com.google.android.maps.jar' does not exist or contains no resources.
01-09 01:12:18.150  3938  4414 V WindowManager: Adding window Window{c2efee1 u0 com.google.android.googlequicksearchbox/com.google.android.launcher.GEL} at 1 of 8 (after Window{88215fd u0 com.android.systemui/com.android.systemui.recents.RecentsActivity})
01-09 01:12:18.220  3938  3979 I WindowManager: Screen frozen for +490ms due to AppWindowToken{2f1dce6f token=Token{ff0fd4e ActivityRecord{10703049 u0 com.google.android.googlequicksearchbox/com.google.android.launcher.GEL t4}}}
01-09 01:12:20.668  3938  3938 V ActivityManager: Display changed displayId=0
01-09 01:12:20.675  3938  3977 I ActivityManager: Config changes=480 {1.0 ?mcc?mnc en_US ldltr sw800dp w1280dp h727dp 160dpi xlrg land finger -keyb/v/h -nav/h s.20}
01-09 01:12:21.011  6798  6798 W ResourcesManager: Asset path '/system/framework/com.google.android.media.effects.jar' does not exist or contains no resources.
01-09 01:12:21.023  6798  6798 W ResourcesManager: Asset path '/system/framework/com.google.android.maps.jar' does not exist or contains no resources.
01-09 01:12:21.059  3938  5173 V WindowManager: Adding window Window{2758bab6 u0 com.google.android.googlequicksearchbox/com.google.android.launcher.GEL} at 1 of 8 (after Window{88215fd u0 com.android.systemui/com.android.systemui.recents.RecentsActivity})
01-09 01:12:21.137  3938  3979 I WindowManager: Screen frozen for +489ms due to AppWindowToken{2f1dce6f token=Token{ff0fd4e ActivityRecord{10703049 u0 com.google.android.googlequicksearchbox/com.google.android.launcher.GEL t4}}}
01-09 01:12:22.108  3938  3938 V ActivityManager: Display changed displayId=0
01-09 01:12:22.119  3938  3977 I ActivityManager: Config changes=480 {1.0 ?mcc?mnc en_US ldltr sw800dp w800dp h1207dp 160dpi xlrg port finger -keyb/v/h -nav/h s.21}
01-09 01:12:22.455  6798  6798 W ResourcesManager: Asset path '/system/framework/com.google.android.media.effects.jar' does not exist or contains no resources.
01-09 01:12:22.466  6798  6798 W ResourcesManager: Asset path '/system/framework/com.google.android.maps.jar' does not exist or contains no resources.
01-09 01:12:22.499  3938  4951 V WindowManager: Adding window Window{315a68a7 u0 com.google.android.googlequicksearchbox/com.google.android.launcher.GEL} at 1 of 8 (after Window{88215fd u0 com.android.systemui/com.android.systemui.recents.RecentsActivity})
01-09 01:12:22.570  3938  3979 I WindowManager: Screen frozen for +477ms due to AppWindowToken{2f1dce6f token=Token{ff0fd4e ActivityRecord{10703049 u0 com.google.android.googlequicksearchbox/com.google.android.launcher.GEL t4}}}
01-09 01:12:23.671  3938  3938 V ActivityManager: Display changed displayId=0
01-09 01:12:23.673  3938  3977 I ActivityManager: Config changes=480 {1.0 ?mcc?mnc en_US ldltr sw800dp w1280dp h727dp 160dpi xlrg land finger -keyb/v/h -nav/h s.22}
01-09 01:12:23.991  6798  6798 W ResourcesManager: Asset path '/system/framework/com.google.android.media.effects.jar' does not exist or contains no resources.
01-09 01:12:24.002  6798  6798 W ResourcesManager: Asset path '/system/framework/com.google.android.maps.jar' does not exist or contains no resources.
01-09 01:12:24.037  3938  4416 V WindowManager: Adding window Window{1d840784 u0 com.google.android.googlequicksearchbox/com.google.android.launcher.GEL} at 1 of 8 (after Window{88215fd u0 com.android.systemui/com.android.systemui.recents.RecentsActivity})
01-09 01:12:24.119  3938  3979 I WindowManager: Screen frozen for +466ms due to AppWindowToken{2f1dce6f token=Token{ff0fd4e ActivityRecord{10703049 u0 com.google.android.googlequicksearchbox/com.google.android.launcher.GEL t4}}}
01-09 01:12:26.091  3938  3938 V ActivityManager: Display changed displayId=0
01-09 01:12:26.101  3938  3977 I ActivityManager: Config changes=480 {1.0 ?mcc?mnc en_US ldltr sw800dp w800dp h1207dp 160dpi xlrg port finger -keyb/v/h -nav/h s.23}
01-09 01:12:26.434  6798  6798 W ResourcesManager: Asset path '/system/framework/com.google.android.media.effects.jar' does not exist or contains no resources.
01-09 01:12:26.445  6798  6798 W ResourcesManager: Asset path '/system/framework/com.google.android.maps.jar' does not exist or contains no resources.
01-09 01:12:26.481  3938  5167 V WindowManager: Adding window Window{c6539dd u0 com.google.android.googlequicksearchbox/com.google.android.launcher.GEL} at 1 of 8 (after Window{88215fd u0 com.android.systemui/com.android.systemui.recents.RecentsActivity})
01-09 01:12:26.569  3938  3979 I WindowManager: Screen frozen for +496ms due to AppWindowToken{2f1dce6f token=Token{ff0fd4e ActivityRecord{10703049 u0 com.google.android.googlequicksearchbox/com.google.android.launcher.GEL t4}}}
01-09 01:12:26.744  3938  3981 I PowerManagerService: Going to sleep due to screen timeout (uid 1000)...
01-09 01:12:26.745  3938  3981 I PowerManagerService: Sleeping (uid 1000)...
01-09 01:12:26.901  3938  4074 I PowerManagerService: Waking up from sleep (uid 1000)...
01-09 01:12:26.967  3938  4416 D WifiService: acquireWifiLockLocked: WifiLock{NlpWifiLock type=2 binder=android.os.BinderProxy@32ed4811}
01-09 01:12:26.981  3938  5173 D WifiService: releaseWifiLockLocked: WifiLock{NlpWifiLock type=2 binder=android.os.BinderProxy@32ed4811}
01-09 01:12:27.334  3938  3981 I DisplayPowerController: Blocking screen on until initial contents have been drawn.
01-09 01:12:27.402  3938  3981 I DisplayPowerController: Unblocked screen on after 68 ms
01-09 01:12:29.010  3938  4074 I PowerManagerService: Going to sleep due to power button (uid 1000)...
01-09 01:12:29.011  3938  3981 I PowerManagerService: Sleeping (uid 1000)...
01-09 01:12:29.541  3938  3979 I DisplayManagerService: Display device changed: DisplayDeviceInfo{"Built-in Screen": uniqueId="local:0", 1280 x 800, 60.000004 fps, supportedRefreshRates [60.000004, 60.000004], density 160, 160.0 x 160.0 dpi, appVsyncOff 7500000, presDeadline 12666666, touch INTERNAL, rotation 0, type BUILT_IN, state OFF, FLAG_DEFAULT_DISPLAY, FLAG_ROTATES_WITH_CONTENT, FLAG_SECURE, FLAG_SUPPORTS_PROTECTED_BUFFERS}
01-09 01:12:29.541  3938  3938 V ActivityManager: Display changed displayId=0
01-09 01:12:51.949  3938  4074 I PowerManagerService: Waking up from sleep (uid 1000)...
01-09 01:12:51.955  3938  3981 I DisplayPowerController: Blocking screen on until initial contents have been drawn.
01-09 01:12:52.115  3938  3979 I DisplayManagerService: Display device changed: DisplayDeviceInfo{"Built-in Screen": uniqueId="local:0", 1280 x 800, 60.000004 fps, supportedRefreshRates [60.000004, 60.000004], density 160, 160.0 x 160.0 dpi, appVsyncOff 7500000, presDeadline 12666666, touch INTERNAL, rotation 0, type BUILT_IN, state ON, FLAG_DEFAULT_DISPLAY, FLAG_ROTATES_WITH_CONTENT, FLAG_SECURE, FLAG_SUPPORTS_PROTECTED_BUFFERS}
01-09 01:12:52.119  3938  3938 V ActivityManager: Display changed displayId=0
01-09 01:12:52.120  3938  3981 I DisplayPowerController: Unblocked screen on after 165 ms
01-09 01:12:52.149  3938  5171 D WifiService: acquireWifiLockLocked: WifiLock{NlpWifiLock type=2 binder=android.os.BinderProxy@2d4d544d}
01-09 01:12:55.038  3938  4416 D WifiService: releaseWifiLockLocked: WifiLock{NlpWifiLock type=2 binder=android.os.BinderProxy@2d4d544d}
01-09 01:12:57.622  3938  3938 V ActivityManager: Display changed displayId=0
01-09 01:12:57.630  3938  3977 I ActivityManager: Config changes=480 {1.0 ?mcc?mnc en_US ldltr sw800dp w1280dp h727dp 160dpi xlrg land finger -keyb/v/h -nav/h s.24}
01-09 01:12:57.971  6798  6798 W ResourcesManager: Asset path '/system/framework/com.google.android.media.effects.jar' does not exist or contains no resources.
01-09 01:12:57.982  6798  6798 W ResourcesManager: Asset path '/system/framework/com.google.android.maps.jar' does not exist or contains no resources.
01-09 01:12:58.015  3938  5167 V WindowManager: Adding window Window{1f9cda8b u0 com.google.android.googlequicksearchbox/com.google.android.launcher.GEL} at 1 of 8 (after Window{88215fd u0 com.android.systemui/com.android.systemui.recents.RecentsActivity})
01-09 01:12:58.084  3938  3979 I WindowManager: Screen frozen for +480ms due to AppWindowToken{2f1dce6f token=Token{ff0fd4e ActivityRecord{10703049 u0 com.google.android.googlequicksearchbox/com.google.android.launcher.GEL t4}}}
01-09 01:13:01.807  3938  3981 I PowerManagerService: Going to sleep due to screen timeout (uid 1000)...
01-09 01:13:01.808  3938  3981 I PowerManagerService: Sleeping (uid 1000)...
01-09 01:13:03.953  3938  3979 I DisplayManagerService: Display device changed: DisplayDeviceInfo{"Built-in Screen": uniqueId="local:0", 1280 x 800, 60.000004 fps, supportedRefreshRates [60.000004, 60.000004], density 160, 160.0 x 160.0 dpi, appVsyncOff 7500000, presDeadline 12666666, touch INTERNAL, rotation 0, type BUILT_IN, state OFF, FLAG_DEFAULT_DISPLAY, FLAG_ROTATES_WITH_CONTENT, FLAG_SECURE, FLAG_SUPPORTS_PROTECTED_BUFFERS}
01-09 01:13:03.954  3938  3938 V ActivityManager: Display changed displayId=0
01-09 01:13:04.275  3938  4300 W ActivityManager: getRunningAppProcesses: caller 10084 does not hold REAL_GET_TASKS; limiting output
01-09 01:13:07.410  3938  4074 I PowerManagerService: Waking up from sleep (uid 1000)...
01-09 01:13:07.415  3938  3981 I DisplayPowerController: Blocking screen on until initial contents have been drawn.
01-09 01:13:07.550  3938  5168 D WifiService: acquireWifiLockLocked: WifiLock{NlpWifiLock type=2 binder=android.os.BinderProxy@388cadfe}
01-09 01:13:07.568  3938  4414 D WifiService: releaseWifiLockLocked: WifiLock{NlpWifiLock type=2 binder=android.os.BinderProxy@388cadfe}
01-09 01:13:08.463  3938  3938 V ActivityManager: Display changed displayId=0
01-09 01:13:08.463  3938  3977 I ActivityManager: Config changes=480 {1.0 ?mcc?mnc en_US ldltr sw800dp w800dp h1207dp 160dpi xlrg port finger -keyb/v/h -nav/h s.25}
01-09 01:13:08.577  3938  3979 W WindowManager: Timeout waiting for drawn: undrawn=[Window{a28ea8b u0 StatusBar}]
01-09 01:13:08.577  3938  3979 I DisplayManagerService: Display device changed: DisplayDeviceInfo{"Built-in Screen": uniqueId="local:0", 1280 x 800, 60.000004 fps, supportedRefreshRates [60.000004, 60.000004], density 160, 160.0 x 160.0 dpi, appVsyncOff 7500000, presDeadline 12666666, touch INTERNAL, rotation 0, type BUILT_IN, state ON, FLAG_DEFAULT_DISPLAY, FLAG_ROTATES_WITH_CONTENT, FLAG_SECURE, FLAG_SUPPORTS_PROTECTED_BUFFERS}
01-09 01:13:08.578  3938  3981 I DisplayPowerController: Unblocked screen on after 1163 ms
01-09 01:13:08.590  3938  3938 V ActivityManager: Display changed displayId=0
01-09 01:13:10.249  6798  6798 W ResourcesManager: Asset path '/system/framework/com.google.android.media.effects.jar' does not exist or contains no resources.
01-09 01:13:10.260  6798  6798 W ResourcesManager: Asset path '/system/framework/com.google.android.maps.jar' does not exist or contains no resources.
01-09 01:13:10.280  3938  3938 V ActivityManager: Display changed displayId=0
01-09 01:13:10.296  3938  4416 V WindowManager: Adding window Window{35ced844 u0 com.google.android.googlequicksearchbox/com.google.android.launcher.GEL} at 1 of 8 (after Window{88215fd u0 com.android.systemui/com.android.systemui.recents.RecentsActivity})
01-09 01:13:11.550  3938  3938 V ActivityManager: Display changed displayId=0
01-09 01:13:11.565  3938  3977 I ActivityManager: Config changes=480 {1.0 ?mcc?mnc en_US ldltr sw800dp w1280dp h727dp 160dpi xlrg land finger -keyb/v/h -nav/h s.26}
01-09 01:13:11.916  6798  6798 W ResourcesManager: Asset path '/system/framework/com.google.android.media.effects.jar' does not exist or contains no resources.
01-09 01:13:11.931  6798  6798 W ResourcesManager: Asset path '/system/framework/com.google.android.maps.jar' does not exist or contains no resources.
01-09 01:13:11.965  3938  4415 V WindowManager: Adding window Window{332a4986 u0 com.google.android.googlequicksearchbox/com.google.android.launcher.GEL} at 1 of 8 (after Window{88215fd u0 com.android.systemui/com.android.systemui.recents.RecentsActivity})
01-09 01:13:12.050  3938  3979 I WindowManager: Screen frozen for +524ms due to AppWindowToken{2f1dce6f token=Token{ff0fd4e ActivityRecord{10703049 u0 com.google.android.googlequicksearchbox/com.google.android.launcher.GEL t4}}}
01-09 01:13:16.019  3938  3938 V ActivityManager: Display changed displayId=0
01-09 01:13:16.030  3938  3977 I ActivityManager: Config changes=480 {1.0 ?mcc?mnc en_US ldltr sw800dp w800dp h1207dp 160dpi xlrg port finger -keyb/v/h -nav/h s.27}
01-09 01:13:16.355  6798  6798 W ResourcesManager: Asset path '/system/framework/com.google.android.media.effects.jar' does not exist or contains no resources.
01-09 01:13:16.366  6798  6798 W ResourcesManager: Asset path '/system/framework/com.google.android.maps.jar' does not exist or contains no resources.
01-09 01:13:16.398  3938  4413 V WindowManager: Adding window Window{1a285b37 u0 com.google.android.googlequicksearchbox/com.google.android.launcher.GEL} at 1 of 8 (after Window{88215fd u0 com.android.systemui/com.android.systemui.recents.RecentsActivity})
01-09 01:13:16.483  3938  3979 I WindowManager: Screen frozen for +478ms due to AppWindowToken{2f1dce6f token=Token{ff0fd4e ActivityRecord{10703049 u0 com.google.android.googlequicksearchbox/com.google.android.launcher.GEL t4}}}
01-09 01:13:17.410  3938  3981 I PowerManagerService: Going to sleep due to screen timeout (uid 1000)...
01-09 01:13:17.410  3938  3981 I PowerManagerService: Sleeping (uid 1000)...
01-09 01:13:20.260  3938  3979 I DisplayManagerService: Display device changed: DisplayDeviceInfo{"Built-in Screen": uniqueId="local:0", 1280 x 800, 60.000004 fps, supportedRefreshRates [60.000004, 60.000004], density 160, 160.0 x 160.0 dpi, appVsyncOff 7500000, presDeadline 12666666, touch INTERNAL, rotation 0, type BUILT_IN, state OFF, FLAG_DEFAULT_DISPLAY, FLAG_ROTATES_WITH_CONTENT, FLAG_SECURE, FLAG_SUPPORTS_PROTECTED_BUFFERS}
01-09 01:13:20.260  3938  3938 V ActivityManager: Display changed displayId=0
01-09 01:13:28.849  3938  4074 I PowerManagerService: Waking up from sleep (uid 1000)...
01-09 01:13:28.854  3938  3981 I DisplayPowerController: Blocking screen on until initial contents have been drawn.
01-09 01:13:29.022  3938  3979 I DisplayManagerService: Display device changed: DisplayDeviceInfo{"Built-in Screen": uniqueId="local:0", 1280 x 800, 60.000004 fps, supportedRefreshRates [60.000004, 60.000004], density 160, 160.0 x 160.0 dpi, appVsyncOff 7500000, presDeadline 12666666, touch INTERNAL, rotation 0, type BUILT_IN, state ON, FLAG_DEFAULT_DISPLAY, FLAG_ROTATES_WITH_CONTENT, FLAG_SECURE, FLAG_SUPPORTS_PROTECTED_BUFFERS}
01-09 01:13:29.023  3938  3938 V ActivityManager: Display changed displayId=0
01-09 01:13:29.028  3938  3981 I DisplayPowerController: Unblocked screen on after 174 ms
01-09 01:13:29.052  3938  3969 D WifiService: acquireWifiLockLocked: WifiLock{NlpWifiLock type=2 binder=android.os.BinderProxy@1afd0f1a}
01-09 01:13:29.069  3938  4255 D WifiService: releaseWifiLockLocked: WifiLock{NlpWifiLock type=2 binder=android.os.BinderProxy@1afd0f1a}
01-09 01:13:31.588  3938  4074 I PowerManagerService: Going to sleep due to power button (uid 1000)...
01-09 01:13:31.589  3938  3981 I PowerManagerService: Sleeping (uid 1000)...
01-09 01:13:32.126  3938  3979 I DisplayManagerService: Display device changed: DisplayDeviceInfo{"Built-in Screen": uniqueId="local:0", 1280 x 800, 60.000004 fps, supportedRefreshRates [60.000004, 60.000004], density 160, 160.0 x 160.0 dpi, appVsyncOff 7500000, presDeadline 12666666, touch INTERNAL, rotation 0, type BUILT_IN, state OFF, FLAG_DEFAULT_DISPLAY, FLAG_ROTATES_WITH_CONTENT, FLAG_SECURE, FLAG_SUPPORTS_PROTECTED_BUFFERS}
01-09 01:13:32.127  3938  3938 V ActivityManager: Display changed displayId=0
01-09 01:13:38.917  3938  4074 I PowerManagerService: Waking up from sleep (uid 1000)...
01-09 01:13:38.921  3938  3981 I DisplayPowerController: Blocking screen on until initial contents have been drawn.
01-09 01:13:39.031  3938  4950 D WifiService: acquireWifiLockLocked: WifiLock{NlpWifiLock type=2 binder=android.os.BinderProxy@1afd0f1a}
01-09 01:13:39.044  3938  4416 D WifiService: releaseWifiLockLocked: WifiLock{NlpWifiLock type=2 binder=android.os.BinderProxy@1afd0f1a}
01-09 01:13:39.138  3938  3979 I DisplayManagerService: Display device changed: DisplayDeviceInfo{"Built-in Screen": uniqueId="local:0", 1280 x 800, 60.000004 fps, supportedRefreshRates [60.000004, 60.000004], density 160, 160.0 x 160.0 dpi, appVsyncOff 7500000, presDeadline 12666666, touch INTERNAL, rotation 0, type BUILT_IN, state ON, FLAG_DEFAULT_DISPLAY, FLAG_ROTATES_WITH_CONTENT, FLAG_SECURE, FLAG_SUPPORTS_PROTECTED_BUFFERS}
01-09 01:13:39.141  3938  3938 V ActivityManager: Display changed displayId=0
01-09 01:13:39.143  3938  3981 I DisplayPowerController: Unblocked screen on after 222 ms
01-09 01:13:39.718  3938  3969 W ActivityManager: getRunningAppProcesses: caller 10084 does not hold REAL_GET_TASKS; limiting output
01-09 01:13:40.687  3938  3938 V ActivityManager: Display changed displayId=0
01-09 01:13:40.695  3938  3977 I ActivityManager: Config changes=480 {1.0 ?mcc?mnc en_US ldltr sw800dp w1280dp h727dp 160dpi xlrg land finger -keyb/v/h -nav/h s.28}
01-09 01:13:41.039  6798  6798 W ResourcesManager: Asset path '/system/framework/com.google.android.media.effects.jar' does not exist or contains no resources.
01-09 01:13:41.051  6798  6798 W ResourcesManager: Asset path '/system/framework/com.google.android.maps.jar' does not exist or contains no resources.
01-09 01:13:41.084  3938  5167 V WindowManager: Adding window Window{f0b4d1f u0 com.google.android.googlequicksearchbox/com.google.android.launcher.GEL} at 1 of 8 (after Window{88215fd u0 com.android.systemui/com.android.systemui.recents.RecentsActivity})
01-09 01:13:41.164  3938  3979 I WindowManager: Screen frozen for +490ms due to AppWindowToken{2f1dce6f token=Token{ff0fd4e ActivityRecord{10703049 u0 com.google.android.googlequicksearchbox/com.google.android.launcher.GEL t4}}}
01-09 01:13:42.526  3938  3938 V ActivityManager: Display changed displayId=0
01-09 01:13:42.530  3938  3977 I ActivityManager: Config changes=480 {1.0 ?mcc?mnc en_US ldltr sw800dp w800dp h1207dp 160dpi xlrg port finger -keyb/v/h -nav/h s.29}
01-09 01:13:42.944  6798  6798 W ResourcesManager: Asset path '/system/framework/com.google.android.media.effects.jar' does not exist or contains no resources.
01-09 01:13:42.960  6798  6798 W ResourcesManager: Asset path '/system/framework/com.google.android.maps.jar' does not exist or contains no resources.
01-09 01:13:42.992  3938  5173 V WindowManager: Adding window Window{9d1d49c u0 com.google.android.googlequicksearchbox/com.google.android.launcher.GEL} at 1 of 8 (after Window{88215fd u0 com.android.systemui/com.android.systemui.recents.RecentsActivity})
01-09 01:13:43.065  3938  3979 I WindowManager: Screen frozen for +557ms due to AppWindowToken{2f1dce6f token=Token{ff0fd4e ActivityRecord{10703049 u0 com.google.android.googlequicksearchbox/com.google.android.launcher.GEL t4}}}
01-09 01:13:44.020  3938  4074 I PowerManagerService: Going to sleep due to power button (uid 1000)...
01-09 01:13:44.021  3938  3981 I PowerManagerService: Sleeping (uid 1000)...
01-09 01:13:44.574  3938  3979 I DisplayManagerService: Display device changed: DisplayDeviceInfo{"Built-in Screen": uniqueId="local:0", 1280 x 800, 60.000004 fps, supportedRefreshRates [60.000004, 60.000004], density 160, 160.0 x 160.0 dpi, appVsyncOff 7500000, presDeadline 12666666, touch INTERNAL, rotation 0, type BUILT_IN, state OFF, FLAG_DEFAULT_DISPLAY, FLAG_ROTATES_WITH_CONTENT, FLAG_SECURE, FLAG_SUPPORTS_PROTECTED_BUFFERS}
01-09 01:13:44.575  3938  3938 V ActivityManager: Display changed displayId=0
